<html>
<body>
<pre>
<h1>礦ision Build Log</h1>
<h2>Tool Versions:</h2>
IDE-Version: μVision V5.37.0.0
Copyright (C) 2022 ARM Ltd and ARM Germany GmbH. All rights reserved.
License Information: l k, 123, LIC=WHYH9-4IQSX-RAFDM-XCX0B-8YHSZ-L6VWP
 
Tool Versions:
Toolchain:       MDK-ARM Plus  Version: 5.37.0.0
Toolchain Path:  D:\Armkeil\ARM\Compiler_5.06u7\Bin
C Compiler:      Armcc.exe V5.06 update 7 (build 960)
Assembler:       Armasm.exe V5.06 update 7 (build 960)
Linker/Locator:  ArmLink.exe V5.06 update 7 (build 960)
Library Manager: ArmAr.exe V5.06 update 7 (build 960)
Hex Converter:   FromElf.exe V5.06 update 7 (build 960)
CPU DLL:         SARMCM3.DLL V5.37.0.0
Dialog DLL:      DCM.DLL V1.17.5.0
Target DLL:      CMSIS_AGDI.dll V1.33.12.0
Dialog DLL:      TCM.DLL V1.56.1.0
 
<h2>Project:</h2>
C:\Users\atmto\Desktop\tly\MDK-ARM\tly.uvprojx
Project File Date:  11/22/2022

<h2>Output:</h2>
*** Using Compiler 'V5.06 update 7 (build 960)', folder: 'D:\Armkeil\ARM\Compiler_5.06u7\Bin'
Build target 'tly'
compiling usart.c...
../Core/Inc/usart.h(52): warning:  #1295-D: Deprecated declaration Update_z - give arg types
  void Update_z();
../Core/Src/usart.c(143): warning:  #223-D: function "memcpy" declared implicitly
  			case 0x53:	memcpy(&stcAngle,&ucRxBuffer[2],8);break;//判断是否为角度的数据
../Core/Src/usart.c: 2 warnings, 0 errors
linking...
Program Size: Code=3978 RO-data=450 RW-data=28 ZI-data=1956  
FromELF: creating hex file...
"tly\tly.axf" - 0 Error(s), 2 Warning(s).

<h2>Software Packages used:</h2>

Package Vendor: ARM
                http://www.keil.com/pack/ARM.CMSIS.5.9.0.pack
                ARM.CMSIS.5.9.0
                CMSIS (Common Microcontroller Software Interface Standard)
   * Component: CORE Version: 5.6.0

Package Vendor: Keil
                http://www.keil.com/pack/Keil.STM32F4xx_DFP.2.16.0.pack
                Keil.STM32F4xx_DFP.2.16.0
                STMicroelectronics STM32F4 Series Device Support, Drivers and Examples

<h2>Collection of Component include folders:</h2>
  ./RTE/_tly
  D:/Armkeil/ARM/CMSIS/5.9.0/CMSIS/Core/Include
  D:/Armkeil/Keil/STM32F4xx_DFP/2.16.0/Drivers/CMSIS/Device/ST/STM32F4xx/Include

<h2>Collection of Component Files used:</h2>

   * Component: ARM::CMSIS:CORE:5.6.0
Build Time Elapsed:  00:00:02
</pre>
</body>
</html>
