Component: ARM Compiler 5.06 update 6 (build 750) Tool: armlink [4d35ed]

==============================================================================

Section Cross References

    startup_stm32f407xx.o(STACK) refers (Special) to heapauxi.o(.text) for __use_two_region_memory
    startup_stm32f407xx.o(HEAP) refers (Special) to heapauxi.o(.text) for __use_two_region_memory
    startup_stm32f407xx.o(RESET) refers (Special) to heapauxi.o(.text) for __use_two_region_memory
    startup_stm32f407xx.o(RESET) refers to startup_stm32f407xx.o(STACK) for __initial_sp
    startup_stm32f407xx.o(RESET) refers to startup_stm32f407xx.o(.text) for Reset_Handler
    startup_stm32f407xx.o(RESET) refers to stm32f4xx_it.o(i.NMI_Handler) for NMI_Handler
    startup_stm32f407xx.o(RESET) refers to stm32f4xx_it.o(i.HardFault_Handler) for HardFault_Handler
    startup_stm32f407xx.o(RESET) refers to stm32f4xx_it.o(i.MemManage_Handler) for MemManage_Handler
    startup_stm32f407xx.o(RESET) refers to stm32f4xx_it.o(i.BusFault_Handler) for BusFault_Handler
    startup_stm32f407xx.o(RESET) refers to stm32f4xx_it.o(i.UsageFault_Handler) for UsageFault_Handler
    startup_stm32f407xx.o(RESET) refers to port.o(.emb_text) for SVC_Handler
    startup_stm32f407xx.o(RESET) refers to stm32f4xx_it.o(i.DebugMon_Handler) for DebugMon_Handler
    startup_stm32f407xx.o(RESET) refers to stm32f4xx_it.o(i.SysTick_Handler) for SysTick_Handler
    startup_stm32f407xx.o(RESET) refers to stm32f4xx_it.o(i.CAN1_RX0_IRQHandler) for CAN1_RX0_IRQHandler
    startup_stm32f407xx.o(RESET) refers to stm32f4xx_it.o(i.USART1_IRQHandler) for USART1_IRQHandler
    startup_stm32f407xx.o(RESET) refers to stm32f4xx_it.o(i.USART2_IRQHandler) for USART2_IRQHandler
    startup_stm32f407xx.o(RESET) refers to stm32f4xx_it.o(i.USART3_IRQHandler) for USART3_IRQHandler
    startup_stm32f407xx.o(RESET) refers to stm32f4xx_it.o(i.UART4_IRQHandler) for UART4_IRQHandler
    startup_stm32f407xx.o(RESET) refers to stm32f4xx_it.o(i.UART5_IRQHandler) for UART5_IRQHandler
    startup_stm32f407xx.o(RESET) refers to stm32f4xx_it.o(i.DMA2_Stream2_IRQHandler) for DMA2_Stream2_IRQHandler
    startup_stm32f407xx.o(RESET) refers to stm32f4xx_it.o(i.CAN2_RX0_IRQHandler) for CAN2_RX0_IRQHandler
    startup_stm32f407xx.o(RESET) refers to stm32f4xx_it.o(i.USART6_IRQHandler) for USART6_IRQHandler
    startup_stm32f407xx.o(.text) refers (Special) to heapauxi.o(.text) for __use_two_region_memory
    startup_stm32f407xx.o(.text) refers to system_stm32f4xx.o(i.SystemInit) for SystemInit
    startup_stm32f407xx.o(.text) refers to __main.o(!!!main) for __main
    startup_stm32f407xx.o(.text) refers to startup_stm32f407xx.o(HEAP) for Heap_Mem
    startup_stm32f407xx.o(.text) refers to startup_stm32f407xx.o(STACK) for Stack_Mem
    main.o(i.SystemClock_Config) refers to rt_memclr_w.o(.text) for __aeabi_memclr4
    main.o(i.SystemClock_Config) refers to stm32f4xx_hal_rcc.o(i.HAL_RCC_OscConfig) for HAL_RCC_OscConfig
    main.o(i.SystemClock_Config) refers to stm32f4xx_hal_rcc.o(i.HAL_RCC_ClockConfig) for HAL_RCC_ClockConfig
    main.o(i.main) refers to stm32f4xx_hal.o(i.HAL_Init) for HAL_Init
    main.o(i.main) refers to main.o(i.SystemClock_Config) for SystemClock_Config
    main.o(i.main) refers to gpio.o(i.MX_GPIO_Init) for MX_GPIO_Init
    main.o(i.main) refers to dma.o(i.MX_DMA_Init) for MX_DMA_Init
    main.o(i.main) refers to can.o(i.MX_CAN1_Init) for MX_CAN1_Init
    main.o(i.main) refers to can.o(i.MX_CAN2_Init) for MX_CAN2_Init
    main.o(i.main) refers to usart.o(i.MX_USART1_UART_Init) for MX_USART1_UART_Init
    main.o(i.main) refers to usart.o(i.MX_USART2_UART_Init) for MX_USART2_UART_Init
    main.o(i.main) refers to usart.o(i.MX_USART6_UART_Init) for MX_USART6_UART_Init
    main.o(i.main) refers to usart.o(i.MX_UART5_Init) for MX_UART5_Init
    main.o(i.main) refers to usart.o(i.MX_USART3_UART_Init) for MX_USART3_UART_Init
    main.o(i.main) refers to usart.o(i.MX_UART4_Init) for MX_UART4_Init
    main.o(i.main) refers to bsp_can.o(i.CAN1_Filter_Init) for CAN1_Filter_Init
    main.o(i.main) refers to bsp_can.o(i.CAN2_Filter_Init) for CAN2_Filter_Init
    main.o(i.main) refers to bsp_can.o(i.CAN_Start) for CAN_Start
    main.o(i.main) refers to pid_user.o(i.PID_devices_Init) for PID_devices_Init
    main.o(i.main) refers to stm32f4xx_hal_uart.o(i.HAL_UART_Receive_IT) for HAL_UART_Receive_IT
    main.o(i.main) refers to freertos.o(i.MX_FREERTOS_Init) for MX_FREERTOS_Init
    main.o(i.main) refers to cmsis_os.o(i.osKernelStart) for osKernelStart
    main.o(i.main) refers to can.o(.bss) for hcan1
    main.o(i.main) refers to stm32f4xx_it.o(.data) for rx_buf_from_Actuator
    main.o(i.main) refers to usart.o(.bss) for huart2
    gpio.o(i.MX_GPIO_Init) refers to rt_memclr_w.o(.text) for __aeabi_memclr4
    gpio.o(i.MX_GPIO_Init) refers to stm32f4xx_hal_gpio.o(i.HAL_GPIO_WritePin) for HAL_GPIO_WritePin
    gpio.o(i.MX_GPIO_Init) refers to stm32f4xx_hal_gpio.o(i.HAL_GPIO_Init) for HAL_GPIO_Init
[...]
    __cxa_finalize                            - Undefined Weak Reference
    __rt_locale                               - Undefined Weak Reference
    __sigvec_lookup                           - Undefined Weak Reference
    _atexit_init                              - Undefined Weak Reference
    _call_atexit_fns                          - Undefined Weak Reference
    _clock_init                               - Undefined Weak Reference
    _fp_trap_init                             - Undefined Weak Reference
    _fp_trap_shutdown                         - Undefined Weak Reference
    _get_lc_collate                           - Undefined Weak Reference
    _get_lc_ctype                             - Undefined Weak Reference
    _get_lc_monetary                          - Undefined Weak Reference
    _get_lc_numeric                           - Undefined Weak Reference
    _get_lc_time                              - Undefined Weak Reference
    _getenv_init                              - Undefined Weak Reference
    _handle_redirection                       - Undefined Weak Reference
    _init_alloc                               - Undefined Weak Reference
    _init_user_alloc                          - Undefined Weak Reference
    _initio                                   - Undefined Weak Reference
    _rand_init                                - Undefined Weak Reference
    _signal_finish                            - Undefined Weak Reference
    _signal_init                              - Undefined Weak Reference
    _terminate_alloc                          - Undefined Weak Reference
    _terminate_user_alloc                     - Undefined Weak Reference
    _terminateio                              - Undefined Weak Reference
    __Vectors_Size                           0x00000188   Number         0  startup_stm32f407xx.o ABSOLUTE
    __Vectors                                0x08000000   Data           4  startup_stm32f407xx.o(RESET)
    __Vectors_End                            0x08000188   Data           0  startup_stm32f407xx.o(RESET)
    __main                                   0x08000189   Thumb Code     8  __main.o(!!!main)
    __scatterload                            0x08000191   Thumb Code     0  __scatter.o(!!!scatter)
    __scatterload_rt2                        0x08000191   Thumb Code    44  __scatter.o(!!!scatter)
    __scatterload_rt2_thumb_only             0x08000191   Thumb Code     0  __scatter.o(!!!scatter)
    __scatterload_null                       0x0800019f   Thumb Code     0  __scatter.o(!!!scatter)
    __decompress                             0x080001c5   Thumb Code    90  __dczerorl2.o(!!dczerorl2)
    __decompress1                            0x080001c5   Thumb Code     0  __dczerorl2.o(!!dczerorl2)
    __scatterload_zeroinit                   0x08000221   Thumb Code    28  __scatter_zi.o(!!handler_zi)
    __rt_lib_init                            0x0800023d   Thumb Code     0  libinit.o(.ARM.Collect$$libinit$$00000000)
    __rt_lib_init_fp_1                       0x0800023f   Thumb Code     0  libinit2.o(.ARM.Collect$$libinit$$00000001)
    __rt_lib_init_alloca_1                   0x08000243   Thumb Code     0  libinit2.o(.ARM.Collect$$libinit$$0000002E)
    __rt_lib_init_argv_1                     0x08000243   Thumb Code     0  libinit2.o(.ARM.Collect$$libinit$$0000002C)
    __rt_lib_init_atexit_1                   0x08000243   Thumb Code     0  libinit2.o(.ARM.Collect$$libinit$$0000001B)
    __rt_lib_init_clock_1                    0x08000243   Thumb Code     0  libinit2.o(.ARM.Collect$$libinit$$00000021)
    __rt_lib_init_cpp_1                      0x08000243   Thumb Code     0  libinit2.o(.ARM.Collect$$libinit$$00000032)
    __rt_lib_init_exceptions_1               0x08000243   Thumb Code     0  libinit2.o(.ARM.Collect$$libinit$$00000030)
    __rt_lib_init_fp_trap_1                  0x08000243   Thumb Code     0  libinit2.o(.ARM.Collect$$libinit$$0000001F)
    __rt_lib_init_getenv_1                   0x08000243   Thumb Code     0  libinit2.o(.ARM.Collect$$libinit$$00000023)
    __rt_lib_init_heap_1                     0x08000243   Thumb Code     0  libinit2.o(.ARM.Collect$$libinit$$0000000A)
    __rt_lib_init_lc_collate_1               0x08000243   Thumb Code     0  libinit2.o(.ARM.Collect$$libinit$$00000011)
    __rt_lib_init_lc_ctype_1                 0x08000243   Thumb Code     0  libinit2.o(.ARM.Collect$$libinit$$00000013)
    __rt_lib_init_lc_monetary_1              0x08000243   Thumb Code     0  libinit2.o(.ARM.Collect$$libinit$$00000015)
    __rt_lib_init_lc_numeric_1               0x08000243   Thumb Code     0  libinit2.o(.ARM.Collect$$libinit$$00000017)
    __rt_lib_init_lc_time_1                  0x08000243   Thumb Code     0  libinit2.o(.ARM.Collect$$libinit$$00000019)
    __rt_lib_init_preinit_1                  0x08000243   Thumb Code     0  libinit2.o(.ARM.Collect$$libinit$$00000004)
    __rt_lib_init_rand_1                     0x08000243   Thumb Code     0  libinit2.o(.ARM.Collect$$libinit$$0000000E)
    __rt_lib_init_return                     0x08000243   Thumb Code     0  libinit2.o(.ARM.Collect$$libinit$$00000033)
    __rt_lib_init_signal_1                   0x08000243   Thumb Code     0  libinit2.o(.ARM.Collect$$libinit$$0000001D)
    __rt_lib_init_stdio_1                    0x08000243   Thumb Code     0  libinit2.o(.ARM.Collect$$libinit$$00000025)
    __rt_lib_init_user_alloc_1               0x08000243   Thumb Code     0  libinit2.o(.ARM.Collect$$libinit$$0000000C)
    __rt_lib_shutdown                        0x08000245   Thumb Code     0  libshutdown.o(.ARM.Collect$$libshutdown$$00000000)
    __rt_lib_shutdown_cpp_1                  0x08000247   Thumb Code     0  libshutdown2.o(.ARM.Collect$$libshutdown$$00000002)
    __rt_lib_shutdown_fp_trap_1              0x08000247   Thumb Code     0  libshutdown2.o(.ARM.Collect$$libshutdown$$00000007)
    __rt_lib_shutdown_heap_1                 0x08000247   Thumb Code     0  libshutdown2.o(.ARM.Collect$$libshutdown$$0000000F)
    __rt_lib_shutdown_return                 0x08000247   Thumb Code     0  libshutdown2.o(.ARM.Collect$$libshutdown$$00000010)
    __rt_lib_shutdown_signal_1               0x08000247   Thumb Code     0  libshutdown2.o(.ARM.Collect$$libshutdown$$0000000A)
    __rt_lib_shutdown_stdio_1                0x08000247   Thumb Code     0  libshutdown2.o(.ARM.Collect$$libshutdown$$00000004)
    __rt_lib_shutdown_user_alloc_1           0x08000247   Thumb Code     0  libshutdown2.o(.ARM.Collect$$libshutdown$$0000000C)
    __rt_entry                               0x08000249   Thumb Code     0  __rtentry.o(.ARM.Collect$$rtentry$$00000000)
    __rt_entry_presh_1                       0x08000249   Thumb Code     0  __rtentry2.o(.ARM.Collect$$rtentry$$00000002)
    __rt_entry_sh                            0x08000249   Thumb Code     0  __rtentry4.o(.ARM.Collect$$rtentry$$00000004)
    __rt_entry_li                            0x0800024f   Thumb Code     0  __rtentry2.o(.ARM.Collect$$rtentry$$0000000A)
    __rt_entry_postsh_1                      0x0800024f   Thumb Code     0  __rtentry2.o(.ARM.Collect$$rtentry$$00000009)
    __rt_entry_main                          0x08000253   Thumb Code     0  __rtentry2.o(.ARM.Collect$$rtentry$$0000000D)
    __rt_entry_postli_1                      0x08000253   Thumb Code     0  __rtentry2.o(.ARM.Collect$$rtentry$$0000000C)
    __rt_exit                                0x0800025b   Thumb Code     0  rtexit.o(.ARM.Collect$$rtexit$$00000000)
    __rt_exit_ls                             0x0800025d   Thumb Code     0  rtexit2.o(.ARM.Collect$$rtexit$$00000003)
    __rt_exit_prels_1                        0x0800025d   Thumb Code     0  rtexit2.o(.ARM.Collect$$rtexit$$00000002)
    __rt_exit_exit                           0x08000261   Thumb Code     0  rtexit2.o(.ARM.Collect$$rtexit$$00000004)
    SVC_Handler                              0x08000269   Thumb Code    28  port.o(.emb_text)
    __asm___6_port_c_39a90d8d__prvStartFirstTask 0x08000289   Thumb Code    36  port.o(.emb_text)
    __asm___6_port_c_39a90d8d__prvEnableVFP  0x080002b1   Thumb Code    16  port.o(.emb_text)
    PendSV_Handler                           0x080002c5   Thumb Code    88  port.o(.emb_text)
    vPortGetIPSR                             0x08000321   Thumb Code     6  port.o(.emb_text)
    Reset_Handler                            0x08000329   Thumb Code     8  startup_stm32f407xx.o(.text)
    ADC_IRQHandler                           0x08000343   Thumb Code     0  startup_stm32f407xx.o(.text)
    CAN1_RX1_IRQHandler                      0x08000343   Thumb Code     0  startup_stm32f407xx.o(.text)
    CAN1_SCE_IRQHandler                      0x08000343   Thumb Code     0  startup_stm32f407xx.o(.text)
    CAN1_TX_IRQHandler                       0x08000343   Thumb Code     0  startup_stm32f407xx.o(.text)
    CAN2_RX1_IRQHandler                      0x08000343   Thumb Code     0  startup_stm32f407xx.o(.text)
    CAN2_SCE_IRQHandler                      0x08000343   Thumb Code     0  startup_stm32f407xx.o(.text)
    CAN2_TX_IRQHandler                       0x08000343   Thumb Code     0  startup_stm32f407xx.o(.text)
    DCMI_IRQHandler                          0x08000343   Thumb Code     0  startup_stm32f407xx.o(.text)
    DMA1_Stream0_IRQHandler                  0x08000343   Thumb Code     0  startup_stm32f407xx.o(.text)
    DMA1_Stream1_IRQHandler                  0x08000343   Thumb Code     0  startup_stm32f407xx.o(.text)
    DMA1_Stream2_IRQHandler                  0x08000343   Thumb Code     0  startup_stm32f407xx.o(.text)
    DMA1_Stream3_IRQHandler                  0x08000343   Thumb Code     0  startup_stm32f407xx.o(.text)
    DMA1_Stream4_IRQHandler                  0x08000343   Thumb Code     0  startup_stm32f407xx.o(.text)
    DMA1_Stream5_IRQHandler                  0x08000343   Thumb Code     0  startup_stm32f407xx.o(.text)
    DMA1_Stream6_IRQHandler                  0x08000343   Thumb Code     0  startup_stm32f407xx.o(.text)
    DMA1_Stream7_IRQHandler                  0x08000343   Thumb Code     0  startup_stm32f407xx.o(.text)
    DMA2_Stream0_IRQHandler                  0x08000343   Thumb Code     0  startup_stm32f407xx.o(.text)
    DMA2_Stream1_IRQHandler                  0x08000343   Thumb Code     0  startup_stm32f407xx.o(.text)
    DMA2_Stream3_IRQHandler                  0x08000343   Thumb Code     0  startup_stm32f407xx.o(.text)
    DMA2_Stream4_IRQHandler                  0x08000343   Thumb Code     0  startup_stm32f407xx.o(.text)
    DMA2_Stream5_IRQHandler                  0x08000343   Thumb Code     0  startup_stm32f407xx.o(.text)
    DMA2_Stream6_IRQHandler                  0x08000343   Thumb Code     0  startup_stm32f407xx.o(.text)
    DMA2_Stream7_IRQHandler                  0x08000343   Thumb Code     0  startup_stm32f407xx.o(.text)
    ETH_IRQHandler                           0x08000343   Thumb Code     0  startup_stm32f407xx.o(.text)
    ETH_WKUP_IRQHandler                      0x08000343   Thumb Code     0  startup_stm32f407xx.o(.text)
    EXTI0_IRQHandler                         0x08000343   Thumb Code     0  startup_stm32f407xx.o(.text)
    EXTI15_10_IRQHandler                     0x08000343   Thumb Code     0  startup_stm32f407xx.o(.text)
    EXTI1_IRQHandler                         0x08000343   Thumb Code     0  startup_stm32f407xx.o(.text)
    EXTI2_IRQHandler                         0x08000343   Thumb Code     0  startup_stm32f407xx.o(.text)
    EXTI3_IRQHandler                         0x08000343   Thumb Code     0  startup_stm32f407xx.o(.text)
    EXTI4_IRQHandler                         0x08000343   Thumb Code     0  startup_stm32f407xx.o(.text)
    EXTI9_5_IRQHandler                       0x08000343   Thumb Code     0  startup_stm32f407xx.o(.text)
    FLASH_IRQHandler                         0x08000343   Thumb Code     0  startup_stm32f407xx.o(.text)
    FMC_IRQHandler                           0x08000343   Thumb Code     0  startup_stm32f407xx.o(.text)
    FPU_IRQHandler                           0x08000343   Thumb Code     0  startup_stm32f407xx.o(.text)
    HASH_RNG_IRQHandler                      0x08000343   Thumb Code     0  startup_stm32f407xx.o(.text)
    I2C1_ER_IRQHandler                       0x08000343   Thumb Code     0  startup_stm32f407xx.o(.text)
    I2C1_EV_IRQHandler                       0x08000343   Thumb Code     0  startup_stm32f407xx.o(.text)
    I2C2_ER_IRQHandler                       0x08000343   Thumb Code     0  startup_stm32f407xx.o(.text)
    I2C2_EV_IRQHandler                       0x08000343   Thumb Code     0  startup_stm32f407xx.o(.text)
    I2C3_ER_IRQHandler                       0x08000343   Thumb Code     0  startup_stm32f407xx.o(.text)
    I2C3_EV_IRQHandler                       0x08000343   Thumb Code     0  startup_stm32f407xx.o(.text)
    OTG_FS_IRQHandler                        0x08000343   Thumb Code     0  startup_stm32f407xx.o(.text)
    OTG_FS_WKUP_IRQHandler                   0x08000343   Thumb Code     0  startup_stm32f407xx.o(.text)
    OTG_HS_EP1_IN_IRQHandler                 0x08000343   Thumb Code     0  startup_stm32f407xx.o(.text)
    OTG_HS_EP1_OUT_IRQHandler                0x08000343   Thumb Code     0  startup_stm32f407xx.o(.text)
    OTG_HS_IRQHandler                        0x08000343   Thumb Code     0  startup_stm32f407xx.o(.text)
    OTG_HS_WKUP_IRQHandler                   0x08000343   Thumb Code     0  startup_stm32f407xx.o(.text)
    PVD_IRQHandler                           0x08000343   Thumb Code     0  startup_stm32f407xx.o(.text)
    RCC_IRQHandler                           0x08000343   Thumb Code     0  startup_stm32f407xx.o(.text)
    RTC_Alarm_IRQHandler                     0x08000343   Thumb Code     0  startup_stm32f407xx.o(.text)
    RTC_WKUP_IRQHandler                      0x08000343   Thumb Code     0  startup_stm32f407xx.o(.text)
    SDIO_IRQHandler                          0x08000343   Thumb Code     0  startup_stm32f407xx.o(.text)
    SPI1_IRQHandler                          0x08000343   Thumb Code     0  startup_stm32f407xx.o(.text)
    SPI2_IRQHandler                          0x08000343   Thumb Code     0  startup_stm32f407xx.o(.text)
    SPI3_IRQHandler                          0x08000343   Thumb Code     0  startup_stm32f407xx.o(.text)
    TAMP_STAMP_IRQHandler                    0x08000343   Thumb Code     0  startup_stm32f407xx.o(.text)
    TIM1_BRK_TIM9_IRQHandler                 0x08000343   Thumb Code     0  startup_stm32f407xx.o(.text)
    TIM1_CC_IRQHandler                       0x08000343   Thumb Code     0  startup_stm32f407xx.o(.text)
    TIM1_TRG_COM_TIM11_IRQHandler            0x08000343   Thumb Code     0  startup_stm32f407xx.o(.text)
    TIM1_UP_TIM10_IRQHandler                 0x08000343   Thumb Code     0  startup_stm32f407xx.o(.text)
    TIM2_IRQHandler                          0x08000343   Thumb Code     0  startup_stm32f407xx.o(.text)
    TIM3_IRQHandler                          0x08000343   Thumb Code     0  startup_stm32f407xx.o(.text)
    TIM4_IRQHandler                          0x08000343   Thumb Code     0  startup_stm32f407xx.o(.text)
    TIM5_IRQHandler                          0x08000343   Thumb Code     0  startup_stm32f407xx.o(.text)
    TIM6_DAC_IRQHandler                      0x08000343   Thumb Code     0  startup_stm32f407xx.o(.text)
    TIM7_IRQHandler                          0x08000343   Thumb Code     0  startup_stm32f407xx.o(.text)
    TIM8_BRK_TIM12_IRQHandler                0x08000343   Thumb Code     0  startup_stm32f407xx.o(.text)
    TIM8_CC_IRQHandler                       0x08000343   Thumb Code     0  startup_stm32f407xx.o(.text)
    TIM8_TRG_COM_TIM14_IRQHandler            0x08000343   Thumb Code     0  startup_stm32f407xx.o(.text)
    TIM8_UP_TIM13_IRQHandler                 0x08000343   Thumb Code     0  startup_stm32f407xx.o(.text)
    WWDG_IRQHandler                          0x08000343   Thumb Code     0  startup_stm32f407xx.o(.text)
    __user_initial_stackheap                 0x08000345   Thumb Code     0  startup_stm32f407xx.o(.text)
    __aeabi_uldivmod                         0x08000369   Thumb Code     0  lludivv7m.o(.text)
    _ll_udiv                                 0x08000369   Thumb Code   238  lludivv7m.o(.text)
    __aeabi_memcpy4                          0x08000457   Thumb Code     0  rt_memcpy_w.o(.text)
    __aeabi_memcpy8                          0x08000457   Thumb Code     0  rt_memcpy_w.o(.text)
    __rt_memcpy_w                            0x08000457   Thumb Code   100  rt_memcpy_w.o(.text)
    _memcpy_lastbytes_aligned                0x0800049f   Thumb Code     0  rt_memcpy_w.o(.text)
    __aeabi_memclr4                          0x080004bb   Thumb Code     0  rt_memclr_w.o(.text)
    __aeabi_memclr8                          0x080004bb   Thumb Code     0  rt_memclr_w.o(.text)
    __rt_memclr_w                            0x080004bb   Thumb Code    78  rt_memclr_w.o(.text)
    _memset_w                                0x080004bf   Thumb Code     0  rt_memclr_w.o(.text)
    __use_two_region_memory                  0x08000509   Thumb Code     2  heapauxi.o(.text)
    __rt_heap_escrow$2region                 0x0800050b   Thumb Code     2  heapauxi.o(.text)
    __rt_heap_expand$2region                 0x0800050d   Thumb Code     2  heapauxi.o(.text)
    __read_errno                             0x0800050f   Thumb Code    10  _rserrno.o(.text)
    __set_errno                              0x08000519   Thumb Code    12  _rserrno.o(.text)
    __aeabi_errno_addr                       0x08000525   Thumb Code     8  rt_errno_addr_intlibspace.o(.text)
    __errno$intlibspace                      0x08000525   Thumb Code     0  rt_errno_addr_intlibspace.o(.text)
    __rt_errno_addr$intlibspace              0x08000525   Thumb Code     0  rt_errno_addr_intlibspace.o(.text)
    __user_libspace                          0x0800052d   Thumb Code     8  libspace.o(.text)
    __user_perproc_libspace                  0x0800052d   Thumb Code     0  libspace.o(.text)
    __user_perthread_libspace                0x0800052d   Thumb Code     0  libspace.o(.text)
    __user_setup_stackheap                   0x08000535   Thumb Code    74  sys_stackheap_outer.o(.text)
    exit                                     0x0800057f   Thumb Code    18  exit.o(.text)
    _sys_exit                                0x08000591   Thumb Code     8  sys_exit.o(.text)
    __I$use$semihosting                      0x0800059d   Thumb Code     0  use_no_semi.o(.text)
    __use_no_semihosting_swi                 0x0800059d   Thumb Code     2  use_no_semi.o(.text)
    BusFault_Handler                         0x0800059f   Thumb Code     2  stm32f4xx_it.o(i.BusFault_Handler)
    __semihosting_library_function           0x0800059f   Thumb Code     0  indicate_semi.o(.text)
    CAN1_Filter_Init                         0x080005a1   Thumb Code    38  bsp_can.o(i.CAN1_Filter_Init)
    CAN1_RX0_IRQHandler                      0x080005cd   Thumb Code     6  stm32f4xx_it.o(i.CAN1_RX0_IRQHandler)
    CAN2_Filter_Init                         0x080005d9   Thumb Code    42  bsp_can.o(i.CAN2_Filter_Init)
    CAN2_RX0_IRQHandler                      0x08000609   Thumb Code     6  stm32f4xx_it.o(i.CAN2_RX0_IRQHandler)
    CAN_Start                                0x08000615   Thumb Code    30  bsp_can.o(i.CAN_Start)
    CRC16_Check                              0x08000635   Thumb Code    54  data_pack.o(i.CRC16_Check)
    DMA2_Stream2_IRQHandler                  0x0800066d   Thumb Code     6  stm32f4xx_it.o(i.DMA2_Stream2_IRQHandler)
    Data_AnalysisfromActuator                0x080006f5   Thumb Code    24  data_pack.o(i.Data_AnalysisfromActuator)
    Data_AnalysisfromMapan                   0x08000715   Thumb Code    82  data_pack.o(i.Data_AnalysisfromMapan)
    DebugMon_Handler                         0x08000771   Thumb Code     2  stm32f4xx_it.o(i.DebugMon_Handler)
    Error_Handler                            0x08000773   Thumb Code     4  main.o(i.Error_Handler)
    Formula                                  0x08000779   Thumb Code   570  chassis.o(i.Formula)
    Formula_World2Robo                       0x080009e9   Thumb Code   108  chassis.o(i.Formula_World2Robo)
    Gyro_action                              0x08000a55   Thumb Code   102  task1.o(i.Gyro_action)
    HAL_CAN_ActivateNotification             0x08000ad5   Thumb Code    36  stm32f4xx_hal_can.o(i.HAL_CAN_ActivateNotification)
    HAL_CAN_AddTxMessage                     0x08000af9   Thumb Code   200  stm32f4xx_hal_can.o(i.HAL_CAN_AddTxMessage)
    HAL_CAN_ConfigFilter                     0x08000bc1   Thumb Code   262  stm32f4xx_hal_can.o(i.HAL_CAN_ConfigFilter)
    HAL_CAN_ErrorCallback                    0x08000ccd   Thumb Code     2  stm32f4xx_hal_can.o(i.HAL_CAN_ErrorCallback)
    HAL_CAN_GetRxMessage                     0x08000ccf   Thumb Code   232  stm32f4xx_hal_can.o(i.HAL_CAN_GetRxMessage)
    HAL_CAN_IRQHandler                       0x08000db7   Thumb Code   508  stm32f4xx_hal_can.o(i.HAL_CAN_IRQHandler)
    HAL_CAN_Init                             0x08000fb3   Thumb Code   282  stm32f4xx_hal_can.o(i.HAL_CAN_Init)
    HAL_CAN_MspInit                          0x080010cd   Thumb Code   232  can.o(i.HAL_CAN_MspInit)
    HAL_CAN_RxFifo0FullCallback              0x080011cd   Thumb Code     2  stm32f4xx_hal_can.o(i.HAL_CAN_RxFifo0FullCallback)
    HAL_CAN_RxFifo0MsgPendingCallback        0x080011d1   Thumb Code   240  can_receive.o(i.HAL_CAN_RxFifo0MsgPendingCallback)
    HAL_CAN_RxFifo1FullCallback              0x080012d1   Thumb Code     2  stm32f4xx_hal_can.o(i.HAL_CAN_RxFifo1FullCallback)
    HAL_CAN_RxFifo1MsgPendingCallback        0x080012d3   Thumb Code     2  stm32f4xx_hal_can.o(i.HAL_CAN_RxFifo1MsgPendingCallback)
    HAL_CAN_SleepCallback                    0x080012d5   Thumb Code     2  stm32f4xx_hal_can.o(i.HAL_CAN_SleepCallback)
    HAL_CAN_Start                            0x080012d9   Thumb Code    88  stm32f4xx_hal_can.o(i.HAL_CAN_Start)
    HAL_CAN_TxMailbox0AbortCallback          0x08001331   Thumb Code     2  stm32f4xx_hal_can.o(i.HAL_CAN_TxMailbox0AbortCallback)
    HAL_CAN_TxMailbox0CompleteCallback       0x08001333   Thumb Code     2  stm32f4xx_hal_can.o(i.HAL_CAN_TxMailbox0CompleteCallback)
    HAL_CAN_TxMailbox1AbortCallback          0x08001335   Thumb Code     2  stm32f4xx_hal_can.o(i.HAL_CAN_TxMailbox1AbortCallback)
    HAL_CAN_TxMailbox1CompleteCallback       0x08001337   Thumb Code     2  stm32f4xx_hal_can.o(i.HAL_CAN_TxMailbox1CompleteCallback)
    HAL_CAN_TxMailbox2AbortCallback          0x08001339   Thumb Code     2  stm32f4xx_hal_can.o(i.HAL_CAN_TxMailbox2AbortCallback)
    HAL_CAN_TxMailbox2CompleteCallback       0x0800133b   Thumb Code     2  stm32f4xx_hal_can.o(i.HAL_CAN_TxMailbox2CompleteCallback)
    HAL_CAN_WakeUpFromRxMsgCallback          0x0800133d   Thumb Code     2  stm32f4xx_hal_can.o(i.HAL_CAN_WakeUpFromRxMsgCallback)
    HAL_DMA_Abort                            0x0800133f   Thumb Code   146  stm32f4xx_hal_dma.o(i.HAL_DMA_Abort)
    HAL_DMA_Abort_IT                         0x080013d1   Thumb Code    36  stm32f4xx_hal_dma.o(i.HAL_DMA_Abort_IT)
    HAL_DMA_IRQHandler                       0x080013f5   Thumb Code   412  stm32f4xx_hal_dma.o(i.HAL_DMA_IRQHandler)
    HAL_DMA_Init                             0x08001595   Thumb Code   206  stm32f4xx_hal_dma.o(i.HAL_DMA_Init)
    HAL_GPIO_Init                            0x08001669   Thumb Code   450  stm32f4xx_hal_gpio.o(i.HAL_GPIO_Init)
    HAL_GPIO_TogglePin                       0x08001859   Thumb Code    16  stm32f4xx_hal_gpio.o(i.HAL_GPIO_TogglePin)
    HAL_GPIO_WritePin                        0x08001869   Thumb Code    10  stm32f4xx_hal_gpio.o(i.HAL_GPIO_WritePin)
    HAL_GetTick                              0x08001875   Thumb Code     6  stm32f4xx_hal.o(i.HAL_GetTick)
    HAL_IncTick                              0x08001881   Thumb Code    12  stm32f4xx_hal.o(i.HAL_IncTick)
    HAL_Init                                 0x08001891   Thumb Code    48  stm32f4xx_hal.o(i.HAL_Init)
    HAL_InitTick                             0x080018c5   Thumb Code    54  stm32f4xx_hal.o(i.HAL_InitTick)
    HAL_MspInit                              0x08001905   Thumb Code    52  stm32f4xx_hal_msp.o(i.HAL_MspInit)
    HAL_NVIC_EnableIRQ                       0x0800193d   Thumb Code    26  stm32f4xx_hal_cortex.o(i.HAL_NVIC_EnableIRQ)
    HAL_NVIC_SetPriority                     0x08001959   Thumb Code    60  stm32f4xx_hal_cortex.o(i.HAL_NVIC_SetPriority)
    HAL_NVIC_SetPriorityGrouping             0x08001999   Thumb Code    26  stm32f4xx_hal_cortex.o(i.HAL_NVIC_SetPriorityGrouping)
    HAL_RCC_ClockConfig                      0x080019bd   Thumb Code   288  stm32f4xx_hal_rcc.o(i.HAL_RCC_ClockConfig)
    HAL_RCC_GetPCLK1Freq                     0x08001af1   Thumb Code    20  stm32f4xx_hal_rcc.o(i.HAL_RCC_GetPCLK1Freq)
    HAL_RCC_GetPCLK2Freq                     0x08001b11   Thumb Code    20  stm32f4xx_hal_rcc.o(i.HAL_RCC_GetPCLK2Freq)
    HAL_RCC_GetSysClockFreq                  0x08001b31   Thumb Code    88  stm32f4xx_hal_rcc.o(i.HAL_RCC_GetSysClockFreq)
    HAL_RCC_OscConfig                        0x08001b95   Thumb Code   856  stm32f4xx_hal_rcc.o(i.HAL_RCC_OscConfig)
    HAL_SYSTICK_Config                       0x08001f01   Thumb Code    40  stm32f4xx_hal_cortex.o(i.HAL_SYSTICK_Config)
    HAL_UARTEx_RxEventCallback               0x08001f29   Thumb Code     2  stm32f4xx_hal_uart.o(i.HAL_UARTEx_RxEventCallback)
    HAL_UART_ErrorCallback                   0x08001f2b   Thumb Code     2  stm32f4xx_hal_uart.o(i.HAL_UART_ErrorCallback)
    HAL_UART_IRQHandler                      0x08001f2d   Thumb Code   610  stm32f4xx_hal_uart.o(i.HAL_UART_IRQHandler)
    HAL_UART_Init                            0x08002195   Thumb Code    98  stm32f4xx_hal_uart.o(i.HAL_UART_Init)
    HAL_UART_MspInit                         0x080021f9   Thumb Code   594  usart.o(i.HAL_UART_MspInit)
    HAL_UART_Receive_IT                      0x08002481   Thumb Code    42  stm32f4xx_hal_uart.o(i.HAL_UART_Receive_IT)
    HAL_UART_RxCpltCallback                  0x080024ab   Thumb Code     2  stm32f4xx_hal_uart.o(i.HAL_UART_RxCpltCallback)
    HAL_UART_Transmit                        0x080024ad   Thumb Code   178  stm32f4xx_hal_uart.o(i.HAL_UART_Transmit)
    HAL_UART_TxCpltCallback                  0x0800255f   Thumb Code     2  stm32f4xx_hal_uart.o(i.HAL_UART_TxCpltCallback)
    HEX_FastConti_Meas_Cmd                   0x08002561   Thumb Code    26  l1s.o(i.HEX_FastConti_Meas_Cmd)
    HardFault_Handler                        0x08002585   Thumb Code     2  stm32f4xx_it.o(i.HardFault_Handler)
    L1S_move_postion                         0x08002589   Thumb Code   120  task1.o(i.L1S_move_postion)
    MX_CAN1_Init                             0x08002621   Thumb Code    60  can.o(i.MX_CAN1_Init)
    MX_CAN2_Init                             0x08002665   Thumb Code    60  can.o(i.MX_CAN2_Init)
    MX_DMA_Init                              0x080026a9   Thumb Code    40  dma.o(i.MX_DMA_Init)
    MX_FREERTOS_Init                         0x080026d5   Thumb Code   206  freertos.o(i.MX_FREERTOS_Init)
    MX_GPIO_Init                             0x080027ad   Thumb Code   280  gpio.o(i.MX_GPIO_Init)
    MX_UART4_Init                            0x080028d9   Thumb Code    48  usart.o(i.MX_UART4_Init)
    MX_UART5_Init                            0x08002911   Thumb Code    48  usart.o(i.MX_UART5_Init)
    MX_USART1_UART_Init                      0x08002949   Thumb Code    50  usart.o(i.MX_USART1_UART_Init)
    MX_USART2_UART_Init                      0x08002989   Thumb Code    48  usart.o(i.MX_USART2_UART_Init)
    MX_USART3_UART_Init                      0x080029c1   Thumb Code    48  usart.o(i.MX_USART3_UART_Init)
    MX_USART6_UART_Init                      0x080029f9   Thumb Code    48  usart.o(i.MX_USART6_UART_Init)
    Mapan_Init                               0x08002a31   Thumb Code    24  task1.o(i.Mapan_Init)
    Mapan_move_postion                       0x08002a49   Thumb Code   158  task1.o(i.Mapan_move_postion)
    MemManage_Handler                        0x08002b05   Thumb Code     2  stm32f4xx_it.o(i.MemManage_Handler)
    NMI_Handler                              0x08002b07   Thumb Code     2  stm32f4xx_it.o(i.NMI_Handler)
    PID_calc                                 0x08002b09   Thumb Code   292  pid.o(i.PID_calc)
    PID_calc_6020_postion                    0x08002c31   Thumb Code   332  pid.o(i.PID_calc_6020_postion)
    PID_call_6020                            0x08002d8d   Thumb Code    18  pid_user.o(i.PID_call_6020)
    PID_devices_Init                         0x08002da1   Thumb Code   284  pid_user.o(i.PID_devices_Init)
    PID_init                                 0x08002ee5   Thumb Code    88  pid.o(i.PID_init)
    PID_position_6020                        0x08002f41   Thumb Code    52  pid_user.o(i.PID_position_6020)
    PID_position_L1S_jiaozhun                0x08002f7d   Thumb Code    44  pid_user.o(i.PID_position_L1S_jiaozhun)
    PID_position_L1S_x                       0x08002fbd   Thumb Code   220  pid_user.o(i.PID_position_L1S_x)
    PID_position_L1S_y                       0x080030bd   Thumb Code   220  pid_user.o(i.PID_position_L1S_y)
    PID_position_Mapan_x                     0x080031bd   Thumb Code    30  pid_user.o(i.PID_position_Mapan_x)
    PID_position_Mapan_y                     0x080031e5   Thumb Code    30  pid_user.o(i.PID_position_Mapan_y)
    PID_position_chassis_omega1              0x0800320d   Thumb Code    54  pid_user.o(i.PID_position_chassis_omega1)
    PID_velocity_realize_6020                0x08003255   Thumb Code    52  pid_user.o(i.PID_velocity_realize_6020)
    PID_velocity_realize_chassis_3508        0x08003291   Thumb Code    52  pid_user.o(i.PID_velocity_realize_chassis_3508)
    ReceivefromActuator                      0x080032cd   Thumb Code   208  data_pack.o(i.ReceivefromActuator)
    ReceivefromMapan                         0x080033a5   Thumb Code   208  data_pack.o(i.ReceivefromMapan)
    Scheduler_Task                           0x0800347d   Thumb Code   164  freertos.o(i.Scheduler_Task)
    Send2Actuator                            0x08003539   Thumb Code    26  data_pack.o(i.Send2Actuator)
    Send2Mapan                               0x08003553   Thumb Code    26  data_pack.o(i.Send2Mapan)
    SendByte2Actuator                        0x0800356d   Thumb Code    18  data_pack.o(i.SendByte2Actuator)
    SendByte2Mapan                           0x08003585   Thumb Code    18  data_pack.o(i.SendByte2Mapan)
    SendPakageWaitACK                        0x0800359d   Thumb Code   118  data_pack.o(i.SendPakageWaitACK)
    Send_Cmd_Data2Actuator                   0x0800361d   Thumb Code    90  data_pack.o(i.Send_Cmd_Data2Actuator)
    Send_Cmd_Data2Mapan                      0x08003677   Thumb Code    90  data_pack.o(i.Send_Cmd_Data2Mapan)
    StartDefaultTask                         0x080036d1   Thumb Code   726  freertos.o(i.StartDefaultTask)
    SysTick_Handler                          0x080039dd   Thumb Code    24  stm32f4xx_it.o(i.SysTick_Handler)
    SystemClock_Config                       0x080039f5   Thumb Code   142  main.o(i.SystemClock_Config)
    SystemInit                               0x08003a8d   Thumb Code    12  system_stm32f4xx.o(i.SystemInit)
    Task_LED                                 0x08003a9d   Thumb Code    28  task1.o(i.Task_LED)
    UART4_IRQHandler                         0x08003abd   Thumb Code    96  stm32f4xx_it.o(i.UART4_IRQHandler)
    UART5_IRQHandler                         0x08003b29   Thumb Code    92  stm32f4xx_it.o(i.UART5_IRQHandler)
    UART_Start_Receive_IT                    0x08003dbd   Thumb Code    58  stm32f4xx_hal_uart.o(i.UART_Start_Receive_IT)
    USART1_IRQHandler                        0x08003e71   Thumb Code     6  stm32f4xx_it.o(i.USART1_IRQHandler)
    USART2_IRQHandler                        0x08003e7d   Thumb Code    30  stm32f4xx_it.o(i.USART2_IRQHandler)
    USART3_IRQHandler                        0x08003ea5   Thumb Code    94  stm32f4xx_it.o(i.USART3_IRQHandler)
    USART6_IRQHandler                        0x08003f11   Thumb Code    32  stm32f4xx_it.o(i.USART6_IRQHandler)
    UsageFault_Handler                       0x08003f39   Thumb Code     2  stm32f4xx_it.o(i.UsageFault_Handler)
    __ARM_fpclassify                         0x08003f3b   Thumb Code    48  fpclassify.o(i.__ARM_fpclassify)
    __hardfp_acos                            0x08003f91   Thumb Code   738  acos.o(i.__hardfp_acos)
    __hardfp_cos                             0x080042e9   Thumb Code   180  cos.o(i.__hardfp_cos)
    __hardfp_fabs                            0x080043b1   Thumb Code    20  fabs.o(i.__hardfp_fabs)
    __hardfp_sin                             0x080043c9   Thumb Code   180  sin.o(i.__hardfp_sin)
    __hardfp_sqrt                            0x08004491   Thumb Code   122  sqrt.o(i.__hardfp_sqrt)
    __ieee754_rem_pio2                       0x08004511   Thumb Code   938  rred.o(i.__ieee754_rem_pio2)
    __kernel_cos                             0x08004949   Thumb Code   322  cos_i.o(i.__kernel_cos)
    __kernel_poly                            0x08004ab9   Thumb Code   248  poly.o(i.__kernel_poly)
    __kernel_sin                             0x08004bb1   Thumb Code   280  sin_i.o(i.__kernel_sin)
    __mathlib_dbl_infnan                     0x08004ce1   Thumb Code    20  dunder.o(i.__mathlib_dbl_infnan)
    __mathlib_dbl_invalid                    0x08004cf9   Thumb Code    24  dunder.o(i.__mathlib_dbl_invalid)
    __mathlib_dbl_underflow                  0x08004d19   Thumb Code    24  dunder.o(i.__mathlib_dbl_underflow)
    daokuang_task                            0x08004d39   Thumb Code   114  task1.o(i.daokuang_task)
    fabs                                     0x08004dbd   Thumb Code    24  fabs.o(i.fabs)
    first_jiaozhun_task                      0x08004dd5   Thumb Code   194  task1.o(i.first_jiaozhun_task)
    get_moto_offset                          0x08004eb9   Thumb Code    10  can_receive.o(i.get_moto_offset)
    get_motor_measure                        0x08004ec3   Thumb Code    66  can_receive.o(i.get_motor_measure)
    gm3508_cmd                               0x08004f05   Thumb Code    74  can_receive.o(i.gm3508_cmd)
    gm6020_cmd                               0x08004f59   Thumb Code    76  can_receive.o(i.gm6020_cmd)
    jiaozhun_action                          0x08004fa9   Thumb Code    94  task1.o(i.jiaozhun_action)
    jiaozhuntask                             0x08005019   Thumb Code   156  task1.o(i.jiaozhuntask)
    l1s_move_point_task                      0x080050ed   Thumb Code    52  task1.o(i.l1s_move_point_task)
    main                                     0x08005129   Thumb Code   132  main.o(i.main)
    mapan_move_point_task                    0x080051e9   Thumb Code    58  task1.o(i.mapan_move_point_task)
    move_chassis_task                        0x08005231   Thumb Code    70  task1.o(i.move_chassis_task)
    osDelay                                  0x08005285   Thumb Code    14  cmsis_os.o(i.osDelay)
    osKernelStart                            0x08005293   Thumb Code    10  cmsis_os.o(i.osKernelStart)
    osThreadCreate                           0x0800529d   Thumb Code    84  cmsis_os.o(i.osThreadCreate)
    pvPortMalloc                             0x0800566d   Thumb Code   216  heap_4.o(i.pvPortMalloc)
    pxPortInitialiseStack                    0x08005749   Thumb Code    40  port.o(i.pxPortInitialiseStack)
    robot_move                               0x08005775   Thumb Code   600  task1.o(i.robot_move)
    sqrt                                     0x080059e5   Thumb Code   110  sqrt.o(i.sqrt)
    tansform_6020                            0x08005a55   Thumb Code    36  chassis.o(i.tansform_6020)
    uxListRemove                             0x08005a81   Thumb Code    38  list.o(i.uxListRemove)
    vApplicationGetIdleTaskMemory            0x08005aa9   Thumb Code    16  freertos.o(i.vApplicationGetIdleTaskMemory)
    vListInitialise                          0x08005abd   Thumb Code    22  list.o(i.vListInitialise)
    vListInitialiseItem                      0x08005ad3   Thumb Code     6  list.o(i.vListInitialiseItem)
    vListInsert                              0x08005ad9   Thumb Code    48  list.o(i.vListInsert)
    vListInsertEnd                           0x08005b09   Thumb Code    24  list.o(i.vListInsertEnd)
    vPortEnterCritical                       0x08005b21   Thumb Code    54  port.o(i.vPortEnterCritical)
    vPortExitCritical                        0x08005b61   Thumb Code    34  port.o(i.vPortExitCritical)
    vPortFree                                0x08005b89   Thumb Code    94  heap_4.o(i.vPortFree)
    vPortSetupTimerInterrupt                 0x08005bed   Thumb Code    32  port.o(i.vPortSetupTimerInterrupt)
    vTaskDelay                               0x08005c11   Thumb Code    66  tasks.o(i.vTaskDelay)
    vTaskResume                              0x08005c5d   Thumb Code   112  tasks.o(i.vTaskResume)
    vTaskStartScheduler                      0x08005cd9   Thumb Code    90  tasks.o(i.vTaskStartScheduler)
    vTaskSuspend                             0x08005d45   Thumb Code   174  tasks.o(i.vTaskSuspend)
    vTaskSuspendAll                          0x08005e01   Thumb Code    10  tasks.o(i.vTaskSuspendAll)
    vTaskSwitchContext                       0x08005e11   Thumb Code    82  tasks.o(i.vTaskSwitchContext)
    xPortStartScheduler                      0x08005e6d   Thumb Code   222  port.o(i.xPortStartScheduler)
    xPortSysTickHandler                      0x08005f61   Thumb Code    38  port.o(i.xPortSysTickHandler)
    xTaskCreate                              0x08005f8d   Thumb Code    90  tasks.o(i.xTaskCreate)
    xTaskCreateStatic                        0x08005fe7   Thumb Code    86  tasks.o(i.xTaskCreateStatic)
    xTaskGetSchedulerState                   0x0800603d   Thumb Code    22  tasks.o(i.xTaskGetSchedulerState)
    xTaskIncrementTick                       0x08006059   Thumb Code   194  tasks.o(i.xTaskIncrementTick)
    xTaskResumeAll                           0x08006125   Thumb Code   182  tasks.o(i.xTaskResumeAll)
    __aeabi_dneg                             0x080061e9   Thumb Code     0  basic.o(x$fpl$basic)
    _dneg                                    0x080061e9   Thumb Code     6  basic.o(x$fpl$basic)
    __aeabi_fneg                             0x080061ef   Thumb Code     0  basic.o(x$fpl$basic)
    _fneg                                    0x080061ef   Thumb Code     6  basic.o(x$fpl$basic)
    _dabs                                    0x080061f5   Thumb Code     6  basic.o(x$fpl$basic)
    _fabs                                    0x080061fb   Thumb Code     6  basic.o(x$fpl$basic)
    __aeabi_d2f                              0x08006201   Thumb Code     0  d2f.o(x$fpl$d2f)
    _d2f                                     0x08006201   Thumb Code    98  d2f.o(x$fpl$d2f)
    __aeabi_dadd                             0x08006265   Thumb Code     0  daddsub_clz.o(x$fpl$dadd)
    _dadd                                    0x08006265   Thumb Code   332  daddsub_clz.o(x$fpl$dadd)
    __fpl_dcmp_Inf                           0x080063b5   Thumb Code    24  dcmpi.o(x$fpl$dcmpinf)
    __aeabi_ddiv                             0x080063cd   Thumb Code     0  ddiv.o(x$fpl$ddiv)
    _ddiv                                    0x080063cd   Thumb Code   552  ddiv.o(x$fpl$ddiv)
    __aeabi_d2iz                             0x0800667d   Thumb Code     0  dfix.o(x$fpl$dfix)
    _dfix                                    0x0800667d   Thumb Code    94  dfix.o(x$fpl$dfix)
    __aeabi_i2d                              0x080066db   Thumb Code     0  dflt_clz.o(x$fpl$dflt)
    _dflt                                    0x080066db   Thumb Code    46  dflt_clz.o(x$fpl$dflt)
    __aeabi_ui2d                             0x08006709   Thumb Code     0  dflt_clz.o(x$fpl$dfltu)
    _dfltu                                   0x08006709   Thumb Code    38  dflt_clz.o(x$fpl$dfltu)
    __aeabi_cdcmple                          0x08006731   Thumb Code     0  dleqf.o(x$fpl$dleqf)
    _dcmple                                  0x08006731   Thumb Code   120  dleqf.o(x$fpl$dleqf)
    __fpl_dcmple_InfNaN                      0x08006793   Thumb Code     0  dleqf.o(x$fpl$dleqf)
    __aeabi_dmul                             0x080067a9   Thumb Code     0  dmul.o(x$fpl$dmul)
    _dmul                                    0x080067a9   Thumb Code   332  dmul.o(x$fpl$dmul)
    __fpl_dnaninf                            0x080068fd   Thumb Code   156  dnaninf.o(x$fpl$dnaninf)
    __fpl_dretinf                            0x08006999   Thumb Code    12  dretinf.o(x$fpl$dretinf)
    __aeabi_drsub                            0x080069a5   Thumb Code     0  daddsub_clz.o(x$fpl$drsb)
    _drsb                                    0x080069a5   Thumb Code    22  daddsub_clz.o(x$fpl$drsb)
    _dsqrt                                   0x080069bd   Thumb Code   404  dsqrt_umaal.o(x$fpl$dsqrt)
    __aeabi_dsub                             0x08006b55   Thumb Code     0  daddsub_clz.o(x$fpl$dsub)
    _dsub                                    0x08006b55   Thumb Code   464  daddsub_clz.o(x$fpl$dsub)
    __aeabi_f2d                              0x08006d29   Thumb Code     0  f2d.o(x$fpl$f2d)
    _f2d                                     0x08006d29   Thumb Code    86  f2d.o(x$fpl$f2d)
    __fpl_fnaninf                            0x08006d7f   Thumb Code   140  fnaninf.o(x$fpl$fnaninf)
    _fp_init                                 0x08006e0b   Thumb Code    10  fpinit.o(x$fpl$fpinit)
    __fplib_config_fpu_vfp                   0x08006e13   Thumb Code     0  fpinit.o(x$fpl$fpinit)
    __fplib_config_pureend_doubles           0x08006e13   Thumb Code     0  fpinit.o(x$fpl$fpinit)
    __fpl_fretinf                            0x08006e15   Thumb Code    10  fretinf.o(x$fpl$fretinf)
    __I$use$fp                               0x08006e1e   Number         0  usenofp.o(x$fpl$usenofp)
    AHBPrescTable                            0x08006f24   Data          16  system_stm32f4xx.o(.constdata)
    APBPrescTable                            0x08006f34   Data           8  system_stm32f4xx.o(.constdata)
    Region$$Table$$Base                      0x08007130   Number         0  anon$$obj.o(Region$$Table)
    Region$$Table$$Limit                     0x08007150   Number         0  anon$$obj.o(Region$$Table)
    move_mode                                0x20000000   Data           1  freertos.o(.data)
    dx                                       0x20000002   Data           2  freertos.o(.data)
    distance                                 0x20000004   Data           2  freertos.o(.data)
    defaultTaskHandle                        0x20000008   Data           4  freertos.o(.data)
    move_taskHandle                          0x2000000c   Data           4  freertos.o(.data)
    myTask_LEDHandle                         0x20000010   Data           4  freertos.o(.data)
    scheduler_taskHandle                     0x20000014   Data           4  freertos.o(.data)
    jiaozhun_taskHandle                      0x20000018   Data           4  freertos.o(.data)
    mapanmoveHandle                          0x2000001c   Data           4  freertos.o(.data)
    daokuangtaskHandle                       0x20000020   Data           4  freertos.o(.data)
    l1smovepointHandle                       0x20000024   Data           4  freertos.o(.data)
    firstjiaozhunHandle                      0x20000028   Data           4  freertos.o(.data)
    L1S_Y_rx_buffer                          0x20000030   Data           1  stm32f4xx_it.o(.data)
    L1S_X_rx_buffer                          0x20000031   Data           1  stm32f4xx_it.o(.data)
    L1S_X2_rx_buffer                         0x20000032   Data           1  stm32f4xx_it.o(.data)
    rx_buf_from_Actuator                     0x20000033   Data           1  stm32f4xx_it.o(.data)
    rx_buf_uart6                             0x20000034   Data           1  stm32f4xx_it.o(.data)
    gdistance_Y                              0x20000044   Data           4  stm32f4xx_it.o(.data)
    gdistance_X                              0x20000058   Data           4  stm32f4xx_it.o(.data)
    gdistance_X2                             0x2000006c   Data           4  stm32f4xx_it.o(.data)
    uwTickFreq                               0x20000074   Data           1  stm32f4xx_hal.o(.data)
    uwTickPrio                               0x20000078   Data           4  stm32f4xx_hal.o(.data)
    uwTick                                   0x2000007c   Data           4  stm32f4xx_hal.o(.data)
    SystemCoreClock                          0x20000080   Data           4  system_stm32f4xx.o(.data)
    pxCurrentTCB                             0x20000084   Data           4  tasks.o(.data)
    cmd_myfromActuator                       0x200000f4   Data           1  data_pack.o(.data)
    cmd_myfromMapan                          0x200000f5   Data           1  data_pack.o(.data)
    yaw                                      0x200000fc   Data           4  data_pack.o(.data)
    x                                        0x20000100   Data           4  data_pack.o(.data)
    y                                        0x20000104   Data           4  data_pack.o(.data)
    yaw_offset                               0x20000108   Data           4  data_pack.o(.data)
    x_offset                                 0x2000010c   Data           4  data_pack.o(.data)
    y_offset                                 0x20000110   Data           4  data_pack.o(.data)
    yaw_real                                 0x2000011c   Data           4  data_pack.o(.data)
    att                                      0x20000120   Data           4  pid_user.o(.data)
    motor_speed_3508_pid                     0x20000124   Data          12  pid_user.o(.data)
    motor_speed_6020_pid                     0x20000130   Data          12  pid_user.o(.data)
    motor_position_6020_pid                  0x2000013c   Data          12  pid_user.o(.data)
    motor_position_chassis_L1S               0x20000148   Data          12  pid_user.o(.data)
    motor_position_chassis_mapan             0x20000154   Data          12  pid_user.o(.data)
    motor_position_chassis_omega1            0x20000160   Data          12  pid_user.o(.data)
    motor_position_chassis_omega2            0x2000016c   Data          12  pid_user.o(.data)
    motor_position_chassis_jiaozhun          0x20000178   Data          12  pid_user.o(.data)
    if_mapan_move_point_task_finish          0x20000188   Data           1  task1.o(.data)
    step_mapan                               0x20000189   Data           1  task1.o(.data)
    if_l1s_move_point_task_finish            0x2000018a   Data           1  task1.o(.data)
    target_kuang                             0x2000018b   Data           1  task1.o(.data)
    if_jiaozhun_finish                       0x2000018c   Data           1  task1.o(.data)
    world_omega                              0x20000190   Data           4  task1.o(.data)
    world_vx                                 0x20000198   Data           4  task1.o(.data)
    world_vy                                 0x2000019c   Data           4  task1.o(.data)
    world_vomega                             0x200001a0   Data           4  task1.o(.data)
    x_point_mapan                            0x200001a4   Data          28  task1.o(.data)
    y_point_mapan                            0x200001c0   Data          28  task1.o(.data)
    x_port_l1s                               0x200001dc   Data          24  task1.o(.data)
    y_port_l1s                               0x200001f4   Data          24  task1.o(.data)
    hcan1                                    0x20000460   Data          40  can.o(.bss)
    hcan2                                    0x20000488   Data          40  can.o(.bss)
    huart4                                   0x200004b0   Data          68  usart.o(.bss)
    huart5                                   0x200004f4   Data          68  usart.o(.bss)
    huart1                                   0x20000538   Data          68  usart.o(.bss)
    huart2                                   0x2000057c   Data          68  usart.o(.bss)
    huart3                                   0x200005c0   Data          68  usart.o(.bss)
    huart6                                   0x20000604   Data          68  usart.o(.bss)
    hdma_usart1_rx                           0x20000648   Data          96  usart.o(.bss)
    rx_datafromActuator                      0x200046e0   Data          10  data_pack.o(.bss)
    rx_datafromMapan                         0x200046ea   Data          10  data_pack.o(.bss)
    pid_v_chassis_3508                       0x200046f4   Data         216  pid_user.o(.bss)
    pid_v_chassis_6020                       0x200047cc   Data         216  pid_user.o(.bss)
    pid_p_chassis_6020                       0x200048a4   Data         216  pid_user.o(.bss)
    pid_position_chassis_omega2              0x2000497c   Data          72  pid_user.o(.bss)
    pid_position_chassis_omega1              0x200049c4   Data          72  pid_user.o(.bss)
    pid_position_chassis_y                   0x20004a0c   Data          72  pid_user.o(.bss)
    pid_position_chassis_x                   0x20004a54   Data          72  pid_user.o(.bss)
    pid_position_mapan_x                     0x20004a9c   Data          72  pid_user.o(.bss)
    pid_position_mapan_y                     0x20004ae4   Data          72  pid_user.o(.bss)
    pid_position_chassis_jiaozhun            0x20004b2c   Data          72  pid_user.o(.bss)
    motor_can1                               0x20004b74   Data         224  can_receive.o(.bss)
    motor_info                               0x20004c54   Data          84  can_receive.o(.bss)
    can_tx_message                           0x20004ca8   Data          24  can_receive.o(.bss)
    __libspace_start                         0x20004cc0   Data          96  libspace.o(.bss)
    __temporary_stack_top$libspace           0x20004d20   Data           0  libspace.o(.bss)



==============================================================================

Memory Map of the image

  Image Entry point : 0x08000189

  Load Region LR_IROM1 (Base: 0x08000000, Size: 0x0000735c, Max: 0x00080000, ABSOLUTE, COMPRESSED[0x000071b8])

    Execution Region ER_IROM1 (Exec base: 0x08000000, Load base: 0x08000000, Size: 0x00007150, Max: 0x00080000, ABSOLUTE)

    Exec Addr    Load Addr    Size         Type   Attr      Idx    E Section Name        Object

    0x08000000   0x08000000   0x00000188   Data   RO            3    RESET               startup_stm32f407xx.o
    0x08000188   0x08000188   0x00000008   Code   RO         4385  * !!!main             c_w.l(__main.o)
    0x08000190   0x08000190   0x00000034   Code   RO         4694    !!!scatter          c_w.l(__scatter.o)
    0x080001c4   0x080001c4   0x0000005a   Code   RO         4692    !!dczerorl2         c_w.l(__dczerorl2.o)
    0x0800021e   0x0800021e   0x00000002   PAD
    0x08000220   0x08000220   0x0000001c   Code   RO         4696    !!handler_zi        c_w.l(__scatter_zi.o)
    0x0800023c   0x0800023c   0x00000002   Code   RO         4565    .ARM.Collect$$libinit$$00000000  c_w.l(libinit.o)
    0x0800023e   0x0800023e   0x00000004   Code   RO         4574    .ARM.Collect$$libinit$$00000001  c_w.l(libinit2.o)
    0x08000242   0x08000242   0x00000000   Code   RO         4577    .ARM.Collect$$libinit$$00000004  c_w.l(libinit2.o)
    0x08000242   0x08000242   0x00000000   Code   RO         4580    .ARM.Collect$$libinit$$0000000A  c_w.l(libinit2.o)
    0x08000242   0x08000242   0x00000000   Code   RO         4582    .ARM.Collect$$libinit$$0000000C  c_w.l(libinit2.o)
    0x08000242   0x08000242   0x00000000   Code   RO         4584    .ARM.Collect$$libinit$$0000000E  c_w.l(libinit2.o)
    0x08000242   0x08000242   0x00000000   Code   RO         4587    .ARM.Collect$$libinit$$00000011  c_w.l(libinit2.o)
    0x08000242   0x08000242   0x00000000   Code   RO         4589    .ARM.Collect$$libinit$$00000013  c_w.l(libinit2.o)
    0x08000242   0x08000242   0x00000000   Code   RO         4591    .ARM.Collect$$libinit$$00000015  c_w.l(libinit2.o)
    0x08000242   0x08000242   0x00000000   Code   RO         4593    .ARM.Collect$$libinit$$00000017  c_w.l(libinit2.o)
    0x08000242   0x08000242   0x00000000   Code   RO         4595    .ARM.Collect$$libinit$$00000019  c_w.l(libinit2.o)
    0x08000242   0x08000242   0x00000000   Code   RO         4597    .ARM.Collect$$libinit$$0000001B  c_w.l(libinit2.o)
    0x08000242   0x08000242   0x00000000   Code   RO         4599    .ARM.Collect$$libinit$$0000001D  c_w.l(libinit2.o)
    0x08000242   0x08000242   0x00000000   Code   RO         4601    .ARM.Collect$$libinit$$0000001F  c_w.l(libinit2.o)
    0x08000242   0x08000242   0x00000000   Code   RO         4603    .ARM.Collect$$libinit$$00000021  c_w.l(libinit2.o)
    0x08000242   0x08000242   0x00000000   Code   RO         4605    .ARM.Collect$$libinit$$00000023  c_w.l(libinit2.o)
    0x08000242   0x08000242   0x00000000   Code   RO         4607    .ARM.Collect$$libinit$$00000025  c_w.l(libinit2.o)
    0x08000242   0x08000242   0x00000000   Code   RO         4611    .ARM.Collect$$libinit$$0000002C  c_w.l(libinit2.o)
    0x08000242   0x08000242   0x00000000   Code   RO         4613    .ARM.Collect$$libinit$$0000002E  c_w.l(libinit2.o)
    0x08000242   0x08000242   0x00000000   Code   RO         4615    .ARM.Collect$$libinit$$00000030  c_w.l(libinit2.o)
    0x08000242   0x08000242   0x00000000   Code   RO         4617    .ARM.Collect$$libinit$$00000032  c_w.l(libinit2.o)
    0x08000242   0x08000242   0x00000002   Code   RO         4618    .ARM.Collect$$libinit$$00000033  c_w.l(libinit2.o)
    0x08000244   0x08000244   0x00000002   Code   RO         4649    .ARM.Collect$$libshutdown$$00000000  c_w.l(libshutdown.o)
    0x08000246   0x08000246   0x00000000   Code   RO         4675    .ARM.Collect$$libshutdown$$00000002  c_w.l(libshutdown2.o)
    0x08000246   0x08000246   0x00000000   Code   RO         4677    .ARM.Collect$$libshutdown$$00000004  c_w.l(libshutdown2.o)
    0x08000246   0x08000246   0x00000000   Code   RO         4680    .ARM.Collect$$libshutdown$$00000007  c_w.l(libshutdown2.o)
    0x08000246   0x08000246   0x00000000   Code   RO         4683    .ARM.Collect$$libshutdown$$0000000A  c_w.l(libshutdown2.o)
    0x08000246   0x08000246   0x00000000   Code   RO         4685    .ARM.Collect$$libshutdown$$0000000C  c_w.l(libshutdown2.o)
    0x08000246   0x08000246   0x00000000   Code   RO         4688    .ARM.Collect$$libshutdown$$0000000F  c_w.l(libshutdown2.o)
    0x08000246   0x08000246   0x00000002   Code   RO         4689    .ARM.Collect$$libshutdown$$00000010  c_w.l(libshutdown2.o)
    0x08000248   0x08000248   0x00000000   Code   RO         4471    .ARM.Collect$$rtentry$$00000000  c_w.l(__rtentry.o)
    0x08000248   0x08000248   0x00000000   Code   RO         4526    .ARM.Collect$$rtentry$$00000002  c_w.l(__rtentry2.o)
    0x08000248   0x08000248   0x00000006   Code   RO         4538    .ARM.Collect$$rtentry$$00000004  c_w.l(__rtentry4.o)
    0x0800024e   0x0800024e   0x00000000   Code   RO         4528    .ARM.Collect$$rtentry$$00000009  c_w.l(__rtentry2.o)
    0x0800024e   0x0800024e   0x00000004   Code   RO         4529    .ARM.Collect$$rtentry$$0000000A  c_w.l(__rtentry2.o)
    0x08000252   0x08000252   0x00000000   Code   RO         4531    .ARM.Collect$$rtentry$$0000000C  c_w.l(__rtentry2.o)
    0x08000252   0x08000252   0x00000008   Code   RO         4532    .ARM.Collect$$rtentry$$0000000D  c_w.l(__rtentry2.o)
    0x0800025a   0x0800025a   0x00000002   Code   RO         4566    .ARM.Collect$$rtexit$$00000000  c_w.l(rtexit.o)
    0x0800025c   0x0800025c   0x00000000   Code   RO         4622    .ARM.Collect$$rtexit$$00000002  c_w.l(rtexit2.o)
    0x0800025c   0x0800025c   0x00000004   Code   RO         4623    .ARM.Collect$$rtexit$$00000003  c_w.l(rtexit2.o)
    0x08000260   0x08000260   0x00000006   Code   RO         4624    .ARM.Collect$$rtexit$$00000004  c_w.l(rtexit2.o)
    0x08000266   0x08000266   0x00000002   PAD
    0x08000268   0x08000268   0x000000be   Code   RO         3674    .emb_text           port.o
    0x08000326   0x08000326   0x00000002   PAD
    0x08000328   0x08000328   0x00000040   Code   RO            4    .text               startup_stm32f407xx.o
    0x08000368   0x08000368   0x000000ee   Code   RO         4373    .text               c_w.l(lludivv7m.o)
    0x08000456   0x08000456   0x00000064   Code   RO         4377    .text               c_w.l(rt_memcpy_w.o)
    0x080004ba   0x080004ba   0x0000004e   Code   RO         4381    .text               c_w.l(rt_memclr_w.o)
    0x08000508   0x08000508   0x00000006   Code   RO         4383    .text               c_w.l(heapauxi.o)
    0x0800050e   0x0800050e   0x00000016   Code   RO         4476    .text               c_w.l(_rserrno.o)
    0x08000524   0x08000524   0x00000008   Code   RO         4545    .text               c_w.l(rt_errno_addr_intlibspace.o)
    0x0800052c   0x0800052c   0x00000008   Code   RO         4549    .text               c_w.l(libspace.o)
    0x08000534   0x08000534   0x0000004a   Code   RO         4552    .text               c_w.l(sys_stackheap_outer.o)
    0x0800057e   0x0800057e   0x00000012   Code   RO         4554    .text               c_w.l(exit.o)
    0x08000590   0x08000590   0x0000000c   Code   RO         4619    .text               c_w.l(sys_exit.o)
    0x0800059c   0x0800059c   0x00000002   Code   RO         4638    .text               c_w.l(use_no_semi.o)
    0x0800059e   0x0800059e   0x00000000   Code   RO         4640    .text               c_w.l(indicate_semi.o)
    0x0800059e   0x0800059e   0x00000002   Code   RO          493    i.BusFault_Handler  stm32f4xx_it.o
    0x080005a0   0x080005a0   0x0000002c   Code   RO         3754    i.CAN1_Filter_Init  bsp_can.o
    0x080005cc   0x080005cc   0x0000000c   Code   RO          494    i.CAN1_RX0_IRQHandler  stm32f4xx_it.o
    0x080005d8   0x080005d8   0x00000030   Code   RO         3755    i.CAN2_Filter_Init  bsp_can.o
    0x08000608   0x08000608   0x0000000c   Code   RO          495    i.CAN2_RX0_IRQHandler  stm32f4xx_it.o
    0x08000614   0x08000614   0x0000001e   Code   RO         3756    i.CAN_Start         bsp_can.o
    0x08000632   0x08000632   0x00000002   PAD
    0x08000634   0x08000634   0x00000036   Code   RO         3793    i.CRC16_Check       data_pack.o
    0x0800066a   0x0800066a   0x00000002   PAD
    0x0800066c   0x0800066c   0x0000000c   Code   RO          496    i.DMA2_Stream2_IRQHandler  stm32f4xx_it.o
    0x08000678   0x08000678   0x00000028   Code   RO         1335    i.DMA_CalcBaseAndBitshift  stm32f4xx_hal_dma.o
    0x080006a0   0x080006a0   0x00000054   Code   RO         1336    i.DMA_CheckFifoParam  stm32f4xx_hal_dma.o
    0x080006f4   0x080006f4   0x00000020   Code   RO         3794    i.Data_AnalysisfromActuator  data_pack.o
    0x08000714   0x08000714   0x0000005c   Code   RO         3795    i.Data_AnalysisfromMapan  data_pack.o
    0x08000770   0x08000770   0x00000002   Code   RO          497    i.DebugMon_Handler  stm32f4xx_it.o
    0x08000772   0x08000772   0x00000004   Code   RO           13    i.Error_Handler     main.o
    0x08000776   0x08000776   0x00000002   PAD
    0x08000778   0x08000778   0x00000270   Code   RO         4231    i.Formula           chassis.o
    0x080009e8   0x080009e8   0x0000006c   Code   RO         4232    i.Formula_World2Robo  chassis.o
    0x08000a54   0x08000a54   0x00000080   Code   RO         4123    i.Gyro_action       task1.o
    0x08000ad4   0x08000ad4   0x00000024   Code   RO          643    i.HAL_CAN_ActivateNotification  stm32f4xx_hal_can.o
    0x08000af8   0x08000af8   0x000000c8   Code   RO          644    i.HAL_CAN_AddTxMessage  stm32f4xx_hal_can.o
    0x08000bc0   0x08000bc0   0x0000010c   Code   RO          645    i.HAL_CAN_ConfigFilter  stm32f4xx_hal_can.o
    0x08000ccc   0x08000ccc   0x00000002   Code   RO          648    i.HAL_CAN_ErrorCallback  stm32f4xx_hal_can.o
    0x08000cce   0x08000cce   0x000000e8   Code   RO          651    i.HAL_CAN_GetRxMessage  stm32f4xx_hal_can.o
    0x08000db6   0x08000db6   0x000001fc   Code   RO          655    i.HAL_CAN_IRQHandler  stm32f4xx_hal_can.o
    0x08000fb2   0x08000fb2   0x0000011a   Code   RO          656    i.HAL_CAN_Init      stm32f4xx_hal_can.o
    0x080010cc   0x080010cc   0x00000100   Code   RO          349    i.HAL_CAN_MspInit   can.o
    0x080011cc   0x080011cc   0x00000002   Code   RO          663    i.HAL_CAN_RxFifo0FullCallback  stm32f4xx_hal_can.o
    0x080011ce   0x080011ce   0x00000002   PAD
    0x080011d0   0x080011d0   0x00000100   Code   RO         4062    i.HAL_CAN_RxFifo0MsgPendingCallback  can_receive.o
    0x080012d0   0x080012d0   0x00000002   Code   RO          665    i.HAL_CAN_RxFifo1FullCallback  stm32f4xx_hal_can.o
    0x080012d2   0x080012d2   0x00000002   Code   RO          666    i.HAL_CAN_RxFifo1MsgPendingCallback  stm32f4xx_hal_can.o
    0x080012d4   0x080012d4   0x00000002   Code   RO          667    i.HAL_CAN_SleepCallback  stm32f4xx_hal_can.o
    0x080012d6   0x080012d6   0x00000002   PAD
    0x080012d8   0x080012d8   0x00000058   Code   RO          668    i.HAL_CAN_Start     stm32f4xx_hal_can.o
    0x08001330   0x08001330   0x00000002   Code   RO          670    i.HAL_CAN_TxMailbox0AbortCallback  stm32f4xx_hal_can.o
    0x08001332   0x08001332   0x00000002   Code   RO          671    i.HAL_CAN_TxMailbox0CompleteCallback  stm32f4xx_hal_can.o
    0x08001334   0x08001334   0x00000002   Code   RO          672    i.HAL_CAN_TxMailbox1AbortCallback  stm32f4xx_hal_can.o
    0x08001336   0x08001336   0x00000002   Code   RO          673    i.HAL_CAN_TxMailbox1CompleteCallback  stm32f4xx_hal_can.o
    0x08001338   0x08001338   0x00000002   Code   RO          674    i.HAL_CAN_TxMailbox2AbortCallback  stm32f4xx_hal_can.o
    0x0800133a   0x0800133a   0x00000002   Code   RO          675    i.HAL_CAN_TxMailbox2CompleteCallback  stm32f4xx_hal_can.o
    0x0800133c   0x0800133c   0x00000002   Code   RO          677    i.HAL_CAN_WakeUpFromRxMsgCallback  stm32f4xx_hal_can.o
    0x0800133e   0x0800133e   0x00000092   Code   RO         1338    i.HAL_DMA_Abort     stm32f4xx_hal_dma.o
    0x080013d0   0x080013d0   0x00000024   Code   RO         1339    i.HAL_DMA_Abort_IT  stm32f4xx_hal_dma.o
    0x080013f4   0x080013f4   0x000001a0   Code   RO         1343    i.HAL_DMA_IRQHandler  stm32f4xx_hal_dma.o
    0x08001594   0x08001594   0x000000d4   Code   RO         1344    i.HAL_DMA_Init      stm32f4xx_hal_dma.o
    0x08001668   0x08001668   0x000001f0   Code   RO         1231    i.HAL_GPIO_Init     stm32f4xx_hal_gpio.o
    0x08001858   0x08001858   0x00000010   Code   RO         1234    i.HAL_GPIO_TogglePin  stm32f4xx_hal_gpio.o
    0x08001868   0x08001868   0x0000000a   Code   RO         1235    i.HAL_GPIO_WritePin  stm32f4xx_hal_gpio.o
    0x08001872   0x08001872   0x00000002   PAD
    0x08001874   0x08001874   0x0000000c   Code   RO         1763    i.HAL_GetTick       stm32f4xx_hal.o
    0x08001880   0x08001880   0x00000010   Code   RO         1769    i.HAL_IncTick       stm32f4xx_hal.o
    0x08001890   0x08001890   0x00000034   Code   RO         1770    i.HAL_Init          stm32f4xx_hal.o
    0x080018c4   0x080018c4   0x00000040   Code   RO         1771    i.HAL_InitTick      stm32f4xx_hal.o
    0x08001904   0x08001904   0x00000038   Code   RO          618    i.HAL_MspInit       stm32f4xx_hal_msp.o
    0x0800193c   0x0800193c   0x0000001a   Code   RO         1620    i.HAL_NVIC_EnableIRQ  stm32f4xx_hal_cortex.o
    0x08001956   0x08001956   0x00000002   PAD
    0x08001958   0x08001958   0x00000040   Code   RO         1626    i.HAL_NVIC_SetPriority  stm32f4xx_hal_cortex.o
    0x08001998   0x08001998   0x00000024   Code   RO         1627    i.HAL_NVIC_SetPriorityGrouping  stm32f4xx_hal_cortex.o
    0x080019bc   0x080019bc   0x00000134   Code   RO          877    i.HAL_RCC_ClockConfig  stm32f4xx_hal_rcc.o
    0x08001af0   0x08001af0   0x00000020   Code   RO          884    i.HAL_RCC_GetPCLK1Freq  stm32f4xx_hal_rcc.o
    0x08001b10   0x08001b10   0x00000020   Code   RO          885    i.HAL_RCC_GetPCLK2Freq  stm32f4xx_hal_rcc.o
    0x08001b30   0x08001b30   0x00000064   Code   RO          886    i.HAL_RCC_GetSysClockFreq  stm32f4xx_hal_rcc.o
    0x08001b94   0x08001b94   0x0000036c   Code   RO          889    i.HAL_RCC_OscConfig  stm32f4xx_hal_rcc.o
    0x08001f00   0x08001f00   0x00000028   Code   RO         1631    i.HAL_SYSTICK_Config  stm32f4xx_hal_cortex.o
    0x08001f28   0x08001f28   0x00000002   Code   RO         2055    i.HAL_UARTEx_RxEventCallback  stm32f4xx_hal_uart.o
    0x08001f2a   0x08001f2a   0x00000002   Code   RO         2069    i.HAL_UART_ErrorCallback  stm32f4xx_hal_uart.o
    0x08001f2c   0x08001f2c   0x00000268   Code   RO         2072    i.HAL_UART_IRQHandler  stm32f4xx_hal_uart.o
    0x08002194   0x08002194   0x00000062   Code   RO         2073    i.HAL_UART_Init     stm32f4xx_hal_uart.o
    0x080021f6   0x080021f6   0x00000002   PAD
    0x080021f8   0x080021f8   0x00000288   Code   RO          422    i.HAL_UART_MspInit  usart.o
    0x08002480   0x08002480   0x0000002a   Code   RO         2078    i.HAL_UART_Receive_IT  stm32f4xx_hal_uart.o
    0x080024aa   0x080024aa   0x00000002   Code   RO         2079    i.HAL_UART_RxCpltCallback  stm32f4xx_hal_uart.o
    0x080024ac   0x080024ac   0x000000b2   Code   RO         2081    i.HAL_UART_Transmit  stm32f4xx_hal_uart.o
    0x0800255e   0x0800255e   0x00000002   Code   RO         2084    i.HAL_UART_TxCpltCallback  stm32f4xx_hal_uart.o
    0x08002560   0x08002560   0x00000024   Code   RO         4303    i.HEX_FastConti_Meas_Cmd  l1s.o
    0x08002584   0x08002584   0x00000002   Code   RO          498    i.HardFault_Handler  stm32f4xx_it.o
    0x08002586   0x08002586   0x00000002   PAD
    0x08002588   0x08002588   0x00000098   Code   RO         4124    i.L1S_move_postion  task1.o
    0x08002620   0x08002620   0x00000044   Code   RO          350    i.MX_CAN1_Init      can.o
    0x08002664   0x08002664   0x00000044   Code   RO          351    i.MX_CAN2_Init      can.o
    0x080026a8   0x080026a8   0x0000002c   Code   RO          397    i.MX_DMA_Init       dma.o
    0x080026d4   0x080026d4   0x000000d8   Code   RO          273    i.MX_FREERTOS_Init  freertos.o
    0x080027ac   0x080027ac   0x0000012c   Code   RO          246    i.MX_GPIO_Init      gpio.o
    0x080028d8   0x080028d8   0x00000038   Code   RO          423    i.MX_UART4_Init     usart.o
    0x08002910   0x08002910   0x00000038   Code   RO          424    i.MX_UART5_Init     usart.o
    0x08002948   0x08002948   0x00000040   Code   RO          425    i.MX_USART1_UART_Init  usart.o
    0x08002988   0x08002988   0x00000038   Code   RO          426    i.MX_USART2_UART_Init  usart.o
    0x080029c0   0x080029c0   0x00000038   Code   RO          427    i.MX_USART3_UART_Init  usart.o
    0x080029f8   0x080029f8   0x00000038   Code   RO          428    i.MX_USART6_UART_Init  usart.o
    0x08002a30   0x08002a30   0x00000018   Code   RO         4125    i.Mapan_Init        task1.o
    0x08002a48   0x08002a48   0x000000bc   Code   RO         4126    i.Mapan_move_postion  task1.o
    0x08002b04   0x08002b04   0x00000002   Code   RO          499    i.MemManage_Handler  stm32f4xx_it.o
    0x08002b06   0x08002b06   0x00000002   Code   RO          500    i.NMI_Handler       stm32f4xx_it.o
    0x08002b08   0x08002b08   0x00000128   Code   RO         3911    i.PID_calc          pid.o
    0x08002c30   0x08002c30   0x0000015c   Code   RO         3912    i.PID_calc_6020_postion  pid.o
    0x08002d8c   0x08002d8c   0x00000012   Code   RO         3953    i.PID_call_6020     pid_user.o
    0x08002d9e   0x08002d9e   0x00000002   PAD
    0x08002da0   0x08002da0   0x00000144   Code   RO         3954    i.PID_devices_Init  pid_user.o
    0x08002ee4   0x08002ee4   0x0000005c   Code   RO         3914    i.PID_init          pid.o
    0x08002f40   0x08002f40   0x0000003c   Code   RO         3955    i.PID_position_6020  pid_user.o
    0x08002f7c   0x08002f7c   0x00000040   Code   RO         3956    i.PID_position_L1S_jiaozhun  pid_user.o
    0x08002fbc   0x08002fbc   0x00000100   Code   RO         3957    i.PID_position_L1S_x  pid_user.o
    0x080030bc   0x080030bc   0x00000100   Code   RO         3958    i.PID_position_L1S_y  pid_user.o
    0x080031bc   0x080031bc   0x00000028   Code   RO         3959    i.PID_position_Mapan_x  pid_user.o
    0x080031e4   0x080031e4   0x00000028   Code   RO         3960    i.PID_position_Mapan_y  pid_user.o
    0x0800320c   0x0800320c   0x00000048   Code   RO         3961    i.PID_position_chassis_omega1  pid_user.o
    0x08003254   0x08003254   0x0000003c   Code   RO         3965    i.PID_velocity_realize_6020  pid_user.o
    0x08003290   0x08003290   0x0000003c   Code   RO         3966    i.PID_velocity_realize_chassis_3508  pid_user.o
    0x080032cc   0x080032cc   0x000000d8   Code   RO         3796    i.ReceivefromActuator  data_pack.o
    0x080033a4   0x080033a4   0x000000d8   Code   RO         3797    i.ReceivefromMapan  data_pack.o
    0x0800347c   0x0800347c   0x000000bc   Code   RO          274    i.Scheduler_Task    freertos.o
    0x08003538   0x08003538   0x0000001a   Code   RO         3798    i.Send2Actuator     data_pack.o
    0x08003552   0x08003552   0x0000001a   Code   RO         3799    i.Send2Mapan        data_pack.o
    0x0800356c   0x0800356c   0x00000018   Code   RO         3800    i.SendByte2Actuator  data_pack.o
    0x08003584   0x08003584   0x00000018   Code   RO         3801    i.SendByte2Mapan    data_pack.o
    0x0800359c   0x0800359c   0x00000080   Code   RO         3802    i.SendPakageWaitACK  data_pack.o
    0x0800361c   0x0800361c   0x0000005a   Code   RO         3803    i.Send_Cmd_Data2Actuator  data_pack.o
    0x08003676   0x08003676   0x0000005a   Code   RO         3804    i.Send_Cmd_Data2Mapan  data_pack.o
    0x080036d0   0x080036d0   0x0000030c   Code   RO          275    i.StartDefaultTask  freertos.o
    0x080039dc   0x080039dc   0x00000018   Code   RO          501    i.SysTick_Handler   stm32f4xx_it.o
    0x080039f4   0x080039f4   0x00000098   Code   RO           14    i.SystemClock_Config  main.o
    0x08003a8c   0x08003a8c   0x00000010   Code   RO         2402    i.SystemInit        system_stm32f4xx.o
    0x08003a9c   0x08003a9c   0x00000020   Code   RO         4127    i.Task_LED          task1.o
    0x08003abc   0x08003abc   0x0000006c   Code   RO          502    i.UART4_IRQHandler  stm32f4xx_it.o
    0x08003b28   0x08003b28   0x00000068   Code   RO          503    i.UART5_IRQHandler  stm32f4xx_it.o
    0x08003b90   0x08003b90   0x00000010   Code   RO         2086    i.UART_DMAAbortOnError  stm32f4xx_hal_uart.o
    0x08003ba0   0x08003ba0   0x0000004e   Code   RO         2096    i.UART_EndRxTransfer  stm32f4xx_hal_uart.o
    0x08003bee   0x08003bee   0x000000c0   Code   RO         2098    i.UART_Receive_IT   stm32f4xx_hal_uart.o
    0x08003cae   0x08003cae   0x00000002   PAD
    0x08003cb0   0x08003cb0   0x0000010c   Code   RO         2099    i.UART_SetConfig    stm32f4xx_hal_uart.o
    0x08003dbc   0x08003dbc   0x0000003a   Code   RO         2101    i.UART_Start_Receive_IT  stm32f4xx_hal_uart.o
    0x08003df6   0x08003df6   0x00000078   Code   RO         2102    i.UART_WaitOnFlagUntilTimeout  stm32f4xx_hal_uart.o
    0x08003e6e   0x08003e6e   0x00000002   PAD
    0x08003e70   0x08003e70   0x0000000c   Code   RO          504    i.USART1_IRQHandler  stm32f4xx_it.o
    0x08003e7c   0x08003e7c   0x00000028   Code   RO          505    i.USART2_IRQHandler  stm32f4xx_it.o
    0x08003ea4   0x08003ea4   0x0000006c   Code   RO          506    i.USART3_IRQHandler  stm32f4xx_it.o
    0x08003f10   0x08003f10   0x00000028   Code   RO          507    i.USART6_IRQHandler  stm32f4xx_it.o
    0x08003f38   0x08003f38   0x00000002   Code   RO          508    i.UsageFault_Handler  stm32f4xx_it.o
    0x08003f3a   0x08003f3a   0x00000030   Code   RO         4547    i.__ARM_fpclassify  m_wm.l(fpclassify.o)
    0x08003f6a   0x08003f6a   0x00000020   Code   RO         1633    i.__NVIC_SetPriority  stm32f4xx_hal_cortex.o
    0x08003f8a   0x08003f8a   0x00000006   PAD
    0x08003f90   0x08003f90   0x00000358   Code   RO         4415    i.__hardfp_acos     m_wm.l(acos.o)
    0x080042e8   0x080042e8   0x000000c8   Code   RO         4429    i.__hardfp_cos      m_wm.l(cos.o)
    0x080043b0   0x080043b0   0x00000014   Code   RO         4441    i.__hardfp_fabs     m_wm.l(fabs.o)
    0x080043c4   0x080043c4   0x00000004   PAD
    0x080043c8   0x080043c8   0x000000c8   Code   RO         4447    i.__hardfp_sin      m_wm.l(sin.o)
    0x08004490   0x08004490   0x0000007a   Code   RO         4459    i.__hardfp_sqrt     m_wm.l(sqrt.o)
    0x0800450a   0x0800450a   0x00000006   PAD
    0x08004510   0x08004510   0x00000438   Code   RO         4514    i.__ieee754_rem_pio2  m_wm.l(rred.o)
    0x08004948   0x08004948   0x00000170   Code   RO         4495    i.__kernel_cos      m_wm.l(cos_i.o)
    0x08004ab8   0x08004ab8   0x000000f8   Code   RO         4512    i.__kernel_poly     m_wm.l(poly.o)
    0x08004bb0   0x08004bb0   0x00000130   Code   RO         4519    i.__kernel_sin      m_wm.l(sin_i.o)
    0x08004ce0   0x08004ce0   0x00000014   Code   RO         4499    i.__mathlib_dbl_infnan  m_wm.l(dunder.o)
    0x08004cf4   0x08004cf4   0x00000004   PAD
    0x08004cf8   0x08004cf8   0x00000020   Code   RO         4501    i.__mathlib_dbl_invalid  m_wm.l(dunder.o)
    0x08004d18   0x08004d18   0x00000020   Code   RO         4504    i.__mathlib_dbl_underflow  m_wm.l(dunder.o)
    0x08004d38   0x08004d38   0x00000084   Code   RO         4128    i.daokuang_task     task1.o
    0x08004dbc   0x08004dbc   0x00000018   Code   RO         4443    i.fabs              m_wm.l(fabs.o)
    0x08004dd4   0x08004dd4   0x000000e4   Code   RO         4129    i.first_jiaozhun_task  task1.o
    0x08004eb8   0x08004eb8   0x0000000a   Code   RO         4063    i.get_moto_offset   can_receive.o
    0x08004ec2   0x08004ec2   0x00000042   Code   RO         4064    i.get_motor_measure  can_receive.o
    0x08004f04   0x08004f04   0x00000054   Code   RO         4066    i.gm3508_cmd        can_receive.o
    0x08004f58   0x08004f58   0x00000050   Code   RO         4067    i.gm6020_cmd        can_receive.o
    0x08004fa8   0x08004fa8   0x00000070   Code   RO         4131    i.jiaozhun_action   task1.o
    0x08005018   0x08005018   0x000000d4   Code   RO         4132    i.jiaozhuntask      task1.o
    0x080050ec   0x080050ec   0x0000003c   Code   RO         4133    i.l1s_move_point_task  task1.o
    0x08005128   0x08005128   0x000000b4   Code   RO           15    i.main              main.o
    0x080051dc   0x080051dc   0x0000000c   Code   RO         3228    i.makeFreeRtosPriority  cmsis_os.o
    0x080051e8   0x080051e8   0x00000048   Code   RO         4134    i.mapan_move_point_task  task1.o
    0x08005230   0x08005230   0x00000054   Code   RO         4135    i.move_chassis_task  task1.o
    0x08005284   0x08005284   0x0000000e   Code   RO         3230    i.osDelay           cmsis_os.o
    0x08005292   0x08005292   0x0000000a   Code   RO         3233    i.osKernelStart     cmsis_os.o
    0x0800529c   0x0800529c   0x00000054   Code   RO         3267    i.osThreadCreate    cmsis_os.o
    0x080052f0   0x080052f0   0x00000070   Code   RO         2905    i.prvAddCurrentTaskToDelayedList  tasks.o
    0x08005360   0x08005360   0x000000d0   Code   RO         2906    i.prvAddNewTaskToReadyList  tasks.o
    0x08005430   0x08005430   0x00000034   Code   RO         2907    i.prvDeleteTCB      tasks.o
    0x08005464   0x08005464   0x00000048   Code   RO         3607    i.prvHeapInit       heap_4.o
    0x080054ac   0x080054ac   0x00000060   Code   RO         2908    i.prvIdleTask       tasks.o
    0x0800550c   0x0800550c   0x00000098   Code   RO         2909    i.prvInitialiseNewTask  tasks.o
    0x080055a4   0x080055a4   0x0000004c   Code   RO         3608    i.prvInsertBlockIntoFreeList  heap_4.o
    0x080055f0   0x080055f0   0x00000020   Code   RO         2910    i.prvResetNextTaskUnblockTime  tasks.o
    0x08005610   0x08005610   0x00000028   Code   RO         3675    i.prvTaskExitError  port.o
    0x08005638   0x08005638   0x00000034   Code   RO         2911    i.prvTaskIsTaskSuspended  tasks.o
    0x0800566c   0x0800566c   0x000000dc   Code   RO         3609    i.pvPortMalloc      heap_4.o
    0x08005748   0x08005748   0x0000002c   Code   RO         3676    i.pxPortInitialiseStack  port.o
    0x08005774   0x08005774   0x00000270   Code   RO         4136    i.robot_move        task1.o
    0x080059e4   0x080059e4   0x0000006e   Code   RO         4461    i.sqrt              m_wm.l(sqrt.o)
    0x08005a52   0x08005a52   0x00000002   PAD
    0x08005a54   0x08005a54   0x0000002c   Code   RO         4233    i.tansform_6020     chassis.o
    0x08005a80   0x08005a80   0x00000026   Code   RO         2540    i.uxListRemove      list.o
    0x08005aa6   0x08005aa6   0x00000002   PAD
    0x08005aa8   0x08005aa8   0x00000014   Code   RO          277    i.vApplicationGetIdleTaskMemory  freertos.o
    0x08005abc   0x08005abc   0x00000016   Code   RO         2541    i.vListInitialise   list.o
    0x08005ad2   0x08005ad2   0x00000006   Code   RO         2542    i.vListInitialiseItem  list.o
    0x08005ad8   0x08005ad8   0x00000030   Code   RO         2543    i.vListInsert       list.o
    0x08005b08   0x08005b08   0x00000018   Code   RO         2544    i.vListInsertEnd    list.o
    0x08005b20   0x08005b20   0x00000040   Code   RO         3678    i.vPortEnterCritical  port.o
    0x08005b60   0x08005b60   0x00000028   Code   RO         3679    i.vPortExitCritical  port.o
    0x08005b88   0x08005b88   0x00000064   Code   RO         3610    i.vPortFree         heap_4.o
    0x08005bec   0x08005bec   0x00000024   Code   RO         3680    i.vPortSetupTimerInterrupt  port.o
    0x08005c10   0x08005c10   0x0000004c   Code   RO         2919    i.vTaskDelay        tasks.o
    0x08005c5c   0x08005c5c   0x0000007c   Code   RO         2930    i.vTaskResume       tasks.o
    0x08005cd8   0x08005cd8   0x0000006c   Code   RO         2932    i.vTaskStartScheduler  tasks.o
    0x08005d44   0x08005d44   0x000000bc   Code   RO         2933    i.vTaskSuspend      tasks.o
    0x08005e00   0x08005e00   0x00000010   Code   RO         2934    i.vTaskSuspendAll   tasks.o
    0x08005e10   0x08005e10   0x0000005c   Code   RO         2935    i.vTaskSwitchContext  tasks.o
    0x08005e6c   0x08005e6c   0x000000f4   Code   RO         3682    i.xPortStartScheduler  port.o
    0x08005f60   0x08005f60   0x0000002c   Code   RO         3683    i.xPortSysTickHandler  port.o
    0x08005f8c   0x08005f8c   0x0000005a   Code   RO         2938    i.xTaskCreate       tasks.o
    0x08005fe6   0x08005fe6   0x00000056   Code   RO         2939    i.xTaskCreateStatic  tasks.o
    0x0800603c   0x0800603c   0x0000001c   Code   RO         2943    i.xTaskGetSchedulerState  tasks.o
    0x08006058   0x08006058   0x000000cc   Code   RO         2946    i.xTaskIncrementTick  tasks.o
    0x08006124   0x08006124   0x000000c4   Code   RO         2952    i.xTaskResumeAll    tasks.o
    0x080061e8   0x080061e8   0x00000018   Code   RO         4480    x$fpl$basic         fz_wm.l(basic.o)
    0x08006200   0x08006200   0x00000062   Code   RO         4387    x$fpl$d2f           fz_wm.l(d2f.o)
    0x08006262   0x08006262   0x00000002   PAD
    0x08006264   0x08006264   0x00000150   Code   RO         4389    x$fpl$dadd          fz_wm.l(daddsub_clz.o)
    0x080063b4   0x080063b4   0x00000018   Code   RO         4482    x$fpl$dcmpinf       fz_wm.l(dcmpi.o)
    0x080063cc   0x080063cc   0x000002b0   Code   RO         4396    x$fpl$ddiv          fz_wm.l(ddiv.o)
    0x0800667c   0x0800667c   0x0000005e   Code   RO         4399    x$fpl$dfix          fz_wm.l(dfix.o)
    0x080066da   0x080066da   0x0000002e   Code   RO         4404    x$fpl$dflt          fz_wm.l(dflt_clz.o)
    0x08006708   0x08006708   0x00000026   Code   RO         4403    x$fpl$dfltu         fz_wm.l(dflt_clz.o)
    0x0800672e   0x0800672e   0x00000002   PAD
    0x08006730   0x08006730   0x00000078   Code   RO         4409    x$fpl$dleqf         fz_wm.l(dleqf.o)
    0x080067a8   0x080067a8   0x00000154   Code   RO         4411    x$fpl$dmul          fz_wm.l(dmul.o)
    0x080068fc   0x080068fc   0x0000009c   Code   RO         4484    x$fpl$dnaninf       fz_wm.l(dnaninf.o)
    0x08006998   0x08006998   0x0000000c   Code   RO         4486    x$fpl$dretinf       fz_wm.l(dretinf.o)
    0x080069a4   0x080069a4   0x00000016   Code   RO         4390    x$fpl$drsb          fz_wm.l(daddsub_clz.o)
    0x080069ba   0x080069ba   0x00000002   PAD
    0x080069bc   0x080069bc   0x00000198   Code   RO         4488    x$fpl$dsqrt         fz_wm.l(dsqrt_umaal.o)
    0x08006b54   0x08006b54   0x000001d4   Code   RO         4391    x$fpl$dsub          fz_wm.l(daddsub_clz.o)
    0x08006d28   0x08006d28   0x00000056   Code   RO         4413    x$fpl$f2d           fz_wm.l(f2d.o)
    0x08006d7e   0x08006d7e   0x0000008c   Code   RO         4490    x$fpl$fnaninf       fz_wm.l(fnaninf.o)
    0x08006e0a   0x08006e0a   0x0000000a   Code   RO         4634    x$fpl$fpinit        fz_wm.l(fpinit.o)
    0x08006e14   0x08006e14   0x0000000a   Code   RO         4492    x$fpl$fretinf       fz_wm.l(fretinf.o)
    0x08006e1e   0x08006e1e   0x00000000   Code   RO         4494    x$fpl$usenofp       fz_wm.l(usenofp.o)
    0x08006e1e   0x08006e1e   0x00000002   PAD
    0x08006e20   0x08006e20   0x000000fc   Data   RO          282    .constdata          freertos.o
    0x08006f1c   0x08006f1c   0x00000008   Data   RO         1350    .constdata          stm32f4xx_hal_dma.o
    0x08006f24   0x08006f24   0x00000010   Data   RO         2403    .constdata          system_stm32f4xx.o
    0x08006f34   0x08006f34   0x00000008   Data   RO         2404    .constdata          system_stm32f4xx.o
    0x08006f3c   0x08006f3c   0x00000004   PAD
    0x08006f40   0x08006f40   0x00000050   Data   RO         4418    .constdata          m_wm.l(acos.o)
    0x08006f90   0x08006f90   0x00000030   Data   RO         4496    .constdata          m_wm.l(cos_i.o)
    0x08006fc0   0x08006fc0   0x000000c8   Data   RO         4516    .constdata          m_wm.l(rred.o)
    0x08007088   0x08007088   0x00000028   Data   RO         4520    .constdata          m_wm.l(sin_i.o)
    0x080070b0   0x080070b0   0x0000007d   Data   RO          283    .conststring        freertos.o
    0x0800712d   0x0800712d   0x00000003   PAD
    0x08007130   0x08007130   0x00000020   Data   RO         4690    Region$$Table       anon$$obj.o


    Execution Region RW_IRAM1 (Exec base: 0x20000000, Load base: 0x08007150, Size: 0x00005320, Max: 0x0001c000, ABSOLUTE, COMPRESSED[0x00000068])

    Exec Addr    Load Addr    Size         Type   Attr      Idx    E Section Name        Object

    0x20000000   COMPRESSED   0x0000002c   Data   RW          284    .data               freertos.o
    0x2000002c   COMPRESSED   0x00000004   Data   RW          353    .data               can.o
    0x20000030   COMPRESSED   0x00000044   Data   RW          509    .data               stm32f4xx_it.o
    0x20000074   COMPRESSED   0x0000000c   Data   RW         1777    .data               stm32f4xx_hal.o
    0x20000080   COMPRESSED   0x00000004   Data   RW         2405    .data               system_stm32f4xx.o
    0x20000084   COMPRESSED   0x0000003c   Data   RW         2955    .data               tasks.o
    0x200000c0   COMPRESSED   0x00000020   Data   RW         3616    .data               heap_4.o
    0x200000e0   COMPRESSED   0x0000000c   Data   RW         3684    .data               port.o
    0x200000ec   COMPRESSED   0x00000034   Data   RW         3807    .data               data_pack.o
    0x20000120   COMPRESSED   0x00000064   Data   RW         3968    .data               pid_user.o
    0x20000184   COMPRESSED   0x00000001   Data   RW         4069    .data               can_receive.o
    0x20000185   COMPRESSED   0x00000003   PAD
    0x20000188   COMPRESSED   0x00000084   Data   RW         4137    .data               task1.o
    0x2000020c        -       0x00000254   Zero   RW          281    .bss                freertos.o
    0x20000460        -       0x00000050   Zero   RW          352    .bss                can.o
    0x200004b0        -       0x000001f8   Zero   RW          429    .bss                usart.o
    0x200006a8        -       0x000000f0   Zero   RW         2954    .bss                tasks.o
    0x20000798        -       0x00003cf0   Zero   RW         3615    .bss                heap_4.o
    0x20004488        -       0x0000026c   Zero   RW         3806    .bss                data_pack.o
    0x200046f4        -       0x00000480   Zero   RW         3967    .bss                pid_user.o
    0x20004b74        -       0x0000014c   Zero   RW         4068    .bss                can_receive.o
    0x20004cc0        -       0x00000060   Zero   RW         4550    .bss                c_w.l(libspace.o)
    0x20004d20        -       0x00000200   Zero   RW            2    HEAP                startup_stm32f407xx.o
    0x20004f20        -       0x00000400   Zero   RW            1    STACK               startup_stm32f407xx.o


    Execution Region RW_IRAM2 (Exec base: 0x2001c000, Load base: 0x080071b8, Size: 0x00000000, Max: 0x00004000, ABSOLUTE)

    **** No section assigned to this execution region ****


==============================================================================

Image component sizes


      Code (inc. data)   RO Data    RW Data    ZI Data      Debug   Object Name

       122         12          0          0          0       2074   bsp_can.o
         0          0          0          0          0        792   bsp_it.o
       392         40          0          4         80       2654   can.o
       496         30          0          1        332       5439   can_receive.o
       776         62          0          0          0       2939   chassis.o
       120          0          0          0          0      23701   cmsis_os.o
      1018         72          0         52        620      10334   data_pack.o
        44          4          0          0          0        842   dma.o
         0          0          0          0          0      16988   event_groups.o
      1204         92        377         44        596       6860   freertos.o
       300         20          0          0          0       5823   gpio.o
       468         22          0         32      15600       7643   heap_4.o
        36         10          0          0          0        973   l1s.o
       138          0          0          0          0       3742   list.o
       336         58          0          0          0     706024   main.o
       736         24          0          0          0       2794   pid.o
      1250        194          0        100       1152       9906   pid_user.o
       702         72          0         12          0      11356   port.o
        64         26        392          0       1536        876   startup_stm32f407xx.o
       144         24          0         12          0       9005   stm32f4xx_hal.o
      1638          6          0          0          0      14927   stm32f4xx_hal_can.o
       198         14          0          0          0      34143   stm32f4xx_hal_cortex.o
       934         16          8          0          0       5847   stm32f4xx_hal_dma.o
       522         46          0          0          0       2965   stm32f4xx_hal_gpio.o
        56          4          0          0          0        934   stm32f4xx_hal_msp.o
      1348         76          0          0          0       5432   stm32f4xx_hal_rcc.o
      1674         16          0          0          0      12434   stm32f4xx_hal_uart.o
       484         80          0         68          0      10052   stm32f4xx_it.o
         0          0          0          0          0        388   stream_buffer.o
        16          4         24          4          0       1223   system_stm32f4xx.o
      2048        278          0        132          0      10950   task1.o
      1912        148          0         60        240      23416   tasks.o
       992        108          0          0        504       5630   usart.o

    ----------------------------------------------------------------------
     20202       1558        840        524      20660     959106   Object Totals
         0          0         32          0          0          0   (incl. Generated)
        34          0          7          3          0          0   (incl. Padding)

    ----------------------------------------------------------------------

      Code (inc. data)   RO Data    RW Data    ZI Data      Debug   Library Member Name

        90          0          0          0          0          0   __dczerorl2.o
         8          0          0          0          0         68   __main.o
         0          0          0          0          0          0   __rtentry.o
        12          0          0          0          0          0   __rtentry2.o
         6          0          0          0          0          0   __rtentry4.o
        52          8          0          0          0          0   __scatter.o
        28          0          0          0          0          0   __scatter_zi.o
        22          0          0          0          0        100   _rserrno.o
        18          0          0          0          0         80   exit.o
         6          0          0          0          0        152   heapauxi.o
         0          0          0          0          0          0   indicate_semi.o
         2          0          0          0          0          0   libinit.o
         6          0          0          0          0          0   libinit2.o
         2          0          0          0          0          0   libshutdown.o
         2          0          0          0          0          0   libshutdown2.o
         8          4          0          0         96         68   libspace.o
       238          0          0          0          0        100   lludivv7m.o
         8          4          0          0          0         68   rt_errno_addr_intlibspace.o
        78          0          0          0          0         80   rt_memclr_w.o
       100          0          0          0          0         80   rt_memcpy_w.o
         2          0          0          0          0          0   rtexit.o
        10          0          0          0          0          0   rtexit2.o
        12          4          0          0          0         68   sys_exit.o
        74          0          0          0          0         80   sys_stackheap_outer.o
         2          0          0          0          0         68   use_no_semi.o
        24          0          0          0          0        164   basic.o
        98          4          0          0          0        140   d2f.o
       826         16          0          0          0        492   daddsub_clz.o
        24          0          0          0          0        116   dcmpi.o
       688        140          0          0          0        256   ddiv.o
        94          4          0          0          0        140   dfix.o
        84          0          0          0          0        232   dflt_clz.o
       120          4          0          0          0        140   dleqf.o
       340         12          0          0          0        152   dmul.o
       156          4          0          0          0        140   dnaninf.o
        12          0          0          0          0        116   dretinf.o
       408         56          0          0          0        168   dsqrt_umaal.o
        86          4          0          0          0        132   f2d.o
       140          4          0          0          0        132   fnaninf.o
        10          0          0          0          0        116   fpinit.o
        10          0          0          0          0        116   fretinf.o
         0          0          0          0          0          0   usenofp.o
       856        118         80          0          0        288   acos.o
       200         20          0          0          0        164   cos.o
       368         46         48          0          0        200   cos_i.o
        84         16          0          0          0        372   dunder.o
        44          0          0          0          0        248   fabs.o
        48          0          0          0          0        124   fpclassify.o
       248          0          0          0          0        152   poly.o
      1080        142        200          0          0        188   rred.o
       200         20          0          0          0        164   sin.o
       304         24         40          0          0        208   sin_i.o
       232          0          0          0          0        296   sqrt.o

    ----------------------------------------------------------------------
      7598        654        368          0         96       6168   Library Totals
        28          0          0          0          0          0   (incl. Padding)

    ----------------------------------------------------------------------

      Code (inc. data)   RO Data    RW Data    ZI Data      Debug   Library Name

       786         20          0          0         96       1012   c_w.l
      3120        248          0          0          0       2752   fz_wm.l
      3664        386        368          0          0       2404   m_wm.l

    ----------------------------------------------------------------------
      7598        654        368          0         96       6168   Library Totals

    ----------------------------------------------------------------------

==============================================================================


      Code (inc. data)   RO Data    RW Data    ZI Data      Debug   

     27800       2212       1208        524      20756     944458   Grand Totals
     27800       2212       1208        104      20756     944458   ELF Image Totals (compressed)
     27800       2212       1208        104          0          0   ROM Totals

==============================================================================

    Total RO  Size (Code + RO Data)                29008 (  28.33kB)
    Total RW  Size (RW Data + ZI Data)             21280 (  20.78kB)
    Total ROM Size (Code + RO Data + RW Data)      29112 (  28.43kB)

==============================================================================

