Component: ARM Compiler 5.06 update 7 (build 960) Tool: armlink [4d3601]

==============================================================================

Section Cross References

    startup_stm32f407xx.o(STACK) refers (Special) to heapauxi.o(.text) for __use_two_region_memory
    startup_stm32f407xx.o(HEAP) refers (Special) to heapauxi.o(.text) for __use_two_region_memory
    startup_stm32f407xx.o(RESET) refers (Special) to heapauxi.o(.text) for __use_two_region_memory
    startup_stm32f407xx.o(RESET) refers to startup_stm32f407xx.o(STACK) for __initial_sp
    startup_stm32f407xx.o(RESET) refers to startup_stm32f407xx.o(.text) for Reset_Handler
    startup_stm32f407xx.o(RESET) refers to stm32f4xx_it.o(i.NMI_Handler) for NMI_Handler
    startup_stm32f407xx.o(RESET) refers to stm32f4xx_it.o(i.HardFault_Handler) for HardFault_Handler
    startup_stm32f407xx.o(RESET) refers to stm32f4xx_it.o(i.MemManage_Handler) for MemManage_Handler
    startup_stm32f407xx.o(RESET) refers to stm32f4xx_it.o(i.BusFault_Handler) for BusFault_Handler
    startup_stm32f407xx.o(RESET) refers to stm32f4xx_it.o(i.UsageFault_Handler) for UsageFault_Handler
    startup_stm32f407xx.o(RESET) refers to port.o(.emb_text) for SVC_Handler
    startup_stm32f407xx.o(RESET) refers to stm32f4xx_it.o(i.DebugMon_Handler) for DebugMon_Handler
    startup_stm32f407xx.o(RESET) refers to port.o(i.SysTick_Handler) for SysTick_Handler
    startup_stm32f407xx.o(RESET) refers to stm32f4xx_it.o(i.DMA1_Stream1_IRQHandler) for DMA1_Stream1_IRQHandler
    startup_stm32f407xx.o(RESET) refers to stm32f4xx_it.o(i.CAN1_RX0_IRQHandler) for CAN1_RX0_IRQHandler
    startup_stm32f407xx.o(RESET) refers to stm32f4xx_it.o(i.USART1_IRQHandler) for USART1_IRQHandler
    startup_stm32f407xx.o(RESET) refers to remote_control.o(i.USART3_IRQHandler) for USART3_IRQHandler
    startup_stm32f407xx.o(RESET) refers to stm32f4xx_it.o(i.TIM6_DAC_IRQHandler) for TIM6_DAC_IRQHandler
    startup_stm32f407xx.o(RESET) refers to stm32f4xx_it.o(i.CAN2_RX0_IRQHandler) for CAN2_RX0_IRQHandler
    startup_stm32f407xx.o(.text) refers (Special) to heapauxi.o(.text) for __use_two_region_memory
    startup_stm32f407xx.o(.text) refers to system_stm32f4xx.o(i.SystemInit) for SystemInit
    startup_stm32f407xx.o(.text) refers to __main.o(!!!main) for __main
    startup_stm32f407xx.o(.text) refers to startup_stm32f407xx.o(HEAP) for Heap_Mem
    startup_stm32f407xx.o(.text) refers to startup_stm32f407xx.o(STACK) for Stack_Mem
    main.o(i.HAL_TIM_PeriodElapsedCallback) refers to stm32f4xx_hal.o(i.HAL_IncTick) for HAL_IncTick
    main.o(i.SystemClock_Config) refers to rt_memclr_w.o(.text) for __aeabi_memclr4
    main.o(i.SystemClock_Config) refers to stm32f4xx_hal_rcc.o(i.HAL_RCC_OscConfig) for HAL_RCC_OscConfig
    main.o(i.SystemClock_Config) refers to stm32f4xx_hal_rcc.o(i.HAL_RCC_ClockConfig) for HAL_RCC_ClockConfig
    main.o(i.main) refers to stm32f4xx_hal.o(i.HAL_Init) for HAL_Init
    main.o(i.main) refers to main.o(i.SystemClock_Config) for SystemClock_Config
    main.o(i.main) refers to gpio.o(i.MX_GPIO_Init) for MX_GPIO_Init
    main.o(i.main) refers to dma.o(i.MX_DMA_Init) for MX_DMA_Init
    main.o(i.main) refers to usart.o(i.MX_USART1_UART_Init) for MX_USART1_UART_Init
    main.o(i.main) refers to usart.o(i.MX_USART3_UART_Init) for MX_USART3_UART_Init
    main.o(i.main) refers to can.o(i.MX_CAN1_Init) for MX_CAN1_Init
    main.o(i.main) refers to can.o(i.MX_CAN2_Init) for MX_CAN2_Init
    main.o(i.main) refers to remote_control.o(i.remote_control_init) for remote_control_init
    main.o(i.main) refers to bsp_can.o(i.CAN_Start) for CAN_Start
    main.o(i.main) refers to bsp_can.o(i.CAN1_Filter_Init) for CAN1_Filter_Init
    main.o(i.main) refers to stm32f4xx_hal_uart.o(i.HAL_UART_Receive_IT) for HAL_UART_Receive_IT
    main.o(i.main) refers to freertos.o(i.MX_FREERTOS_Init) for MX_FREERTOS_Init
    main.o(i.main) refers to cmsis_os.o(i.osKernelStart) for osKernelStart
    main.o(i.main) refers to can.o(.bss) for hcan1
    main.o(i.main) refers to imu605_485.o(.bss) for rx_buffer
    main.o(i.main) refers to usart.o(.bss) for huart1
    freertos.o(i.MX_FREERTOS_Init) refers to cmsis_os.o(i.osSemaphoreCreate) for osSemaphoreCreate
    freertos.o(i.MX_FREERTOS_Init) refers to rt_memcpy_w.o(.text) for __aeabi_memcpy4
    freertos.o(i.MX_FREERTOS_Init) refers to cmsis_os.o(i.osThreadCreate) for osThreadCreate
    freertos.o(i.MX_FREERTOS_Init) refers to freertos.o(.data) for .data
    freertos.o(i.MX_FREERTOS_Init) refers to freertos.o(.constdata) for .constdata
    freertos.o(i.chassis_task) refers to cmsis_os.o(i.osDelay) for osDelay
    freertos.o(i.imu_task) refers to cmsis_os.o(i.osDelay) for osDelay
    freertos.o(i.vApplicationGetIdleTaskMemory) refers to freertos.o(.bss) for .bss
    freertos.o(.constdata) refers to freertos.o(.conststring) for .conststring
    freertos.o(.constdata) refers to chassis_task.o(i.chassis_task) for chassis_task
[...]
    xStart                                   0x20000074   Data           8  heap_4.o(.data)
    .data                                    0x2000007c   Section       12  port.o(.data)
    ucMaxSysCallPriority                     0x2000007c   Data           1  port.o(.data)
    uxCriticalNesting                        0x20000080   Data           4  port.o(.data)
    ulMaxPRIGROUPValue                       0x20000084   Data           4  port.o(.data)
    .data                                    0x20000088   Section       10  can_receive.o(.data)
    i                                        0x20000088   Data           1  can_receive.o(.data)
    i                                        0x20000089   Data           1  can_receive.o(.data)
    .data                                    0x20000094   Section       12  chassis_api.o(.data)
    imu_offset_flags                         0x20000095   Data           1  chassis_api.o(.data)
    .data                                    0x200000a0   Section        2  imu605_485.o(.data)
    CRC16                                    0x200000a0   Data           2  imu605_485.o(.data)
    .data                                    0x200000a4   Section       60  pid_user.o(.data)
    .data                                    0x200000e0   Section        2  remote_control.o(.data)
    this_time_rx_len                         0x200000e0   Data           2  remote_control.o(.data)
    .bss                                     0x200000e4   Section      596  freertos.o(.bss)
    xIdleTaskTCBBuffer                       0x200000e4   Data          84  freertos.o(.bss)
    xIdleStack                               0x20000138   Data         512  freertos.o(.bss)
    .bss                                     0x20000338   Section       80  can.o(.bss)
    .bss                                     0x20000388   Section      232  usart.o(.bss)
    .bss                                     0x20000470   Section       72  stm32f4xx_hal_timebase_tim.o(.bss)
    .bss                                     0x200004b8   Section      240  tasks.o(.bss)
    pxReadyTasksLists                        0x200004b8   Data         140  tasks.o(.bss)
    xDelayedTaskList1                        0x20000544   Data          20  tasks.o(.bss)
    xDelayedTaskList2                        0x20000558   Data          20  tasks.o(.bss)
    xPendingReadyList                        0x2000056c   Data          20  tasks.o(.bss)
    xTasksWaitingTermination                 0x20000580   Data          20  tasks.o(.bss)
    xSuspendedTaskList                       0x20000594   Data          20  tasks.o(.bss)
    .bss                                     0x200005a8   Section    15360  heap_4.o(.bss)
    ucHeap                                   0x200005a8   Data       15360  heap_4.o(.bss)
    .bss                                     0x200041a8   Section      472  can_receive.o(.bss)
    .bss                                     0x20004380   Section       12  chassis_api.o(.bss)
    .bss                                     0x2000438c   Section       72  chassis_api.o(.bss)
    .bss                                     0x200043d4   Section       79  imu605_485.o(.bss)
    .bss                                     0x20004424   Section     2376  pid_user.o(.bss)
    .bss                                     0x20004d6c   Section       94  remote_control.o(.bss)
    sbus_rx_buf                              0x20004d82   Data          72  remote_control.o(.bss)
    .bss                                     0x20004dcc   Section       96  libspace.o(.bss)
    HEAP                                     0x20004e30   Section      512  startup_stm32f407xx.o(HEAP)
    Heap_Mem                                 0x20004e30   Data         512  startup_stm32f407xx.o(HEAP)
    STACK                                    0x20005030   Section     1024  startup_stm32f407xx.o(STACK)
    Stack_Mem                                0x20005030   Data        1024  startup_stm32f407xx.o(STACK)
    __initial_sp                             0x20005430   Data           0  startup_stm32f407xx.o(STACK)

    Global Symbols

    Symbol Name                              Value     Ov Type        Size  Object(Section)

    BuildAttributes$$THM_ISAv4$E$P$D$K$B$S$7EM$VFPi3$EXTD16$VFPS$VFMA$PE$A:L22UL41UL21$X:L11$S22US41US21$IEEE1$IW$USESV6$~STKCKD$USESV7$~SHL$OTIME$ROPI$IEEEX$EBA8$UX$STANDARDLIB$REQ8$PRES8$EABIv2 0x00000000   Number         0  anon$$obj.o ABSOLUTE
    __ARM_use_no_argv                        0x00000000   Number         0  main.o ABSOLUTE
    __ARM_exceptions_init                     - Undefined Weak Reference
    __alloca_initialize                       - Undefined Weak Reference
    __arm_fini_                               - Undefined Weak Reference
    __arm_preinit_                            - Undefined Weak Reference
    __cpp_initialize__aeabi_                  - Undefined Weak Reference
    __cxa_finalize                            - Undefined Weak Reference
    __rt_locale                               - Undefined Weak Reference
    __sigvec_lookup                           - Undefined Weak Reference
    _atexit_init                              - Undefined Weak Reference
    _call_atexit_fns                          - Undefined Weak Reference
    _clock_init                               - Undefined Weak Reference
    _fp_trap_init                             - Undefined Weak Reference
    _fp_trap_shutdown                         - Undefined Weak Reference
    _get_lc_collate                           - Undefined Weak Reference
    _get_lc_ctype                             - Undefined Weak Reference
    _get_lc_monetary                          - Undefined Weak Reference
    _get_lc_numeric                           - Undefined Weak Reference
    _get_lc_time                              - Undefined Weak Reference
    _getenv_init                              - Undefined Weak Reference
    _handle_redirection                       - Undefined Weak Reference
    _init_alloc                               - Undefined Weak Reference
    _init_user_alloc                          - Undefined Weak Reference
    _initio                                   - Undefined Weak Reference
    _rand_init                                - Undefined Weak Reference
    _signal_finish                            - Undefined Weak Reference
    _signal_init                              - Undefined Weak Reference
    _terminate_alloc                          - Undefined Weak Reference
    _terminate_user_alloc                     - Undefined Weak Reference
    _terminateio                              - Undefined Weak Reference
    __Vectors_Size                           0x00000188   Number         0  startup_stm32f407xx.o ABSOLUTE
    __Vectors                                0x08000000   Data           4  startup_stm32f407xx.o(RESET)
    __Vectors_End                            0x08000188   Data           0  startup_stm32f407xx.o(RESET)
    __main                                   0x08000189   Thumb Code     8  __main.o(!!!main)
    __scatterload                            0x08000191   Thumb Code     0  __scatter.o(!!!scatter)
    __scatterload_rt2                        0x08000191   Thumb Code    44  __scatter.o(!!!scatter)
    __scatterload_rt2_thumb_only             0x08000191   Thumb Code     0  __scatter.o(!!!scatter)
    __scatterload_null                       0x0800019f   Thumb Code     0  __scatter.o(!!!scatter)
    __scatterload_copy                       0x080001c5   Thumb Code    26  __scatter_copy.o(!!handler_copy)
    __scatterload_zeroinit                   0x080001e1   Thumb Code    28  __scatter_zi.o(!!handler_zi)
    __rt_lib_init                            0x080001fd   Thumb Code     0  libinit.o(.ARM.Collect$$libinit$$00000000)
    __rt_lib_init_fp_1                       0x080001ff   Thumb Code     0  libinit2.o(.ARM.Collect$$libinit$$00000001)
    __rt_lib_init_alloca_1                   0x08000203   Thumb Code     0  libinit2.o(.ARM.Collect$$libinit$$0000002E)
    __rt_lib_init_argv_1                     0x08000203   Thumb Code     0  libinit2.o(.ARM.Collect$$libinit$$0000002C)
    __rt_lib_init_atexit_1                   0x08000203   Thumb Code     0  libinit2.o(.ARM.Collect$$libinit$$0000001B)
    __rt_lib_init_clock_1                    0x08000203   Thumb Code     0  libinit2.o(.ARM.Collect$$libinit$$00000021)
    __rt_lib_init_cpp_1                      0x08000203   Thumb Code     0  libinit2.o(.ARM.Collect$$libinit$$00000032)
    __rt_lib_init_exceptions_1               0x08000203   Thumb Code     0  libinit2.o(.ARM.Collect$$libinit$$00000030)
    __rt_lib_init_fp_trap_1                  0x08000203   Thumb Code     0  libinit2.o(.ARM.Collect$$libinit$$0000001F)
    __rt_lib_init_getenv_1                   0x08000203   Thumb Code     0  libinit2.o(.ARM.Collect$$libinit$$00000023)
    __rt_lib_init_heap_1                     0x08000203   Thumb Code     0  libinit2.o(.ARM.Collect$$libinit$$0000000A)
    __rt_lib_init_lc_collate_1               0x08000203   Thumb Code     0  libinit2.o(.ARM.Collect$$libinit$$00000011)
    __rt_lib_init_lc_ctype_1                 0x08000203   Thumb Code     0  libinit2.o(.ARM.Collect$$libinit$$00000013)
    __rt_lib_init_lc_monetary_1              0x08000203   Thumb Code     0  libinit2.o(.ARM.Collect$$libinit$$00000015)
    __rt_lib_init_lc_numeric_1               0x08000203   Thumb Code     0  libinit2.o(.ARM.Collect$$libinit$$00000017)
    __rt_lib_init_lc_time_1                  0x08000203   Thumb Code     0  libinit2.o(.ARM.Collect$$libinit$$00000019)
    __rt_lib_init_preinit_1                  0x08000203   Thumb Code     0  libinit2.o(.ARM.Collect$$libinit$$00000004)
    __rt_lib_init_rand_1                     0x08000203   Thumb Code     0  libinit2.o(.ARM.Collect$$libinit$$0000000E)
    __rt_lib_init_return                     0x08000203   Thumb Code     0  libinit2.o(.ARM.Collect$$libinit$$00000033)
    __rt_lib_init_signal_1                   0x08000203   Thumb Code     0  libinit2.o(.ARM.Collect$$libinit$$0000001D)
    __rt_lib_init_stdio_1                    0x08000203   Thumb Code     0  libinit2.o(.ARM.Collect$$libinit$$00000025)
    __rt_lib_init_user_alloc_1               0x08000203   Thumb Code     0  libinit2.o(.ARM.Collect$$libinit$$0000000C)
    __rt_lib_shutdown                        0x08000205   Thumb Code     0  libshutdown.o(.ARM.Collect$$libshutdown$$00000000)
    __rt_lib_shutdown_cpp_1                  0x08000207   Thumb Code     0  libshutdown2.o(.ARM.Collect$$libshutdown$$00000004)
    __rt_lib_shutdown_fini_1                 0x08000207   Thumb Code     0  libshutdown2.o(.ARM.Collect$$libshutdown$$00000002)
    __rt_lib_shutdown_fp_trap_1              0x08000207   Thumb Code     0  libshutdown2.o(.ARM.Collect$$libshutdown$$00000009)
    __rt_lib_shutdown_heap_1                 0x08000207   Thumb Code     0  libshutdown2.o(.ARM.Collect$$libshutdown$$00000011)
    __rt_lib_shutdown_return                 0x08000207   Thumb Code     0  libshutdown2.o(.ARM.Collect$$libshutdown$$00000012)
    __rt_lib_shutdown_signal_1               0x08000207   Thumb Code     0  libshutdown2.o(.ARM.Collect$$libshutdown$$0000000C)
    __rt_lib_shutdown_stdio_1                0x08000207   Thumb Code     0  libshutdown2.o(.ARM.Collect$$libshutdown$$00000006)
    __rt_lib_shutdown_user_alloc_1           0x08000207   Thumb Code     0  libshutdown2.o(.ARM.Collect$$libshutdown$$0000000E)
    __rt_entry                               0x08000209   Thumb Code     0  __rtentry.o(.ARM.Collect$$rtentry$$00000000)
    __rt_entry_presh_1                       0x08000209   Thumb Code     0  __rtentry2.o(.ARM.Collect$$rtentry$$00000002)
    __rt_entry_sh                            0x08000209   Thumb Code     0  __rtentry4.o(.ARM.Collect$$rtentry$$00000004)
    __rt_entry_li                            0x0800020f   Thumb Code     0  __rtentry2.o(.ARM.Collect$$rtentry$$0000000A)
    __rt_entry_postsh_1                      0x0800020f   Thumb Code     0  __rtentry2.o(.ARM.Collect$$rtentry$$00000009)
    __rt_entry_main                          0x08000213   Thumb Code     0  __rtentry2.o(.ARM.Collect$$rtentry$$0000000D)
    __rt_entry_postli_1                      0x08000213   Thumb Code     0  __rtentry2.o(.ARM.Collect$$rtentry$$0000000C)
    __rt_exit                                0x0800021b   Thumb Code     0  rtexit.o(.ARM.Collect$$rtexit$$00000000)
    __rt_exit_ls                             0x0800021d   Thumb Code     0  rtexit2.o(.ARM.Collect$$rtexit$$00000003)
    __rt_exit_prels_1                        0x0800021d   Thumb Code     0  rtexit2.o(.ARM.Collect$$rtexit$$00000002)
    __rt_exit_exit                           0x08000221   Thumb Code     0  rtexit2.o(.ARM.Collect$$rtexit$$00000004)
    SVC_Handler                              0x08000229   Thumb Code    28  port.o(.emb_text)
    __asm___6_port_c_39a90d8d__prvStartFirstTask 0x08000249   Thumb Code    36  port.o(.emb_text)
    __asm___6_port_c_39a90d8d__prvEnableVFP  0x08000271   Thumb Code    16  port.o(.emb_text)
    PendSV_Handler                           0x08000285   Thumb Code    88  port.o(.emb_text)
    vPortGetIPSR                             0x080002e1   Thumb Code     6  port.o(.emb_text)
    Reset_Handler                            0x080002e9   Thumb Code     8  startup_stm32f407xx.o(.text)
    ADC_IRQHandler                           0x08000303   Thumb Code     0  startup_stm32f407xx.o(.text)
    CAN1_RX1_IRQHandler                      0x08000303   Thumb Code     0  startup_stm32f407xx.o(.text)
    CAN1_SCE_IRQHandler                      0x08000303   Thumb Code     0  startup_stm32f407xx.o(.text)
    CAN1_TX_IRQHandler                       0x08000303   Thumb Code     0  startup_stm32f407xx.o(.text)
    CAN2_RX1_IRQHandler                      0x08000303   Thumb Code     0  startup_stm32f407xx.o(.text)
    CAN2_SCE_IRQHandler                      0x08000303   Thumb Code     0  startup_stm32f407xx.o(.text)
    CAN2_TX_IRQHandler                       0x08000303   Thumb Code     0  startup_stm32f407xx.o(.text)
    DCMI_IRQHandler                          0x08000303   Thumb Code     0  startup_stm32f407xx.o(.text)
    DMA1_Stream0_IRQHandler                  0x08000303   Thumb Code     0  startup_stm32f407xx.o(.text)
    DMA1_Stream2_IRQHandler                  0x08000303   Thumb Code     0  startup_stm32f407xx.o(.text)
    DMA1_Stream3_IRQHandler                  0x08000303   Thumb Code     0  startup_stm32f407xx.o(.text)
    DMA1_Stream4_IRQHandler                  0x08000303   Thumb Code     0  startup_stm32f407xx.o(.text)
    DMA1_Stream5_IRQHandler                  0x08000303   Thumb Code     0  startup_stm32f407xx.o(.text)
    DMA1_Stream6_IRQHandler                  0x08000303   Thumb Code     0  startup_stm32f407xx.o(.text)
    DMA1_Stream7_IRQHandler                  0x08000303   Thumb Code     0  startup_stm32f407xx.o(.text)
    DMA2_Stream0_IRQHandler                  0x08000303   Thumb Code     0  startup_stm32f407xx.o(.text)
    DMA2_Stream1_IRQHandler                  0x08000303   Thumb Code     0  startup_stm32f407xx.o(.text)
    DMA2_Stream2_IRQHandler                  0x08000303   Thumb Code     0  startup_stm32f407xx.o(.text)
    DMA2_Stream3_IRQHandler                  0x08000303   Thumb Code     0  startup_stm32f407xx.o(.text)
    DMA2_Stream4_IRQHandler                  0x08000303   Thumb Code     0  startup_stm32f407xx.o(.text)
    DMA2_Stream5_IRQHandler                  0x08000303   Thumb Code     0  startup_stm32f407xx.o(.text)
    DMA2_Stream6_IRQHandler                  0x08000303   Thumb Code     0  startup_stm32f407xx.o(.text)
    DMA2_Stream7_IRQHandler                  0x08000303   Thumb Code     0  startup_stm32f407xx.o(.text)
    ETH_IRQHandler                           0x08000303   Thumb Code     0  startup_stm32f407xx.o(.text)
    ETH_WKUP_IRQHandler                      0x08000303   Thumb Code     0  startup_stm32f407xx.o(.text)
    EXTI0_IRQHandler                         0x08000303   Thumb Code     0  startup_stm32f407xx.o(.text)
    EXTI15_10_IRQHandler                     0x08000303   Thumb Code     0  startup_stm32f407xx.o(.text)
    EXTI1_IRQHandler                         0x08000303   Thumb Code     0  startup_stm32f407xx.o(.text)
    EXTI2_IRQHandler                         0x08000303   Thumb Code     0  startup_stm32f407xx.o(.text)
    EXTI3_IRQHandler                         0x08000303   Thumb Code     0  startup_stm32f407xx.o(.text)
    EXTI4_IRQHandler                         0x08000303   Thumb Code     0  startup_stm32f407xx.o(.text)
    EXTI9_5_IRQHandler                       0x08000303   Thumb Code     0  startup_stm32f407xx.o(.text)
    FLASH_IRQHandler                         0x08000303   Thumb Code     0  startup_stm32f407xx.o(.text)
    FMC_IRQHandler                           0x08000303   Thumb Code     0  startup_stm32f407xx.o(.text)
    FPU_IRQHandler                           0x08000303   Thumb Code     0  startup_stm32f407xx.o(.text)
    HASH_RNG_IRQHandler                      0x08000303   Thumb Code     0  startup_stm32f407xx.o(.text)
    I2C1_ER_IRQHandler                       0x08000303   Thumb Code     0  startup_stm32f407xx.o(.text)
    I2C1_EV_IRQHandler                       0x08000303   Thumb Code     0  startup_stm32f407xx.o(.text)
    I2C2_ER_IRQHandler                       0x08000303   Thumb Code     0  startup_stm32f407xx.o(.text)
    I2C2_EV_IRQHandler                       0x08000303   Thumb Code     0  startup_stm32f407xx.o(.text)
    I2C3_ER_IRQHandler                       0x08000303   Thumb Code     0  startup_stm32f407xx.o(.text)
    I2C3_EV_IRQHandler                       0x08000303   Thumb Code     0  startup_stm32f407xx.o(.text)
    OTG_FS_IRQHandler                        0x08000303   Thumb Code     0  startup_stm32f407xx.o(.text)
    OTG_FS_WKUP_IRQHandler                   0x08000303   Thumb Code     0  startup_stm32f407xx.o(.text)
    OTG_HS_EP1_IN_IRQHandler                 0x08000303   Thumb Code     0  startup_stm32f407xx.o(.text)
    OTG_HS_EP1_OUT_IRQHandler                0x08000303   Thumb Code     0  startup_stm32f407xx.o(.text)
    OTG_HS_IRQHandler                        0x08000303   Thumb Code     0  startup_stm32f407xx.o(.text)
    OTG_HS_WKUP_IRQHandler                   0x08000303   Thumb Code     0  startup_stm32f407xx.o(.text)
    PVD_IRQHandler                           0x08000303   Thumb Code     0  startup_stm32f407xx.o(.text)
    RCC_IRQHandler                           0x08000303   Thumb Code     0  startup_stm32f407xx.o(.text)
    RTC_Alarm_IRQHandler                     0x08000303   Thumb Code     0  startup_stm32f407xx.o(.text)
    RTC_WKUP_IRQHandler                      0x08000303   Thumb Code     0  startup_stm32f407xx.o(.text)
    SDIO_IRQHandler                          0x08000303   Thumb Code     0  startup_stm32f407xx.o(.text)
    SPI1_IRQHandler                          0x08000303   Thumb Code     0  startup_stm32f407xx.o(.text)
    SPI2_IRQHandler                          0x08000303   Thumb Code     0  startup_stm32f407xx.o(.text)
    SPI3_IRQHandler                          0x08000303   Thumb Code     0  startup_stm32f407xx.o(.text)
    TAMP_STAMP_IRQHandler                    0x08000303   Thumb Code     0  startup_stm32f407xx.o(.text)
    TIM1_BRK_TIM9_IRQHandler                 0x08000303   Thumb Code     0  startup_stm32f407xx.o(.text)
    TIM1_CC_IRQHandler                       0x08000303   Thumb Code     0  startup_stm32f407xx.o(.text)
    TIM1_TRG_COM_TIM11_IRQHandler            0x08000303   Thumb Code     0  startup_stm32f407xx.o(.text)
    TIM1_UP_TIM10_IRQHandler                 0x08000303   Thumb Code     0  startup_stm32f407xx.o(.text)
    TIM2_IRQHandler                          0x08000303   Thumb Code     0  startup_stm32f407xx.o(.text)
    TIM3_IRQHandler                          0x08000303   Thumb Code     0  startup_stm32f407xx.o(.text)
    TIM4_IRQHandler                          0x08000303   Thumb Code     0  startup_stm32f407xx.o(.text)
    TIM5_IRQHandler                          0x08000303   Thumb Code     0  startup_stm32f407xx.o(.text)
    TIM7_IRQHandler                          0x08000303   Thumb Code     0  startup_stm32f407xx.o(.text)
    TIM8_BRK_TIM12_IRQHandler                0x08000303   Thumb Code     0  startup_stm32f407xx.o(.text)
    TIM8_CC_IRQHandler                       0x08000303   Thumb Code     0  startup_stm32f407xx.o(.text)
    TIM8_TRG_COM_TIM14_IRQHandler            0x08000303   Thumb Code     0  startup_stm32f407xx.o(.text)
    TIM8_UP_TIM13_IRQHandler                 0x08000303   Thumb Code     0  startup_stm32f407xx.o(.text)
    UART4_IRQHandler                         0x08000303   Thumb Code     0  startup_stm32f407xx.o(.text)
    UART5_IRQHandler                         0x08000303   Thumb Code     0  startup_stm32f407xx.o(.text)
    USART2_IRQHandler                        0x08000303   Thumb Code     0  startup_stm32f407xx.o(.text)
    USART6_IRQHandler                        0x08000303   Thumb Code     0  startup_stm32f407xx.o(.text)
    WWDG_IRQHandler                          0x08000303   Thumb Code     0  startup_stm32f407xx.o(.text)
    __user_initial_stackheap                 0x08000305   Thumb Code     0  startup_stm32f407xx.o(.text)
    __aeabi_uldivmod                         0x08000329   Thumb Code     0  lludivv7m.o(.text)
    _ll_udiv                                 0x08000329   Thumb Code   238  lludivv7m.o(.text)
    __aeabi_memcpy                           0x08000417   Thumb Code     0  rt_memcpy_v6.o(.text)
    __rt_memcpy                              0x08000417   Thumb Code   138  rt_memcpy_v6.o(.text)
    _memcpy_lastbytes                        0x0800047d   Thumb Code     0  rt_memcpy_v6.o(.text)
    __aeabi_memcpy4                          0x080004a1   Thumb Code     0  rt_memcpy_w.o(.text)
    __aeabi_memcpy8                          0x080004a1   Thumb Code     0  rt_memcpy_w.o(.text)
    __rt_memcpy_w                            0x080004a1   Thumb Code   100  rt_memcpy_w.o(.text)
    _memcpy_lastbytes_aligned                0x080004e9   Thumb Code     0  rt_memcpy_w.o(.text)
    __aeabi_memclr4                          0x08000505   Thumb Code     0  rt_memclr_w.o(.text)
    __aeabi_memclr8                          0x08000505   Thumb Code     0  rt_memclr_w.o(.text)
    __rt_memclr_w                            0x08000505   Thumb Code    78  rt_memclr_w.o(.text)
    _memset_w                                0x08000509   Thumb Code     0  rt_memclr_w.o(.text)
    __use_two_region_memory                  0x08000553   Thumb Code     2  heapauxi.o(.text)
    __rt_heap_escrow$2region                 0x08000555   Thumb Code     2  heapauxi.o(.text)
    __rt_heap_expand$2region                 0x08000557   Thumb Code     2  heapauxi.o(.text)
    __read_errno                             0x08000559   Thumb Code    10  _rserrno.o(.text)
    __set_errno                              0x08000563   Thumb Code    12  _rserrno.o(.text)
    __aeabi_errno_addr                       0x08000571   Thumb Code     8  rt_errno_addr_intlibspace.o(.text)
    __errno$intlibspace                      0x08000571   Thumb Code     0  rt_errno_addr_intlibspace.o(.text)
    __rt_errno_addr$intlibspace              0x08000571   Thumb Code     0  rt_errno_addr_intlibspace.o(.text)
    __user_libspace                          0x08000579   Thumb Code     8  libspace.o(.text)
    __user_perproc_libspace                  0x08000579   Thumb Code     0  libspace.o(.text)
    __user_perthread_libspace                0x08000579   Thumb Code     0  libspace.o(.text)
    __user_setup_stackheap                   0x08000581   Thumb Code    74  sys_stackheap_outer.o(.text)
    exit                                     0x080005cb   Thumb Code    18  exit.o(.text)
    _sys_exit                                0x080005dd   Thumb Code     8  sys_exit.o(.text)
    __I$use$semihosting                      0x080005e9   Thumb Code     0  use_no_semi.o(.text)
    __use_no_semihosting_swi                 0x080005e9   Thumb Code     2  use_no_semi.o(.text)
    BusFault_Handler                         0x080005eb   Thumb Code     2  stm32f4xx_it.o(i.BusFault_Handler)
    __semihosting_library_function           0x080005eb   Thumb Code     0  indicate_semi.o(.text)
    CAN1_CMD_1                               0x080005ed   Thumb Code    60  can_receive.o(i.CAN1_CMD_1)
    CAN1_Filter_Init                         0x08000635   Thumb Code    38  bsp_can.o(i.CAN1_Filter_Init)
    CAN1_RX0_IRQHandler                      0x08000661   Thumb Code     6  stm32f4xx_it.o(i.CAN1_RX0_IRQHandler)
    CAN2_RX0_IRQHandler                      0x0800066d   Thumb Code     6  stm32f4xx_it.o(i.CAN2_RX0_IRQHandler)
    CAN_Start                                0x08000679   Thumb Code    30  bsp_can.o(i.CAN_Start)
    Chassis_Loop_Out                         0x08000699   Thumb Code   164  chassis_api.o(i.Chassis_Loop_Out)
    Chassis_Sports_Calc                      0x08000741   Thumb Code   270  chassis_api.o(i.Chassis_Sports_Calc)
    DMA1_Stream1_IRQHandler                  0x08000859   Thumb Code     6  stm32f4xx_it.o(i.DMA1_Stream1_IRQHandler)
    DebugMon_Handler                         0x080008e1   Thumb Code     2  stm32f4xx_it.o(i.DebugMon_Handler)
    Error_Handler                            0x080008e3   Thumb Code     4  main.o(i.Error_Handler)
    HAL_CAN_ActivateNotification             0x080008e7   Thumb Code    36  stm32f4xx_hal_can.o(i.HAL_CAN_ActivateNotification)
    HAL_CAN_AddTxMessage                     0x0800090b   Thumb Code   220  stm32f4xx_hal_can.o(i.HAL_CAN_AddTxMessage)
    HAL_CAN_ConfigFilter                     0x080009e9   Thumb Code   262  stm32f4xx_hal_can.o(i.HAL_CAN_ConfigFilter)
    HAL_CAN_ErrorCallback                    0x08000af5   Thumb Code     2  stm32f4xx_hal_can.o(i.HAL_CAN_ErrorCallback)
    HAL_CAN_GetRxMessage                     0x08000af7   Thumb Code   232  stm32f4xx_hal_can.o(i.HAL_CAN_GetRxMessage)
    HAL_CAN_IRQHandler                       0x08000bdf   Thumb Code   508  stm32f4xx_hal_can.o(i.HAL_CAN_IRQHandler)
    HAL_CAN_Init                             0x08000ddb   Thumb Code   282  stm32f4xx_hal_can.o(i.HAL_CAN_Init)
    HAL_CAN_MspInit                          0x08000ef5   Thumb Code   228  can.o(i.HAL_CAN_MspInit)
    HAL_CAN_RxFifo0FullCallback              0x08000ff1   Thumb Code     2  stm32f4xx_hal_can.o(i.HAL_CAN_RxFifo0FullCallback)
    HAL_CAN_RxFifo0MsgPendingCallback        0x08000ff5   Thumb Code   178  can_receive.o(i.HAL_CAN_RxFifo0MsgPendingCallback)
    HAL_CAN_RxFifo1FullCallback              0x080010b9   Thumb Code     2  stm32f4xx_hal_can.o(i.HAL_CAN_RxFifo1FullCallback)
    HAL_CAN_RxFifo1MsgPendingCallback        0x080010bb   Thumb Code     2  stm32f4xx_hal_can.o(i.HAL_CAN_RxFifo1MsgPendingCallback)
    HAL_CAN_SleepCallback                    0x080010bd   Thumb Code     2  stm32f4xx_hal_can.o(i.HAL_CAN_SleepCallback)
    HAL_CAN_Start                            0x080010c1   Thumb Code    88  stm32f4xx_hal_can.o(i.HAL_CAN_Start)
    HAL_CAN_TxMailbox0AbortCallback          0x08001119   Thumb Code     2  stm32f4xx_hal_can.o(i.HAL_CAN_TxMailbox0AbortCallback)
    HAL_CAN_TxMailbox0CompleteCallback       0x0800111b   Thumb Code     2  stm32f4xx_hal_can.o(i.HAL_CAN_TxMailbox0CompleteCallback)
    HAL_CAN_TxMailbox1AbortCallback          0x0800111d   Thumb Code     2  stm32f4xx_hal_can.o(i.HAL_CAN_TxMailbox1AbortCallback)
    HAL_CAN_TxMailbox1CompleteCallback       0x0800111f   Thumb Code     2  stm32f4xx_hal_can.o(i.HAL_CAN_TxMailbox1CompleteCallback)
    HAL_CAN_TxMailbox2AbortCallback          0x08001121   Thumb Code     2  stm32f4xx_hal_can.o(i.HAL_CAN_TxMailbox2AbortCallback)
    HAL_CAN_TxMailbox2CompleteCallback       0x08001123   Thumb Code     2  stm32f4xx_hal_can.o(i.HAL_CAN_TxMailbox2CompleteCallback)
    HAL_CAN_WakeUpFromRxMsgCallback          0x08001125   Thumb Code     2  stm32f4xx_hal_can.o(i.HAL_CAN_WakeUpFromRxMsgCallback)
    HAL_DMA_Abort                            0x08001127   Thumb Code   146  stm32f4xx_hal_dma.o(i.HAL_DMA_Abort)
    HAL_DMA_Abort_IT                         0x080011b9   Thumb Code    36  stm32f4xx_hal_dma.o(i.HAL_DMA_Abort_IT)
    HAL_DMA_IRQHandler                       0x080011dd   Thumb Code   412  stm32f4xx_hal_dma.o(i.HAL_DMA_IRQHandler)
    HAL_DMA_Init                             0x0800137d   Thumb Code   206  stm32f4xx_hal_dma.o(i.HAL_DMA_Init)
    HAL_GPIO_Init                            0x08001451   Thumb Code   450  stm32f4xx_hal_gpio.o(i.HAL_GPIO_Init)
    HAL_GetTick                              0x08001641   Thumb Code     6  stm32f4xx_hal.o(i.HAL_GetTick)
    HAL_IncTick                              0x0800164d   Thumb Code    12  stm32f4xx_hal.o(i.HAL_IncTick)
    HAL_Init                                 0x0800165d   Thumb Code    48  stm32f4xx_hal.o(i.HAL_Init)
    HAL_InitTick                             0x08001691   Thumb Code   132  stm32f4xx_hal_timebase_tim.o(i.HAL_InitTick)
    HAL_MspInit                              0x08001729   Thumb Code    52  stm32f4xx_hal_msp.o(i.HAL_MspInit)
    HAL_NVIC_EnableIRQ                       0x08001761   Thumb Code    26  stm32f4xx_hal_cortex.o(i.HAL_NVIC_EnableIRQ)
    HAL_NVIC_SetPriority                     0x0800177d   Thumb Code    60  stm32f4xx_hal_cortex.o(i.HAL_NVIC_SetPriority)
    HAL_NVIC_SetPriorityGrouping             0x080017bd   Thumb Code    26  stm32f4xx_hal_cortex.o(i.HAL_NVIC_SetPriorityGrouping)
    HAL_RCC_ClockConfig                      0x080017e1   Thumb Code   288  stm32f4xx_hal_rcc.o(i.HAL_RCC_ClockConfig)
    HAL_RCC_GetClockConfig                   0x08001915   Thumb Code    54  stm32f4xx_hal_rcc.o(i.HAL_RCC_GetClockConfig)
    HAL_RCC_GetPCLK1Freq                     0x08001955   Thumb Code    20  stm32f4xx_hal_rcc.o(i.HAL_RCC_GetPCLK1Freq)
    HAL_RCC_GetPCLK2Freq                     0x08001975   Thumb Code    20  stm32f4xx_hal_rcc.o(i.HAL_RCC_GetPCLK2Freq)
    HAL_RCC_GetSysClockFreq                  0x08001995   Thumb Code    88  stm32f4xx_hal_rcc.o(i.HAL_RCC_GetSysClockFreq)
    HAL_RCC_OscConfig                        0x080019f5   Thumb Code   856  stm32f4xx_hal_rcc.o(i.HAL_RCC_OscConfig)
    HAL_TIMEx_BreakCallback                  0x08001d61   Thumb Code     2  stm32f4xx_hal_tim_ex.o(i.HAL_TIMEx_BreakCallback)
    HAL_TIMEx_CommutCallback                 0x08001d63   Thumb Code     2  stm32f4xx_hal_tim_ex.o(i.HAL_TIMEx_CommutCallback)
    HAL_TIM_Base_Init                        0x08001d65   Thumb Code    90  stm32f4xx_hal_tim.o(i.HAL_TIM_Base_Init)
    HAL_TIM_Base_MspInit                     0x08001dbf   Thumb Code     2  stm32f4xx_hal_tim.o(i.HAL_TIM_Base_MspInit)
    HAL_TIM_Base_Start_IT                    0x08001dc1   Thumb Code   100  stm32f4xx_hal_tim.o(i.HAL_TIM_Base_Start_IT)
    HAL_TIM_IC_CaptureCallback               0x08001e41   Thumb Code     2  stm32f4xx_hal_tim.o(i.HAL_TIM_IC_CaptureCallback)
    HAL_TIM_IRQHandler                       0x08001e43   Thumb Code   358  stm32f4xx_hal_tim.o(i.HAL_TIM_IRQHandler)
    HAL_TIM_OC_DelayElapsedCallback          0x08001fa9   Thumb Code     2  stm32f4xx_hal_tim.o(i.HAL_TIM_OC_DelayElapsedCallback)
    HAL_TIM_PWM_PulseFinishedCallback        0x08001fab   Thumb Code     2  stm32f4xx_hal_tim.o(i.HAL_TIM_PWM_PulseFinishedCallback)
    HAL_TIM_PeriodElapsedCallback            0x08001fad   Thumb Code    14  main.o(i.HAL_TIM_PeriodElapsedCallback)
    HAL_TIM_TriggerCallback                  0x08001fc1   Thumb Code     2  stm32f4xx_hal_tim.o(i.HAL_TIM_TriggerCallback)
    HAL_UARTEx_RxEventCallback               0x08001fc3   Thumb Code     2  stm32f4xx_hal_uart.o(i.HAL_UARTEx_RxEventCallback)
    HAL_UART_ErrorCallback                   0x08001fc5   Thumb Code     2  stm32f4xx_hal_uart.o(i.HAL_UART_ErrorCallback)
    HAL_UART_IRQHandler                      0x08001fc9   Thumb Code   610  stm32f4xx_hal_uart.o(i.HAL_UART_IRQHandler)
    HAL_UART_Init                            0x08002231   Thumb Code    98  stm32f4xx_hal_uart.o(i.HAL_UART_Init)
    HAL_UART_MspInit                         0x08002295   Thumb Code   232  usart.o(i.HAL_UART_MspInit)
    HAL_UART_Receive_IT                      0x08002399   Thumb Code    42  stm32f4xx_hal_uart.o(i.HAL_UART_Receive_IT)
    HAL_UART_RxCpltCallback                  0x080023c5   Thumb Code    16  imu605_485.o(i.HAL_UART_RxCpltCallback)
    HAL_UART_Transmit                        0x080023dd   Thumb Code   178  stm32f4xx_hal_uart.o(i.HAL_UART_Transmit)
    HAL_UART_TxCpltCallback                  0x0800248f   Thumb Code     2  stm32f4xx_hal_uart.o(i.HAL_UART_TxCpltCallback)
    HardFault_Handler                        0x08002491   Thumb Code     2  stm32f4xx_it.o(i.HardFault_Handler)
    IMU_Read_Euler                           0x08002495   Thumb Code   168  imu605_485.o(i.IMU_Read_Euler)
    IMU_Request_Data                         0x0800254d   Thumb Code    72  imu605_485.o(i.IMU_Request_Data)
    MX_CAN1_Init                             0x08002599   Thumb Code    60  can.o(i.MX_CAN1_Init)
    MX_CAN2_Init                             0x080025dd   Thumb Code    60  can.o(i.MX_CAN2_Init)
    MX_DMA_Init                              0x08002621   Thumb Code    40  dma.o(i.MX_DMA_Init)
    MX_FREERTOS_Init                         0x0800264d   Thumb Code    68  freertos.o(i.MX_FREERTOS_Init)
    MX_GPIO_Init                             0x08002699   Thumb Code    70  gpio.o(i.MX_GPIO_Init)
    MX_USART1_UART_Init                      0x080026e5   Thumb Code    48  usart.o(i.MX_USART1_UART_Init)
    MX_USART3_UART_Init                      0x0800271d   Thumb Code    50  usart.o(i.MX_USART3_UART_Init)
    MemManage_Handler                        0x0800275d   Thumb Code     2  stm32f4xx_it.o(i.MemManage_Handler)
    NMI_Handler                              0x0800275f   Thumb Code     2  stm32f4xx_it.o(i.NMI_Handler)
    PID_Yaw_realize                          0x08002761   Thumb Code    60  pid_user.o(i.PID_Yaw_realize)
    PID_calc                                 0x080027a9   Thumb Code   292  pid.o(i.PID_calc)
    PID_devices_Init                         0x080028d1   Thumb Code   274  pid_user.o(i.PID_devices_Init)
    PID_init                                 0x08002a0d   Thumb Code    88  pid.o(i.PID_init)
    PID_velocity_realize_1                   0x08002a69   Thumb Code    52  pid_user.o(i.PID_velocity_realize_1)
    RC_init                                  0x08002aa5   Thumb Code    84  bsp_rc.o(i.RC_init)
    Remote_Control_Chassis_Mode              0x08002b05   Thumb Code   300  chassis_api.o(i.Remote_Control_Chassis_Mode)
    Remote_Control_Chassis_Set_Mode          0x08002c49   Thumb Code    30  chassis_api.o(i.Remote_Control_Chassis_Set_Mode)
    SysTick_Handler                          0x08002c71   Thumb Code    38  port.o(i.SysTick_Handler)
    SystemClock_Config                       0x08002c9d   Thumb Code   138  main.o(i.SystemClock_Config)
    SystemInit                               0x08002d31   Thumb Code    12  system_stm32f4xx.o(i.SystemInit)
    TIM6_DAC_IRQHandler                      0x08002d41   Thumb Code     6  stm32f4xx_it.o(i.TIM6_DAC_IRQHandler)
    TIM_Base_SetConfig                       0x08002d4d   Thumb Code   156  stm32f4xx_hal_tim.o(i.TIM_Base_SetConfig)
    UART_Start_Receive_IT                    0x08003041   Thumb Code    58  stm32f4xx_hal_uart.o(i.UART_Start_Receive_IT)
    USART1_IRQHandler                        0x080030f5   Thumb Code    22  stm32f4xx_it.o(i.USART1_IRQHandler)
    USART3_IRQHandler                        0x08003115   Thumb Code   156  remote_control.o(i.USART3_IRQHandler)
    UsageFault_Handler                       0x080031c9   Thumb Code     2  stm32f4xx_it.o(i.UsageFault_Handler)
    __ARM_fpclassify                         0x080031cb   Thumb Code    48  fpclassify.o(i.__ARM_fpclassify)
    __CRC16                                  0x080031fd   Thumb Code    38  imu605_485.o(i.__CRC16)
    __hardfp_atan                            0x08003249   Thumb Code   622  atan.o(i.__hardfp_atan)
    __hardfp_atan2                           0x08003521   Thumb Code   448  atan2.o(i.__hardfp_atan2)
    __hardfp_cos                             0x08003721   Thumb Code   180  cos.o(i.__hardfp_cos)
    __hardfp_sin                             0x080037e9   Thumb Code   180  sin.o(i.__hardfp_sin)
    __ieee754_rem_pio2                       0x080038b1   Thumb Code   938  rred.o(i.__ieee754_rem_pio2)
    __kernel_cos                             0x08003ce9   Thumb Code   322  cos_i.o(i.__kernel_cos)
    __kernel_poly                            0x08003e59   Thumb Code   248  poly.o(i.__kernel_poly)
    __kernel_sin                             0x08003f51   Thumb Code   280  sin_i.o(i.__kernel_sin)
    __mathlib_dbl_infnan                     0x08004081   Thumb Code    20  dunder.o(i.__mathlib_dbl_infnan)
    __mathlib_dbl_infnan2                    0x08004095   Thumb Code    20  dunder.o(i.__mathlib_dbl_infnan2)
    __mathlib_dbl_invalid                    0x080040a9   Thumb Code    24  dunder.o(i.__mathlib_dbl_invalid)
    __mathlib_dbl_underflow                  0x080040c9   Thumb Code    24  dunder.o(i.__mathlib_dbl_underflow)
    atan                                     0x080040e9   Thumb Code    16  atan.o(i.atan)
    chassis_task                             0x080040f9   Thumb Code    46  chassis_task.o(i.chassis_task)
    deg2rad                                  0x0800412d   Thumb Code    10  chassis_api.o(i.deg2rad)
    fabs                                     0x0800413d   Thumb Code    24  fabs.o(i.fabs)
    get_moto_offset                          0x08004155   Thumb Code    10  can_receive.o(i.get_moto_offset)
    get_motor_measure                        0x0800415f   Thumb Code    66  can_receive.o(i.get_motor_measure)
    imu_task                                 0x080041a1   Thumb Code    16  imu605_485.o(i.imu_task)
    main                                     0x080041b1   Thumb Code    66  main.o(i.main)
    osDelay                                  0x0800420d   Thumb Code    14  cmsis_os.o(i.osDelay)
    osKernelStart                            0x0800421b   Thumb Code    10  cmsis_os.o(i.osKernelStart)
    osSemaphoreCreate                        0x08004225   Thumb Code    62  cmsis_os.o(i.osSemaphoreCreate)
    osThreadCreate                           0x08004263   Thumb Code    84  cmsis_os.o(i.osThreadCreate)
    pvPortMalloc                             0x080046f5   Thumb Code   216  heap_4.o(i.pvPortMalloc)
    pxPortInitialiseStack                    0x080047d1   Thumb Code    40  port.o(i.pxPortInitialiseStack)
    rad2deg                                  0x080047fd   Thumb Code    10  chassis_api.o(i.rad2deg)
    remote_control_init                      0x0800480d   Thumb Code    12  remote_control.o(i.remote_control_init)
    uxListRemove                             0x080048d1   Thumb Code    38  list.o(i.uxListRemove)
    vApplicationGetIdleTaskMemory            0x080048f9   Thumb Code    16  freertos.o(i.vApplicationGetIdleTaskMemory)
    vListInitialise                          0x0800490d   Thumb Code    22  list.o(i.vListInitialise)
    vListInitialiseItem                      0x08004923   Thumb Code     6  list.o(i.vListInitialiseItem)
    vListInsert                              0x08004929   Thumb Code    48  list.o(i.vListInsert)
    vListInsertEnd                           0x08004959   Thumb Code    24  list.o(i.vListInsertEnd)
    vPortEnterCritical                       0x08004971   Thumb Code    54  port.o(i.vPortEnterCritical)
    vPortExitCritical                        0x080049b1   Thumb Code    34  port.o(i.vPortExitCritical)
    vPortFree                                0x080049d9   Thumb Code    94  heap_4.o(i.vPortFree)
    vPortSetupTimerInterrupt                 0x08004a3d   Thumb Code    32  port.o(i.vPortSetupTimerInterrupt)
    vTaskDelay                               0x08004a61   Thumb Code    66  tasks.o(i.vTaskDelay)
    vTaskInternalSetTimeOutState             0x08004aad   Thumb Code    12  tasks.o(i.vTaskInternalSetTimeOutState)
    vTaskMissedYield                         0x08004abd   Thumb Code     8  tasks.o(i.vTaskMissedYield)
    vTaskPlaceOnEventList                    0x08004ac9   Thumb Code    44  tasks.o(i.vTaskPlaceOnEventList)
    vTaskStartScheduler                      0x08004af9   Thumb Code    90  tasks.o(i.vTaskStartScheduler)
    vTaskSuspendAll                          0x08004b65   Thumb Code    10  tasks.o(i.vTaskSuspendAll)
    vTaskSwitchContext                       0x08004b75   Thumb Code    82  tasks.o(i.vTaskSwitchContext)
    xPortStartScheduler                      0x08004bd1   Thumb Code   222  port.o(i.xPortStartScheduler)
    xQueueGenericCreate                      0x08004cc5   Thumb Code    66  queue.o(i.xQueueGenericCreate)
    xQueueGenericCreateStatic                0x08004d07   Thumb Code   102  queue.o(i.xQueueGenericCreateStatic)
    xQueueGenericReset                       0x08004d6d   Thumb Code   132  queue.o(i.xQueueGenericReset)
    xQueueGenericSend                        0x08004df5   Thumb Code   346  queue.o(i.xQueueGenericSend)
    xTaskCheckForTimeOut                     0x08004f55   Thumb Code   112  tasks.o(i.xTaskCheckForTimeOut)
    xTaskCreate                              0x08004fc9   Thumb Code    90  tasks.o(i.xTaskCreate)
    xTaskCreateStatic                        0x08005023   Thumb Code    86  tasks.o(i.xTaskCreateStatic)
    xTaskGetSchedulerState                   0x08005079   Thumb Code    22  tasks.o(i.xTaskGetSchedulerState)
    xTaskIncrementTick                       0x08005095   Thumb Code   194  tasks.o(i.xTaskIncrementTick)
    xTaskPriorityDisinherit                  0x08005161   Thumb Code   144  tasks.o(i.xTaskPriorityDisinherit)
    xTaskRemoveFromEventList                 0x080051f9   Thumb Code   108  tasks.o(i.xTaskRemoveFromEventList)
    xTaskResumeAll                           0x0800526d   Thumb Code   182  tasks.o(i.xTaskResumeAll)
    __aeabi_dneg                             0x08005331   Thumb Code     0  basic.o(x$fpl$basic)
    _dneg                                    0x08005331   Thumb Code     6  basic.o(x$fpl$basic)
    __aeabi_fneg                             0x08005337   Thumb Code     0  basic.o(x$fpl$basic)
    _fneg                                    0x08005337   Thumb Code     6  basic.o(x$fpl$basic)
    _dabs                                    0x0800533d   Thumb Code     6  basic.o(x$fpl$basic)
    _fabs                                    0x08005343   Thumb Code     6  basic.o(x$fpl$basic)
    __aeabi_d2f                              0x08005349   Thumb Code     0  d2f.o(x$fpl$d2f)
    _d2f                                     0x08005349   Thumb Code    98  d2f.o(x$fpl$d2f)
    __aeabi_dadd                             0x080053ad   Thumb Code     0  daddsub_clz.o(x$fpl$dadd)
    _dadd                                    0x080053ad   Thumb Code   332  daddsub_clz.o(x$fpl$dadd)
    __fpl_dcmp_Inf                           0x080054fd   Thumb Code    24  dcmpi.o(x$fpl$dcmpinf)
    __aeabi_ddiv                             0x08005515   Thumb Code     0  ddiv.o(x$fpl$ddiv)
    _ddiv                                    0x08005515   Thumb Code   552  ddiv.o(x$fpl$ddiv)
    __aeabi_cdcmpeq                          0x080057c5   Thumb Code     0  deqf.o(x$fpl$deqf)
    _dcmpeq                                  0x080057c5   Thumb Code   120  deqf.o(x$fpl$deqf)
    __aeabi_d2iz                             0x0800583d   Thumb Code     0  dfix.o(x$fpl$dfix)
    _dfix                                    0x0800583d   Thumb Code    94  dfix.o(x$fpl$dfix)
    __aeabi_i2d                              0x0800589b   Thumb Code     0  dflt_clz.o(x$fpl$dflt)
    _dflt                                    0x0800589b   Thumb Code    46  dflt_clz.o(x$fpl$dflt)
    __aeabi_ui2d                             0x080058c9   Thumb Code     0  dflt_clz.o(x$fpl$dfltu)
    _dfltu                                   0x080058c9   Thumb Code    38  dflt_clz.o(x$fpl$dfltu)
    __aeabi_dmul                             0x080058f1   Thumb Code     0  dmul.o(x$fpl$dmul)
    _dmul                                    0x080058f1   Thumb Code   332  dmul.o(x$fpl$dmul)
    __fpl_dnaninf                            0x08005a45   Thumb Code   156  dnaninf.o(x$fpl$dnaninf)
    __fpl_dretinf                            0x08005ae1   Thumb Code    12  dretinf.o(x$fpl$dretinf)
    __aeabi_drsub                            0x08005aed   Thumb Code     0  daddsub_clz.o(x$fpl$drsb)
    _drsb                                    0x08005aed   Thumb Code    22  daddsub_clz.o(x$fpl$drsb)
    __aeabi_dsub                             0x08005b05   Thumb Code     0  daddsub_clz.o(x$fpl$dsub)
    _dsub                                    0x08005b05   Thumb Code   464  daddsub_clz.o(x$fpl$dsub)
    __aeabi_f2d                              0x08005cd9   Thumb Code     0  f2d.o(x$fpl$f2d)
    _f2d                                     0x08005cd9   Thumb Code    86  f2d.o(x$fpl$f2d)
    __fpl_fnaninf                            0x08005d2f   Thumb Code   140  fnaninf.o(x$fpl$fnaninf)
    _fp_init                                 0x08005dbb   Thumb Code    10  fpinit.o(x$fpl$fpinit)
    __fplib_config_fpu_vfp                   0x08005dc3   Thumb Code     0  fpinit.o(x$fpl$fpinit)
    __fplib_config_pureend_doubles           0x08005dc3   Thumb Code     0  fpinit.o(x$fpl$fpinit)
    __fpl_fretinf                            0x08005dc5   Thumb Code    10  fretinf.o(x$fpl$fretinf)
    __I$use$fp                               0x08005dce   Number         0  usenofp.o(x$fpl$usenofp)
    AHBPrescTable                            0x08005e10   Data          16  system_stm32f4xx.o(.constdata)
    APBPrescTable                            0x08005e20   Data           8  system_stm32f4xx.o(.constdata)
    __mathlib_zero                           0x080060f0   Data           8  qnan.o(.constdata)
    Region$$Table$$Base                      0x08006204   Number         0  anon$$obj.o(Region$$Table)
    Region$$Table$$Limit                     0x08006224   Number         0  anon$$obj.o(Region$$Table)
    CHASSIS_TASKHandle                       0x20000000   Data           4  freertos.o(.data)
    IMU_TASKHandle                           0x20000004   Data           4  freertos.o(.data)
    IMU_Chassis_BinarySemHandle              0x20000008   Data           4  freertos.o(.data)
    uwTickFreq                               0x20000010   Data           1  stm32f4xx_hal.o(.data)
    uwTickPrio                               0x20000014   Data           4  stm32f4xx_hal.o(.data)
    uwTick                                   0x20000018   Data           4  stm32f4xx_hal.o(.data)
    SystemCoreClock                          0x2000001c   Data           4  system_stm32f4xx.o(.data)
    pxCurrentTCB                             0x20000020   Data           4  tasks.o(.data)
    can_send_data                            0x2000008a   Data           8  can_receive.o(.data)
    actChassis                               0x20000094   Data           1  chassis_api.o(.data)
    RC_atan2_value                           0x20000098   Data           4  chassis_api.o(.data)
    yaw_delta                                0x2000009c   Data           4  chassis_api.o(.data)
    motor_speed_3508_pid                     0x200000a4   Data          12  pid_user.o(.data)
    motor_position_3508_pid                  0x200000b0   Data          12  pid_user.o(.data)
    motor_speed_2006_pid                     0x200000bc   Data          12  pid_user.o(.data)
    motor_position_2006_pid                  0x200000c8   Data          12  pid_user.o(.data)
    motor_yaw_pid                            0x200000d4   Data          12  pid_user.o(.data)
    hcan1                                    0x20000338   Data          40  can.o(.bss)
    hcan2                                    0x20000360   Data          40  can.o(.bss)
    huart1                                   0x20000388   Data          68  usart.o(.bss)
    huart3                                   0x200003cc   Data          68  usart.o(.bss)
    hdma_usart3_rx                           0x20000410   Data          96  usart.o(.bss)
    htim6                                    0x20000470   Data          72  stm32f4xx_hal_timebase_tim.o(.bss)
    motor_can1                               0x200041a8   Data         224  can_receive.o(.bss)
    motor_can2                               0x20004288   Data         224  can_receive.o(.bss)
    can_tx_message                           0x20004368   Data          24  can_receive.o(.bss)
    absolute_chassis_speed                   0x20004380   Data          12  chassis_api.o(.bss)
    absolute_chassis_measure                 0x2000438c   Data          36  chassis_api.o(.bss)
    Speed_Motor_Target                       0x200043b0   Data          12  chassis_api.o(.bss)
    M3508_Target                             0x200043bc   Data          12  chassis_api.o(.bss)
    speed_yaw                                0x200043c8   Data          12  chassis_api.o(.bss)
    rx_buffer                                0x200043d4   Data          11  imu605_485.o(.bss)
    imu                                      0x200043df   Data          68  imu605_485.o(.bss)
    pid_v_1                                  0x20004424   Data         576  pid_user.o(.bss)
    pid_pos_1                                0x20004664   Data         576  pid_user.o(.bss)
    pid_v_2                                  0x200048a4   Data         576  pid_user.o(.bss)
    pid_pos_2                                0x20004ae4   Data         576  pid_user.o(.bss)
    pid_yaw                                  0x20004d24   Data          72  pid_user.o(.bss)
    rc_ctrl                                  0x20004d6c   Data          22  remote_control.o(.bss)
    __libspace_start                         0x20004dcc   Data          96  libspace.o(.bss)
    __temporary_stack_top$libspace           0x20004e2c   Data           0  libspace.o(.bss)



==============================================================================

Memory Map of the image

  Image Entry point : 0x08000189

  Load Region LR_IROM1 (Base: 0x08000000, Size: 0x00006308, Max: 0x00080000, ABSOLUTE)

    Execution Region ER_IROM1 (Exec base: 0x08000000, Load base: 0x08000000, Size: 0x00006224, Max: 0x00080000, ABSOLUTE)

    Exec Addr    Load Addr    Size         Type   Attr      Idx    E Section Name        Object

    0x08000000   0x08000000   0x00000188   Data   RO            3    RESET               startup_stm32f407xx.o
    0x08000188   0x08000188   0x00000008   Code   RO         5202  * !!!main             c_w.l(__main.o)
    0x08000190   0x08000190   0x00000034   Code   RO         5510    !!!scatter          c_w.l(__scatter.o)
    0x080001c4   0x080001c4   0x0000001a   Code   RO         5512    !!handler_copy      c_w.l(__scatter_copy.o)
    0x080001de   0x080001de   0x00000002   PAD
    0x080001e0   0x080001e0   0x0000001c   Code   RO         5514    !!handler_zi        c_w.l(__scatter_zi.o)
    0x080001fc   0x080001fc   0x00000002   Code   RO         5381    .ARM.Collect$$libinit$$00000000  c_w.l(libinit.o)
    0x080001fe   0x080001fe   0x00000004   Code   RO         5390    .ARM.Collect$$libinit$$00000001  c_w.l(libinit2.o)
    0x08000202   0x08000202   0x00000000   Code   RO         5393    .ARM.Collect$$libinit$$00000004  c_w.l(libinit2.o)
    0x08000202   0x08000202   0x00000000   Code   RO         5396    .ARM.Collect$$libinit$$0000000A  c_w.l(libinit2.o)
    0x08000202   0x08000202   0x00000000   Code   RO         5398    .ARM.Collect$$libinit$$0000000C  c_w.l(libinit2.o)
    0x08000202   0x08000202   0x00000000   Code   RO         5400    .ARM.Collect$$libinit$$0000000E  c_w.l(libinit2.o)
    0x08000202   0x08000202   0x00000000   Code   RO         5403    .ARM.Collect$$libinit$$00000011  c_w.l(libinit2.o)
    0x08000202   0x08000202   0x00000000   Code   RO         5405    .ARM.Collect$$libinit$$00000013  c_w.l(libinit2.o)
    0x08000202   0x08000202   0x00000000   Code   RO         5407    .ARM.Collect$$libinit$$00000015  c_w.l(libinit2.o)
    0x08000202   0x08000202   0x00000000   Code   RO         5409    .ARM.Collect$$libinit$$00000017  c_w.l(libinit2.o)
    0x08000202   0x08000202   0x00000000   Code   RO         5411    .ARM.Collect$$libinit$$00000019  c_w.l(libinit2.o)
    0x08000202   0x08000202   0x00000000   Code   RO         5413    .ARM.Collect$$libinit$$0000001B  c_w.l(libinit2.o)
    0x08000202   0x08000202   0x00000000   Code   RO         5415    .ARM.Collect$$libinit$$0000001D  c_w.l(libinit2.o)
    0x08000202   0x08000202   0x00000000   Code   RO         5417    .ARM.Collect$$libinit$$0000001F  c_w.l(libinit2.o)
    0x08000202   0x08000202   0x00000000   Code   RO         5419    .ARM.Collect$$libinit$$00000021  c_w.l(libinit2.o)
    0x08000202   0x08000202   0x00000000   Code   RO         5421    .ARM.Collect$$libinit$$00000023  c_w.l(libinit2.o)
    0x08000202   0x08000202   0x00000000   Code   RO         5423    .ARM.Collect$$libinit$$00000025  c_w.l(libinit2.o)
    0x08000202   0x08000202   0x00000000   Code   RO         5427    .ARM.Collect$$libinit$$0000002C  c_w.l(libinit2.o)
    0x08000202   0x08000202   0x00000000   Code   RO         5429    .ARM.Collect$$libinit$$0000002E  c_w.l(libinit2.o)
    0x08000202   0x08000202   0x00000000   Code   RO         5431    .ARM.Collect$$libinit$$00000030  c_w.l(libinit2.o)
    0x08000202   0x08000202   0x00000000   Code   RO         5433    .ARM.Collect$$libinit$$00000032  c_w.l(libinit2.o)
    0x08000202   0x08000202   0x00000002   Code   RO         5434    .ARM.Collect$$libinit$$00000033  c_w.l(libinit2.o)
    0x08000204   0x08000204   0x00000002   Code   RO         5465    .ARM.Collect$$libshutdown$$00000000  c_w.l(libshutdown.o)
    0x08000206   0x08000206   0x00000000   Code   RO         5491    .ARM.Collect$$libshutdown$$00000002  c_w.l(libshutdown2.o)
    0x08000206   0x08000206   0x00000000   Code   RO         5493    .ARM.Collect$$libshutdown$$00000004  c_w.l(libshutdown2.o)
    0x08000206   0x08000206   0x00000000   Code   RO         5495    .ARM.Collect$$libshutdown$$00000006  c_w.l(libshutdown2.o)
    0x08000206   0x08000206   0x00000000   Code   RO         5498    .ARM.Collect$$libshutdown$$00000009  c_w.l(libshutdown2.o)
    0x08000206   0x08000206   0x00000000   Code   RO         5501    .ARM.Collect$$libshutdown$$0000000C  c_w.l(libshutdown2.o)
    0x08000206   0x08000206   0x00000000   Code   RO         5503    .ARM.Collect$$libshutdown$$0000000E  c_w.l(libshutdown2.o)
    0x08000206   0x08000206   0x00000000   Code   RO         5506    .ARM.Collect$$libshutdown$$00000011  c_w.l(libshutdown2.o)
    0x08000206   0x08000206   0x00000002   Code   RO         5507    .ARM.Collect$$libshutdown$$00000012  c_w.l(libshutdown2.o)
    0x08000208   0x08000208   0x00000000   Code   RO         5252    .ARM.Collect$$rtentry$$00000000  c_w.l(__rtentry.o)
    0x08000208   0x08000208   0x00000000   Code   RO         5328    .ARM.Collect$$rtentry$$00000002  c_w.l(__rtentry2.o)
    0x08000208   0x08000208   0x00000006   Code   RO         5340    .ARM.Collect$$rtentry$$00000004  c_w.l(__rtentry4.o)
    0x0800020e   0x0800020e   0x00000000   Code   RO         5330    .ARM.Collect$$rtentry$$00000009  c_w.l(__rtentry2.o)
    0x0800020e   0x0800020e   0x00000004   Code   RO         5331    .ARM.Collect$$rtentry$$0000000A  c_w.l(__rtentry2.o)
    0x08000212   0x08000212   0x00000000   Code   RO         5333    .ARM.Collect$$rtentry$$0000000C  c_w.l(__rtentry2.o)
    0x08000212   0x08000212   0x00000008   Code   RO         5334    .ARM.Collect$$rtentry$$0000000D  c_w.l(__rtentry2.o)
    0x0800021a   0x0800021a   0x00000002   Code   RO         5382    .ARM.Collect$$rtexit$$00000000  c_w.l(rtexit.o)
    0x0800021c   0x0800021c   0x00000000   Code   RO         5438    .ARM.Collect$$rtexit$$00000002  c_w.l(rtexit2.o)
    0x0800021c   0x0800021c   0x00000004   Code   RO         5439    .ARM.Collect$$rtexit$$00000003  c_w.l(rtexit2.o)
    0x08000220   0x08000220   0x00000006   Code   RO         5440    .ARM.Collect$$rtexit$$00000004  c_w.l(rtexit2.o)
    0x08000226   0x08000226   0x00000002   PAD
    0x08000228   0x08000228   0x000000be   Code   RO         4560    .emb_text           port.o
    0x080002e6   0x080002e6   0x00000002   PAD
    0x080002e8   0x080002e8   0x00000040   Code   RO            4    .text               startup_stm32f407xx.o
    0x08000328   0x08000328   0x000000ee   Code   RO         5190    .text               c_w.l(lludivv7m.o)
    0x08000416   0x08000416   0x0000008a   Code   RO         5192    .text               c_w.l(rt_memcpy_v6.o)
    0x080004a0   0x080004a0   0x00000064   Code   RO         5194    .text               c_w.l(rt_memcpy_w.o)
    0x08000504   0x08000504   0x0000004e   Code   RO         5198    .text               c_w.l(rt_memclr_w.o)
    0x08000552   0x08000552   0x00000006   Code   RO         5200    .text               c_w.l(heapauxi.o)
    0x08000558   0x08000558   0x00000016   Code   RO         5257    .text               c_w.l(_rserrno.o)
    0x0800056e   0x0800056e   0x00000002   PAD
    0x08000570   0x08000570   0x00000008   Code   RO         5347    .text               c_w.l(rt_errno_addr_intlibspace.o)
    0x08000578   0x08000578   0x00000008   Code   RO         5365    .text               c_w.l(libspace.o)
    0x08000580   0x08000580   0x0000004a   Code   RO         5368    .text               c_w.l(sys_stackheap_outer.o)
    0x080005ca   0x080005ca   0x00000012   Code   RO         5370    .text               c_w.l(exit.o)
    0x080005dc   0x080005dc   0x0000000c   Code   RO         5435    .text               c_w.l(sys_exit.o)
    0x080005e8   0x080005e8   0x00000002   Code   RO         5454    .text               c_w.l(use_no_semi.o)
    0x080005ea   0x080005ea   0x00000000   Code   RO         5456    .text               c_w.l(indicate_semi.o)
    0x080005ea   0x080005ea   0x00000002   Code   RO          452    i.BusFault_Handler  stm32f4xx_it.o
    0x080005ec   0x080005ec   0x00000048   Code   RO         4640    i.CAN1_CMD_1        can_receive.o
    0x08000634   0x08000634   0x0000002c   Code   RO         5091    i.CAN1_Filter_Init  bsp_can.o
    0x08000660   0x08000660   0x0000000c   Code   RO          453    i.CAN1_RX0_IRQHandler  stm32f4xx_it.o
    0x0800066c   0x0800066c   0x0000000c   Code   RO          454    i.CAN2_RX0_IRQHandler  stm32f4xx_it.o
    0x08000678   0x08000678   0x0000001e   Code   RO         5093    i.CAN_Start         bsp_can.o
    0x08000696   0x08000696   0x00000002   PAD
    0x08000698   0x08000698   0x000000a8   Code   RO         4713    i.Chassis_Loop_Out  chassis_api.o
    0x08000740   0x08000740   0x00000118   Code   RO         4714    i.Chassis_Sports_Calc  chassis_api.o
    0x08000858   0x08000858   0x0000000c   Code   RO          455    i.DMA1_Stream1_IRQHandler  stm32f4xx_it.o
    0x08000864   0x08000864   0x00000028   Code   RO         1296    i.DMA_CalcBaseAndBitshift  stm32f4xx_hal_dma.o
    0x0800088c   0x0800088c   0x00000054   Code   RO         1297    i.DMA_CheckFifoParam  stm32f4xx_hal_dma.o
    0x080008e0   0x080008e0   0x00000002   Code   RO          456    i.DebugMon_Handler  stm32f4xx_it.o
    0x080008e2   0x080008e2   0x00000004   Code   RO           13    i.Error_Handler     main.o
    0x080008e6   0x080008e6   0x00000024   Code   RO          604    i.HAL_CAN_ActivateNotification  stm32f4xx_hal_can.o
    0x0800090a   0x0800090a   0x000000dc   Code   RO          605    i.HAL_CAN_AddTxMessage  stm32f4xx_hal_can.o
    0x080009e6   0x080009e6   0x00000002   PAD
    0x080009e8   0x080009e8   0x0000010c   Code   RO          606    i.HAL_CAN_ConfigFilter  stm32f4xx_hal_can.o
    0x08000af4   0x08000af4   0x00000002   Code   RO          609    i.HAL_CAN_ErrorCallback  stm32f4xx_hal_can.o
    0x08000af6   0x08000af6   0x000000e8   Code   RO          612    i.HAL_CAN_GetRxMessage  stm32f4xx_hal_can.o
    0x08000bde   0x08000bde   0x000001fc   Code   RO          616    i.HAL_CAN_IRQHandler  stm32f4xx_hal_can.o
    0x08000dda   0x08000dda   0x0000011a   Code   RO          617    i.HAL_CAN_Init      stm32f4xx_hal_can.o
    0x08000ef4   0x08000ef4   0x000000fc   Code   RO          332    i.HAL_CAN_MspInit   can.o
    0x08000ff0   0x08000ff0   0x00000002   Code   RO          624    i.HAL_CAN_RxFifo0FullCallback  stm32f4xx_hal_can.o
    0x08000ff2   0x08000ff2   0x00000002   PAD
    0x08000ff4   0x08000ff4   0x000000c4   Code   RO         4644    i.HAL_CAN_RxFifo0MsgPendingCallback  can_receive.o
    0x080010b8   0x080010b8   0x00000002   Code   RO          626    i.HAL_CAN_RxFifo1FullCallback  stm32f4xx_hal_can.o
    0x080010ba   0x080010ba   0x00000002   Code   RO          627    i.HAL_CAN_RxFifo1MsgPendingCallback  stm32f4xx_hal_can.o
    0x080010bc   0x080010bc   0x00000002   Code   RO          628    i.HAL_CAN_SleepCallback  stm32f4xx_hal_can.o
    0x080010be   0x080010be   0x00000002   PAD
    0x080010c0   0x080010c0   0x00000058   Code   RO          629    i.HAL_CAN_Start     stm32f4xx_hal_can.o
    0x08001118   0x08001118   0x00000002   Code   RO          631    i.HAL_CAN_TxMailbox0AbortCallback  stm32f4xx_hal_can.o
    0x0800111a   0x0800111a   0x00000002   Code   RO          632    i.HAL_CAN_TxMailbox0CompleteCallback  stm32f4xx_hal_can.o
    0x0800111c   0x0800111c   0x00000002   Code   RO          633    i.HAL_CAN_TxMailbox1AbortCallback  stm32f4xx_hal_can.o
    0x0800111e   0x0800111e   0x00000002   Code   RO          634    i.HAL_CAN_TxMailbox1CompleteCallback  stm32f4xx_hal_can.o
    0x08001120   0x08001120   0x00000002   Code   RO          635    i.HAL_CAN_TxMailbox2AbortCallback  stm32f4xx_hal_can.o
    0x08001122   0x08001122   0x00000002   Code   RO          636    i.HAL_CAN_TxMailbox2CompleteCallback  stm32f4xx_hal_can.o
    0x08001124   0x08001124   0x00000002   Code   RO          638    i.HAL_CAN_WakeUpFromRxMsgCallback  stm32f4xx_hal_can.o
    0x08001126   0x08001126   0x00000092   Code   RO         1299    i.HAL_DMA_Abort     stm32f4xx_hal_dma.o
    0x080011b8   0x080011b8   0x00000024   Code   RO         1300    i.HAL_DMA_Abort_IT  stm32f4xx_hal_dma.o
    0x080011dc   0x080011dc   0x000001a0   Code   RO         1304    i.HAL_DMA_IRQHandler  stm32f4xx_hal_dma.o
    0x0800137c   0x0800137c   0x000000d4   Code   RO         1305    i.HAL_DMA_Init      stm32f4xx_hal_dma.o
    0x08001450   0x08001450   0x000001f0   Code   RO         1192    i.HAL_GPIO_Init     stm32f4xx_hal_gpio.o
    0x08001640   0x08001640   0x0000000c   Code   RO         1724    i.HAL_GetTick       stm32f4xx_hal.o
    0x0800164c   0x0800164c   0x00000010   Code   RO         1730    i.HAL_IncTick       stm32f4xx_hal.o
    0x0800165c   0x0800165c   0x00000034   Code   RO         1731    i.HAL_Init          stm32f4xx_hal.o
    0x08001690   0x08001690   0x00000098   Code   RO          564    i.HAL_InitTick      stm32f4xx_hal_timebase_tim.o
    0x08001728   0x08001728   0x00000038   Code   RO          540    i.HAL_MspInit       stm32f4xx_hal_msp.o
    0x08001760   0x08001760   0x0000001a   Code   RO         1581    i.HAL_NVIC_EnableIRQ  stm32f4xx_hal_cortex.o
    0x0800177a   0x0800177a   0x00000002   PAD
    0x0800177c   0x0800177c   0x00000040   Code   RO         1587    i.HAL_NVIC_SetPriority  stm32f4xx_hal_cortex.o
    0x080017bc   0x080017bc   0x00000024   Code   RO         1588    i.HAL_NVIC_SetPriorityGrouping  stm32f4xx_hal_cortex.o
    0x080017e0   0x080017e0   0x00000134   Code   RO          838    i.HAL_RCC_ClockConfig  stm32f4xx_hal_rcc.o
    0x08001914   0x08001914   0x00000040   Code   RO          842    i.HAL_RCC_GetClockConfig  stm32f4xx_hal_rcc.o
    0x08001954   0x08001954   0x00000020   Code   RO          845    i.HAL_RCC_GetPCLK1Freq  stm32f4xx_hal_rcc.o
    0x08001974   0x08001974   0x00000020   Code   RO          846    i.HAL_RCC_GetPCLK2Freq  stm32f4xx_hal_rcc.o
    0x08001994   0x08001994   0x00000060   Code   RO          847    i.HAL_RCC_GetSysClockFreq  stm32f4xx_hal_rcc.o
    0x080019f4   0x080019f4   0x0000036c   Code   RO          850    i.HAL_RCC_OscConfig  stm32f4xx_hal_rcc.o
    0x08001d60   0x08001d60   0x00000002   Code   RO         2675    i.HAL_TIMEx_BreakCallback  stm32f4xx_hal_tim_ex.o
    0x08001d62   0x08001d62   0x00000002   Code   RO         2676    i.HAL_TIMEx_CommutCallback  stm32f4xx_hal_tim_ex.o
    0x08001d64   0x08001d64   0x0000005a   Code   RO         1971    i.HAL_TIM_Base_Init  stm32f4xx_hal_tim.o
    0x08001dbe   0x08001dbe   0x00000002   Code   RO         1973    i.HAL_TIM_Base_MspInit  stm32f4xx_hal_tim.o
    0x08001dc0   0x08001dc0   0x00000080   Code   RO         1976    i.HAL_TIM_Base_Start_IT  stm32f4xx_hal_tim.o
    0x08001e40   0x08001e40   0x00000002   Code   RO         2005    i.HAL_TIM_IC_CaptureCallback  stm32f4xx_hal_tim.o
    0x08001e42   0x08001e42   0x00000166   Code   RO         2019    i.HAL_TIM_IRQHandler  stm32f4xx_hal_tim.o
    0x08001fa8   0x08001fa8   0x00000002   Code   RO         2022    i.HAL_TIM_OC_DelayElapsedCallback  stm32f4xx_hal_tim.o
    0x08001faa   0x08001faa   0x00000002   Code   RO         2049    i.HAL_TIM_PWM_PulseFinishedCallback  stm32f4xx_hal_tim.o
    0x08001fac   0x08001fac   0x00000014   Code   RO           14    i.HAL_TIM_PeriodElapsedCallback  main.o
    0x08001fc0   0x08001fc0   0x00000002   Code   RO         2062    i.HAL_TIM_TriggerCallback  stm32f4xx_hal_tim.o
    0x08001fc2   0x08001fc2   0x00000002   Code   RO         2953    i.HAL_UARTEx_RxEventCallback  stm32f4xx_hal_uart.o
    0x08001fc4   0x08001fc4   0x00000002   Code   RO         2967    i.HAL_UART_ErrorCallback  stm32f4xx_hal_uart.o
    0x08001fc6   0x08001fc6   0x00000002   PAD
    0x08001fc8   0x08001fc8   0x00000268   Code   RO         2970    i.HAL_UART_IRQHandler  stm32f4xx_hal_uart.o
    0x08002230   0x08002230   0x00000062   Code   RO         2971    i.HAL_UART_Init     stm32f4xx_hal_uart.o
    0x08002292   0x08002292   0x00000002   PAD
    0x08002294   0x08002294   0x00000104   Code   RO          405    i.HAL_UART_MspInit  usart.o
    0x08002398   0x08002398   0x0000002a   Code   RO         2976    i.HAL_UART_Receive_IT  stm32f4xx_hal_uart.o
    0x080023c2   0x080023c2   0x00000002   PAD
    0x080023c4   0x080023c4   0x00000018   Code   RO         4800    i.HAL_UART_RxCpltCallback  imu605_485.o
    0x080023dc   0x080023dc   0x000000b2   Code   RO         2979    i.HAL_UART_Transmit  stm32f4xx_hal_uart.o
    0x0800248e   0x0800248e   0x00000002   Code   RO         2982    i.HAL_UART_TxCpltCallback  stm32f4xx_hal_uart.o
    0x08002490   0x08002490   0x00000002   Code   RO          457    i.HardFault_Handler  stm32f4xx_it.o
    0x08002492   0x08002492   0x00000002   PAD
    0x08002494   0x08002494   0x000000b8   Code   RO         4801    i.IMU_Read_Euler    imu605_485.o
    0x0800254c   0x0800254c   0x0000004c   Code   RO         4802    i.IMU_Request_Data  imu605_485.o
    0x08002598   0x08002598   0x00000044   Code   RO          333    i.MX_CAN1_Init      can.o
    0x080025dc   0x080025dc   0x00000044   Code   RO          334    i.MX_CAN2_Init      can.o
    0x08002620   0x08002620   0x0000002c   Code   RO          380    i.MX_DMA_Init       dma.o
    0x0800264c   0x0800264c   0x0000004c   Code   RO          272    i.MX_FREERTOS_Init  freertos.o
    0x08002698   0x08002698   0x0000004c   Code   RO          248    i.MX_GPIO_Init      gpio.o
    0x080026e4   0x080026e4   0x00000038   Code   RO          406    i.MX_USART1_UART_Init  usart.o
    0x0800271c   0x0800271c   0x00000040   Code   RO          407    i.MX_USART3_UART_Init  usart.o
    0x0800275c   0x0800275c   0x00000002   Code   RO          458    i.MemManage_Handler  stm32f4xx_it.o
    0x0800275e   0x0800275e   0x00000002   Code   RO          459    i.NMI_Handler       stm32f4xx_it.o
    0x08002760   0x08002760   0x00000048   Code   RO         4905    i.PID_Yaw_realize   pid_user.o
    0x080027a8   0x080027a8   0x00000128   Code   RO         4869    i.PID_calc          pid.o
    0x080028d0   0x080028d0   0x0000013c   Code   RO         4908    i.PID_devices_Init  pid_user.o
    0x08002a0c   0x08002a0c   0x0000005c   Code   RO         4871    i.PID_init          pid.o
    0x08002a68   0x08002a68   0x0000003c   Code   RO         4911    i.PID_velocity_realize_1  pid_user.o
    0x08002aa4   0x08002aa4   0x00000060   Code   RO         5166    i.RC_init           bsp_rc.o
    0x08002b04   0x08002b04   0x00000144   Code   RO         4715    i.Remote_Control_Chassis_Mode  chassis_api.o
    0x08002c48   0x08002c48   0x00000028   Code   RO         4716    i.Remote_Control_Chassis_Set_Mode  chassis_api.o
    0x08002c70   0x08002c70   0x0000002c   Code   RO         4561    i.SysTick_Handler   port.o
    0x08002c9c   0x08002c9c   0x00000094   Code   RO           15    i.SystemClock_Config  main.o
    0x08002d30   0x08002d30   0x00000010   Code   RO         3300    i.SystemInit        system_stm32f4xx.o
    0x08002d40   0x08002d40   0x0000000c   Code   RO          460    i.TIM6_DAC_IRQHandler  stm32f4xx_it.o
    0x08002d4c   0x08002d4c   0x000000c8   Code   RO         2064    i.TIM_Base_SetConfig  stm32f4xx_hal_tim.o
    0x08002e14   0x08002e14   0x00000010   Code   RO         2984    i.UART_DMAAbortOnError  stm32f4xx_hal_uart.o
    0x08002e24   0x08002e24   0x0000004e   Code   RO         2994    i.UART_EndRxTransfer  stm32f4xx_hal_uart.o
    0x08002e72   0x08002e72   0x000000c0   Code   RO         2996    i.UART_Receive_IT   stm32f4xx_hal_uart.o
    0x08002f32   0x08002f32   0x00000002   PAD
    0x08002f34   0x08002f34   0x0000010c   Code   RO         2997    i.UART_SetConfig    stm32f4xx_hal_uart.o
    0x08003040   0x08003040   0x0000003a   Code   RO         2999    i.UART_Start_Receive_IT  stm32f4xx_hal_uart.o
    0x0800307a   0x0800307a   0x00000078   Code   RO         3000    i.UART_WaitOnFlagUntilTimeout  stm32f4xx_hal_uart.o
    0x080030f2   0x080030f2   0x00000002   PAD
    0x080030f4   0x080030f4   0x00000020   Code   RO          461    i.USART1_IRQHandler  stm32f4xx_it.o
    0x08003114   0x08003114   0x000000b4   Code   RO         4976    i.USART3_IRQHandler  remote_control.o
    0x080031c8   0x080031c8   0x00000002   Code   RO          462    i.UsageFault_Handler  stm32f4xx_it.o
    0x080031ca   0x080031ca   0x00000030   Code   RO         5361    i.__ARM_fpclassify  m_wm.l(fpclassify.o)
    0x080031fa   0x080031fa   0x00000002   PAD
    0x080031fc   0x080031fc   0x0000002c   Code   RO         4805    i.__CRC16           imu605_485.o
    0x08003228   0x08003228   0x00000020   Code   RO         1594    i.__NVIC_SetPriority  stm32f4xx_hal_cortex.o
    0x08003248   0x08003248   0x000002d8   Code   RO         5278    i.__hardfp_atan     m_wm.l(atan.o)
    0x08003520   0x08003520   0x00000200   Code   RO         5216    i.__hardfp_atan2    m_wm.l(atan2.o)
    0x08003720   0x08003720   0x000000c8   Code   RO         5228    i.__hardfp_cos      m_wm.l(cos.o)
    0x080037e8   0x080037e8   0x000000c8   Code   RO         5240    i.__hardfp_sin      m_wm.l(sin.o)
    0x080038b0   0x080038b0   0x00000438   Code   RO         5316    i.__ieee754_rem_pio2  m_wm.l(rred.o)
    0x08003ce8   0x08003ce8   0x00000170   Code   RO         5292    i.__kernel_cos      m_wm.l(cos_i.o)
    0x08003e58   0x08003e58   0x000000f8   Code   RO         5363    i.__kernel_poly     m_wm.l(poly.o)
    0x08003f50   0x08003f50   0x00000130   Code   RO         5321    i.__kernel_sin      m_wm.l(sin_i.o)
    0x08004080   0x08004080   0x00000014   Code   RO         5296    i.__mathlib_dbl_infnan  m_wm.l(dunder.o)
    0x08004094   0x08004094   0x00000014   Code   RO         5297    i.__mathlib_dbl_infnan2  m_wm.l(dunder.o)
    0x080040a8   0x080040a8   0x00000020   Code   RO         5298    i.__mathlib_dbl_invalid  m_wm.l(dunder.o)
    0x080040c8   0x080040c8   0x00000020   Code   RO         5301    i.__mathlib_dbl_underflow  m_wm.l(dunder.o)
    0x080040e8   0x080040e8   0x00000010   Code   RO         5280    i.atan              m_wm.l(atan.o)
    0x080040f8   0x080040f8   0x00000034   Code   RO         4775    i.chassis_task      chassis_task.o
    0x0800412c   0x0800412c   0x00000010   Code   RO         4717    i.deg2rad           chassis_api.o
    0x0800413c   0x0800413c   0x00000018   Code   RO         5311    i.fabs              m_wm.l(fabs.o)
    0x08004154   0x08004154   0x0000000a   Code   RO         4645    i.get_moto_offset   can_receive.o
    0x0800415e   0x0800415e   0x00000042   Code   RO         4646    i.get_motor_measure  can_receive.o
    0x080041a0   0x080041a0   0x00000010   Code   RO         4806    i.imu_task          imu605_485.o
    0x080041b0   0x080041b0   0x00000050   Code   RO           16    i.main              main.o
    0x08004200   0x08004200   0x0000000c   Code   RO         4126    i.makeFreeRtosPriority  cmsis_os.o
    0x0800420c   0x0800420c   0x0000000e   Code   RO         4128    i.osDelay           cmsis_os.o
    0x0800421a   0x0800421a   0x0000000a   Code   RO         4131    i.osKernelStart     cmsis_os.o
    0x08004224   0x08004224   0x0000003e   Code   RO         4157    i.osSemaphoreCreate  cmsis_os.o
    0x08004262   0x08004262   0x00000054   Code   RO         4165    i.osThreadCreate    cmsis_os.o
    0x080042b6   0x080042b6   0x00000002   PAD
    0x080042b8   0x080042b8   0x00000070   Code   RO         3802    i.prvAddCurrentTaskToDelayedList  tasks.o
    0x08004328   0x08004328   0x000000d0   Code   RO         3803    i.prvAddNewTaskToReadyList  tasks.o
    0x080043f8   0x080043f8   0x0000006c   Code   RO         3479    i.prvCopyDataToQueue  queue.o
    0x08004464   0x08004464   0x00000034   Code   RO         3804    i.prvDeleteTCB      tasks.o
    0x08004498   0x08004498   0x0000004c   Code   RO         4493    i.prvHeapInit       heap_4.o
    0x080044e4   0x080044e4   0x00000060   Code   RO         3805    i.prvIdleTask       tasks.o
    0x08004544   0x08004544   0x00000016   Code   RO         3481    i.prvInitialiseNewQueue  queue.o
    0x0800455a   0x0800455a   0x00000098   Code   RO         3806    i.prvInitialiseNewTask  tasks.o
    0x080045f2   0x080045f2   0x00000002   PAD
    0x080045f4   0x080045f4   0x0000004c   Code   RO         4494    i.prvInsertBlockIntoFreeList  heap_4.o
    0x08004640   0x08004640   0x00000020   Code   RO         3807    i.prvResetNextTaskUnblockTime  tasks.o
    0x08004660   0x08004660   0x00000028   Code   RO         4562    i.prvTaskExitError  port.o
    0x08004688   0x08004688   0x0000006a   Code   RO         3483    i.prvUnlockQueue    queue.o
    0x080046f2   0x080046f2   0x00000002   PAD
    0x080046f4   0x080046f4   0x000000dc   Code   RO         4495    i.pvPortMalloc      heap_4.o
    0x080047d0   0x080047d0   0x0000002c   Code   RO         4563    i.pxPortInitialiseStack  port.o
    0x080047fc   0x080047fc   0x00000010   Code   RO         4718    i.rad2deg           chassis_api.o
    0x0800480c   0x0800480c   0x00000010   Code   RO         4978    i.remote_control_init  remote_control.o
    0x0800481c   0x0800481c   0x000000b4   Code   RO         4979    i.sbus_to_rc        remote_control.o
    0x080048d0   0x080048d0   0x00000026   Code   RO         3438    i.uxListRemove      list.o
    0x080048f6   0x080048f6   0x00000002   PAD
    0x080048f8   0x080048f8   0x00000014   Code   RO          275    i.vApplicationGetIdleTaskMemory  freertos.o
    0x0800490c   0x0800490c   0x00000016   Code   RO         3439    i.vListInitialise   list.o
    0x08004922   0x08004922   0x00000006   Code   RO         3440    i.vListInitialiseItem  list.o
    0x08004928   0x08004928   0x00000030   Code   RO         3441    i.vListInsert       list.o
    0x08004958   0x08004958   0x00000018   Code   RO         3442    i.vListInsertEnd    list.o
    0x08004970   0x08004970   0x00000040   Code   RO         4565    i.vPortEnterCritical  port.o
    0x080049b0   0x080049b0   0x00000028   Code   RO         4566    i.vPortExitCritical  port.o
    0x080049d8   0x080049d8   0x00000064   Code   RO         4496    i.vPortFree         heap_4.o
    0x08004a3c   0x08004a3c   0x00000024   Code   RO         4567    i.vPortSetupTimerInterrupt  port.o
    0x08004a60   0x08004a60   0x0000004c   Code   RO         3816    i.vTaskDelay        tasks.o
    0x08004aac   0x08004aac   0x00000010   Code   RO         3820    i.vTaskInternalSetTimeOutState  tasks.o
    0x08004abc   0x08004abc   0x0000000c   Code   RO         3821    i.vTaskMissedYield  tasks.o
    0x08004ac8   0x08004ac8   0x00000030   Code   RO         3823    i.vTaskPlaceOnEventList  tasks.o
    0x08004af8   0x08004af8   0x0000006c   Code   RO         3830    i.vTaskStartScheduler  tasks.o
    0x08004b64   0x08004b64   0x00000010   Code   RO         3832    i.vTaskSuspendAll   tasks.o
    0x08004b74   0x08004b74   0x0000005c   Code   RO         3833    i.vTaskSwitchContext  tasks.o
    0x08004bd0   0x08004bd0   0x000000f4   Code   RO         4569    i.xPortStartScheduler  port.o
    0x08004cc4   0x08004cc4   0x00000042   Code   RO         3492    i.xQueueGenericCreate  queue.o
    0x08004d06   0x08004d06   0x00000066   Code   RO         3493    i.xQueueGenericCreateStatic  queue.o
    0x08004d6c   0x08004d6c   0x00000088   Code   RO         3494    i.xQueueGenericReset  queue.o
    0x08004df4   0x08004df4   0x00000160   Code   RO         3495    i.xQueueGenericSend  queue.o
    0x08004f54   0x08004f54   0x00000074   Code   RO         3835    i.xTaskCheckForTimeOut  tasks.o
    0x08004fc8   0x08004fc8   0x0000005a   Code   RO         3836    i.xTaskCreate       tasks.o
    0x08005022   0x08005022   0x00000056   Code   RO         3837    i.xTaskCreateStatic  tasks.o
    0x08005078   0x08005078   0x0000001c   Code   RO         3841    i.xTaskGetSchedulerState  tasks.o
    0x08005094   0x08005094   0x000000cc   Code   RO         3844    i.xTaskIncrementTick  tasks.o
    0x08005160   0x08005160   0x00000098   Code   RO         3847    i.xTaskPriorityDisinherit  tasks.o
    0x080051f8   0x080051f8   0x00000074   Code   RO         3849    i.xTaskRemoveFromEventList  tasks.o
    0x0800526c   0x0800526c   0x000000c4   Code   RO         3850    i.xTaskResumeAll    tasks.o
    0x08005330   0x08005330   0x00000018   Code   RO         5261    x$fpl$basic         fz_wm.l(basic.o)
    0x08005348   0x08005348   0x00000062   Code   RO         5204    x$fpl$d2f           fz_wm.l(d2f.o)
    0x080053aa   0x080053aa   0x00000002   PAD
    0x080053ac   0x080053ac   0x00000150   Code   RO         5206    x$fpl$dadd          fz_wm.l(daddsub_clz.o)
    0x080054fc   0x080054fc   0x00000018   Code   RO         5349    x$fpl$dcmpinf       fz_wm.l(dcmpi.o)
    0x08005514   0x08005514   0x000002b0   Code   RO         5264    x$fpl$ddiv          fz_wm.l(ddiv.o)
    0x080057c4   0x080057c4   0x00000078   Code   RO         5267    x$fpl$deqf          fz_wm.l(deqf.o)
    0x0800583c   0x0800583c   0x0000005e   Code   RO         5351    x$fpl$dfix          fz_wm.l(dfix.o)
    0x0800589a   0x0800589a   0x0000002e   Code   RO         5356    x$fpl$dflt          fz_wm.l(dflt_clz.o)
    0x080058c8   0x080058c8   0x00000026   Code   RO         5355    x$fpl$dfltu         fz_wm.l(dflt_clz.o)
    0x080058ee   0x080058ee   0x00000002   PAD
    0x080058f0   0x080058f0   0x00000154   Code   RO         5212    x$fpl$dmul          fz_wm.l(dmul.o)
    0x08005a44   0x08005a44   0x0000009c   Code   RO         5269    x$fpl$dnaninf       fz_wm.l(dnaninf.o)
    0x08005ae0   0x08005ae0   0x0000000c   Code   RO         5271    x$fpl$dretinf       fz_wm.l(dretinf.o)
    0x08005aec   0x08005aec   0x00000016   Code   RO         5207    x$fpl$drsb          fz_wm.l(daddsub_clz.o)
    0x08005b02   0x08005b02   0x00000002   PAD
    0x08005b04   0x08005b04   0x000001d4   Code   RO         5208    x$fpl$dsub          fz_wm.l(daddsub_clz.o)
    0x08005cd8   0x08005cd8   0x00000056   Code   RO         5214    x$fpl$f2d           fz_wm.l(f2d.o)
    0x08005d2e   0x08005d2e   0x0000008c   Code   RO         5273    x$fpl$fnaninf       fz_wm.l(fnaninf.o)
    0x08005dba   0x08005dba   0x0000000a   Code   RO         5450    x$fpl$fpinit        fz_wm.l(fpinit.o)
    0x08005dc4   0x08005dc4   0x0000000a   Code   RO         5275    x$fpl$fretinf       fz_wm.l(fretinf.o)
    0x08005dce   0x08005dce   0x00000000   Code   RO         5277    x$fpl$usenofp       fz_wm.l(usenofp.o)
    0x08005dce   0x08005dce   0x00000002   PAD
    0x08005dd0   0x08005dd0   0x00000038   Data   RO          277    .constdata          freertos.o
    0x08005e08   0x08005e08   0x00000008   Data   RO         1311    .constdata          stm32f4xx_hal_dma.o
    0x08005e10   0x08005e10   0x00000010   Data   RO         3301    .constdata          system_stm32f4xx.o
    0x08005e20   0x08005e20   0x00000008   Data   RO         3302    .constdata          system_stm32f4xx.o
    0x08005e28   0x08005e28   0x00000200   Data   RO         4808    .constdata          imu605_485.o
    0x08006028   0x08006028   0x00000098   Data   RO         5281    .constdata          m_wm.l(atan.o)
    0x080060c0   0x080060c0   0x00000030   Data   RO         5293    .constdata          m_wm.l(cos_i.o)
    0x080060f0   0x080060f0   0x00000008   Data   RO         5315    .constdata          m_wm.l(qnan.o)
    0x080060f8   0x080060f8   0x000000c8   Data   RO         5318    .constdata          m_wm.l(rred.o)
    0x080061c0   0x080061c0   0x00000028   Data   RO         5322    .constdata          m_wm.l(sin_i.o)
    0x080061e8   0x080061e8   0x00000019   Data   RO          278    .conststring        freertos.o
    0x08006201   0x08006201   0x00000003   PAD
    0x08006204   0x08006204   0x00000020   Data   RO         5508    Region$$Table       anon$$obj.o


    Execution Region RW_IRAM1 (Exec base: 0x20000000, Load base: 0x08006224, Size: 0x00005430, Max: 0x0001c000, ABSOLUTE)

    Exec Addr    Load Addr    Size         Type   Attr      Idx    E Section Name        Object

    0x20000000   0x08006224   0x0000000c   Data   RW          279    .data               freertos.o
    0x2000000c   0x08006230   0x00000004   Data   RW          336    .data               can.o
    0x20000010   0x08006234   0x0000000c   Data   RW         1738    .data               stm32f4xx_hal.o
    0x2000001c   0x08006240   0x00000004   Data   RW         3303    .data               system_stm32f4xx.o
    0x20000020   0x08006244   0x0000003c   Data   RW         3853    .data               tasks.o
    0x2000005c   0x08006280   0x00000020   Data   RW         4502    .data               heap_4.o
    0x2000007c   0x080062a0   0x0000000c   Data   RW         4570    .data               port.o
    0x20000088   0x080062ac   0x0000000a   Data   RW         4649    .data               can_receive.o
    0x20000092   0x080062b6   0x00000002   PAD
    0x20000094   0x080062b8   0x0000000c   Data   RW         4721    .data               chassis_api.o
    0x200000a0   0x080062c4   0x00000002   Data   RW         4809    .data               imu605_485.o
    0x200000a2   0x080062c6   0x00000002   PAD
    0x200000a4   0x080062c8   0x0000003c   Data   RW         4914    .data               pid_user.o
    0x200000e0   0x08006304   0x00000002   Data   RW         4981    .data               remote_control.o
    0x200000e2   0x08006306   0x00000002   PAD
    0x200000e4        -       0x00000254   Zero   RW          276    .bss                freertos.o
    0x20000338        -       0x00000050   Zero   RW          335    .bss                can.o
    0x20000388        -       0x000000e8   Zero   RW          408    .bss                usart.o
    0x20000470        -       0x00000048   Zero   RW          567    .bss                stm32f4xx_hal_timebase_tim.o
    0x200004b8        -       0x000000f0   Zero   RW         3852    .bss                tasks.o
    0x200005a8        -       0x00003c00   Zero   RW         4501    .bss                heap_4.o
    0x200041a8        -       0x000001d8   Zero   RW         4648    .bss                can_receive.o
    0x20004380        -       0x0000000c   Zero   RW         4719    .bss                chassis_api.o
    0x2000438c        -       0x00000048   Zero   RW         4720    .bss                chassis_api.o
    0x200043d4        -       0x0000004f   Zero   RW         4807    .bss                imu605_485.o
    0x20004423   0x08006306   0x00000001   PAD
    0x20004424        -       0x00000948   Zero   RW         4913    .bss                pid_user.o
    0x20004d6c        -       0x0000005e   Zero   RW         4980    .bss                remote_control.o
    0x20004dca   0x08006306   0x00000002   PAD
    0x20004dcc        -       0x00000060   Zero   RW         5366    .bss                c_w.l(libspace.o)
    0x20004e2c   0x08006306   0x00000004   PAD
    0x20004e30        -       0x00000200   Zero   RW            2    HEAP                startup_stm32f407xx.o
    0x20005030        -       0x00000400   Zero   RW            1    STACK               startup_stm32f407xx.o


    Execution Region RW_IRAM2 (Exec base: 0x2001c000, Load base: 0x08006308, Size: 0x00000000, Max: 0x00004000, ABSOLUTE)

    **** No section assigned to this execution region ****


==============================================================================

Image component sizes


      Code (inc. data)   RO Data    RW Data    ZI Data      Debug   Object Name

        74          6          0          0          0       1597   bsp_can.o
        96         12          0          0          0       1110   bsp_rc.o
       388         40          0          4         80       2662   can.o
       344         30          0         10        472       4544   can_receive.o
       844         60          0         12         84       4919   chassis_api.o
        52          6          0          0          0        575   chassis_task.o
       182          0          0          0          0      24497   cmsis_os.o
        44          4          0          0          0        846   dma.o
         0          0          0          0          0      20216   event_groups.o
        96         12         81         12        596       6871   freertos.o
        76          6          0          0          0        943   gpio.o
       472         24          0         32      15360       7683   heap_4.o
       344         34        512          2         79       5285   imu605_485.o
       138          0          0          0          0       3778   list.o
       252         30          0          0          0     736430   main.o
       388          8          0          0          0       1990   pid.o
       448         62          0         60       2376       3665   pid_user.o
       702         72          0         12          0      11388   port.o
       892         10          0          0          0      12455   queue.o
       376         28          0          2         94     587084   remote_control.o
        64         26        392          0       1536        880   startup_stm32f407xx.o
        80         14          0         12          0       8298   stm32f4xx_hal.o
      1658          6          0          0          0      14979   stm32f4xx_hal_can.o
       158         14          0          0          0      33358   stm32f4xx_hal_cortex.o
       934         16          8          0          0       5863   stm32f4xx_hal_dma.o
       496         46          0          0          0       1604   stm32f4xx_hal_gpio.o
        56          4          0          0          0        938   stm32f4xx_hal_msp.o
      1408         82          0          0          0       6149   stm32f4xx_hal_rcc.o
       786         72          0          0          0       7708   stm32f4xx_hal_tim.o
         4          0          0          0          0       1705   stm32f4xx_hal_tim_ex.o
       152         20          0          0         72       1587   stm32f4xx_hal_timebase_tim.o
      1672         16          0          0          0      11904   stm32f4xx_hal_uart.o
        92         34          0          0          0       5589   stm32f4xx_it.o
         0          0          0          0          0        424   stream_buffer.o
        16          4         24          4          0       1235   system_stm32f4xx.o
      2008        150          0         60        240      25990   tasks.o
       380         50          0          0        232       2682   usart.o

    ----------------------------------------------------------------------
     16204        998       1052        228      21224    1569431   Object Totals
         0          0         32          0          0          0   (incl. Generated)
        32          0          3          6          3          0   (incl. Padding)

    ----------------------------------------------------------------------

      Code (inc. data)   RO Data    RW Data    ZI Data      Debug   Library Member Name

         8          0          0          0          0         68   __main.o
         0          0          0          0          0          0   __rtentry.o
        12          0          0          0          0          0   __rtentry2.o
         6          0          0          0          0          0   __rtentry4.o
        52          8          0          0          0          0   __scatter.o
        26          0          0          0          0          0   __scatter_copy.o
        28          0          0          0          0          0   __scatter_zi.o
        22          0          0          0          0        100   _rserrno.o
        18          0          0          0          0         80   exit.o
         6          0          0          0          0        152   heapauxi.o
         0          0          0          0          0          0   indicate_semi.o
         2          0          0          0          0          0   libinit.o
         6          0          0          0          0          0   libinit2.o
         2          0          0          0          0          0   libshutdown.o
         2          0          0          0          0          0   libshutdown2.o
         8          4          0          0         96         68   libspace.o
       238          0          0          0          0        100   lludivv7m.o
         8          4          0          0          0         68   rt_errno_addr_intlibspace.o
        78          0          0          0          0         80   rt_memclr_w.o
       138          0          0          0          0         68   rt_memcpy_v6.o
       100          0          0          0          0         80   rt_memcpy_w.o
         2          0          0          0          0          0   rtexit.o
        10          0          0          0          0          0   rtexit2.o
        12          4          0          0          0         68   sys_exit.o
        74          0          0          0          0         80   sys_stackheap_outer.o
         2          0          0          0          0         68   use_no_semi.o
        24          0          0          0          0        164   basic.o
        98          4          0          0          0        140   d2f.o
       826         16          0          0          0        492   daddsub_clz.o
        24          0          0          0          0        116   dcmpi.o
       688        140          0          0          0        256   ddiv.o
       120          4          0          0          0        140   deqf.o
        94          4          0          0          0        140   dfix.o
        84          0          0          0          0        232   dflt_clz.o
       340         12          0          0          0        152   dmul.o
       156          4          0          0          0        140   dnaninf.o
        12          0          0          0          0        116   dretinf.o
        86          4          0          0          0        132   f2d.o
       140          4          0          0          0        132   fnaninf.o
        10          0          0          0          0        116   fpinit.o
        10          0          0          0          0        116   fretinf.o
         0          0          0          0          0          0   usenofp.o
       744        106        152          0          0        352   atan.o
       512         64          0          0          0        208   atan2.o
       200         20          0          0          0        164   cos.o
       368         46         48          0          0        200   cos_i.o
       104         16          0          0          0        496   dunder.o
        24          0          0          0          0        124   fabs.o
        48          0          0          0          0        124   fpclassify.o
       248          0          0          0          0        152   poly.o
         0          0          8          0          0          0   qnan.o
      1080        142        200          0          0        188   rred.o
       200         20          0          0          0        164   sin.o
       304         24         40          0          0        208   sin_i.o

    ----------------------------------------------------------------------
      7420        650        448          0        100       6044   Library Totals
        16          0          0          0          4          0   (incl. Padding)

    ----------------------------------------------------------------------

      Code (inc. data)   RO Data    RW Data    ZI Data      Debug   Library Name

       860         20          0          0         96       1080   c_w.l
      2712        192          0          0          0       2584   fz_wm.l
      3832        438        448          0          0       2380   m_wm.l

    ----------------------------------------------------------------------
      7420        650        448          0        100       6044   Library Totals

    ----------------------------------------------------------------------

==============================================================================


      Code (inc. data)   RO Data    RW Data    ZI Data      Debug   

     23624       1648       1500        228      21324    1556107   Grand Totals
     23624       1648       1500        228      21324    1556107   ELF Image Totals
     23624       1648       1500        228          0          0   ROM Totals

==============================================================================

    Total RO  Size (Code + RO Data)                25124 (  24.54kB)
    Total RW  Size (RW Data + ZI Data)             21552 (  21.05kB)
    Total ROM Size (Code + RO Data + RW Data)      25352 (  24.76kB)

==============================================================================

