<html>
<body>
<pre>
<h1>µVision Build Log</h1>
<h2>Tool Versions:</h2>
IDE-Version: ¦ÌVision V5.37.0.0
Copyright (C) 2022 ARM Ltd and ARM Germany GmbH. All rights reserved.
License Information: 1 nx, 1, LIC=IK1BF-6Q5QH-63JMB-2LCHF-9WMZ0-972NK
 
Tool Versions:
Toolchain:       MDK-ARM Plus  Version: 5.37.0.0
Toolchain Path:  D:\Program Files\ARM Keil\Keil_v5\ARM\AC5\Bin
C Compiler:      Armcc.exe V5.06 update 7 (build 960)
Assembler:       Armasm.exe V5.06 update 7 (build 960)
Linker/Locator:  ArmLink.exe V5.06 update 7 (build 960)
Library Manager: ArmAr.exe V5.06 update 7 (build 960)
Hex Converter:   FromElf.exe V5.06 update 7 (build 960)
CPU DLL:         SARMCM3.DLL V5.37.0.0
Dialog DLL:      DCM.DLL V1.17.5.0
Target DLL:      UL2CM3.DLL V1.164.7.0
Dialog DLL:      TCM.DLL V1.56.1.0
 
<h2>Project:</h2>
C:\Users\ÄîÏ«\Desktop\34.RTOS_IMU_Correct_Chassis\MDK-ARM\RTOS_IMU_Correct_Chassis.uvprojx
Project File Date:  06/12/2023

<h2>Output:</h2>
*** Using Compiler 'V5.06 update 7 (build 960)', folder: 'D:\Program Files\ARM Keil\Keil_v5\ARM\AC5\Bin'
Rebuild target 'RTOS_Global_Positioning_Chassis'
assembling startup_stm32f407xx.s...
compiling gpio.c...
compiling stm32f4xx_hal_msp.c...
compiling dma.c...
compiling stm32f4xx_hal_timebase_tim.c...
compiling can.c...
compiling stm32f4xx_it.c...
compiling usart.c...
compiling main.c...
compiling freertos.c...
compiling stm32f4xx_hal_rcc.c...
compiling stm32f4xx_hal_can.c...
compiling stm32f4xx_hal_rcc_ex.c...
compiling stm32f4xx_hal_gpio.c...
compiling stm32f4xx_hal.c...
compiling stm32f4xx_hal_pwr.c...
compiling stm32f4xx_hal_pwr_ex.c...
compiling stm32f4xx_hal_flash.c...
compiling stm32f4xx_hal_dma.c...
compiling stm32f4xx_hal_flash_ramfunc.c...
compiling stm32f4xx_hal_cortex.c...
compiling stm32f4xx_hal_flash_ex.c...
compiling stm32f4xx_hal_dma_ex.c...
compiling croutine.c...
compiling list.c...
compiling event_groups.c...
compiling stream_buffer.c...
compiling queue.c...
compiling timers.c...
compiling heap_4.c...
compiling tasks.c...
compiling port.c...
compiling cmsis_os.c...
compiling stm32f4xx_hal_exti.c...
compiling system_stm32f4xx.c...
compiling pid.c...
compiling stm32f4xx_hal_uart.c...
compiling CAN_receive.c...
compiling imu605_485.c...
compiling pid_user.c...
compiling chassis_api.c...
compiling chassis_task.c...
compiling stm32f4xx_hal_tim_ex.c...
compiling stm32f4xx_hal_tim.c...
compiling remote_control.c...
compiling bsp_delay.c...
compiling bsp_rc.c...
compiling bsp_can.c...
linking...
Program Size: Code=23784 RO-data=1500 RW-data=228 ZI-data=21332  
FromELF: creating hex file...
"RTOS_Global_Positioning_Chassis\RTOS_Global_Positioning_Chassis.axf" - 0 Error(s), 0 Warning(s).

<h2>Software Packages used:</h2>

Package Vendor: ARM
                http://www.keil.com/pack/ARM.CMSIS.5.9.0.pack
                ARM.CMSIS.5.9.0
                CMSIS (Common Microcontroller Software Interface Standard)
   * Component: CORE Version: 5.6.0

Package Vendor: Keil
                http://www.keil.com/pack/Keil.STM32F4xx_DFP.2.16.0.pack
                Keil.STM32F4xx_DFP.2.16.0
                STMicroelectronics STM32F4 Series Device Support, Drivers and Examples

<h2>Collection of Component include folders:</h2>
  ./RTE/_RTOS_Global_Positioning_Chassis
  D:/Program Files/ARM Keil/Packs/ARM/CMSIS/5.9.0/CMSIS/Core/Include
  D:/Program Files/ARM Keil/Packs/Keil/STM32F4xx_DFP/2.16.0/Drivers/CMSIS/Device/ST/STM32F4xx/Include

<h2>Collection of Component Files used:</h2>

   * Component: ARM::CMSIS:CORE:5.6.0
      Include file:  CMSIS/Core/Include/tz_context.h
Build Time Elapsed:  00:00:32
</pre>
</body>
</html>
