<html>
<body>
<pre>
<h1>µVision Build Log</h1>
<h2>Tool Versions:</h2>
IDE-Version: ¦ÌVision V5.37.0.0
Copyright (C) 2022 ARM Ltd and ARM Germany GmbH. All rights reserved.
License Information: Chia-hui Tung, Shandong University of Technology, LIC=9WSKC-7272J-LQF0Q-NXHCF-PW1ZG-TN271
 
Tool Versions:
Toolchain:       MDK-ARM Plus  Version: 5.37.0.0
Toolchain Path:  D:\Program Files\Arm\Keil_v5\ARM\ARMCC\Bin
C Compiler:      Armcc.exe V5.06 update 7 (build 960)
Assembler:       Armasm.exe V5.06 update 7 (build 960)
Linker/Locator:  ArmLink.exe V5.06 update 7 (build 960)
Library Manager: ArmAr.exe V5.06 update 7 (build 960)
Hex Converter:   FromElf.exe V5.06 update 7 (build 960)
CPU DLL:         SARMCM3.DLL V5.37.0.0
Dialog DLL:      DCM.DLL V1.17.5.0
Target DLL:      CMSIS_AGDI.dll V1.33.12.0
Dialog DLL:      TCM.DLL V1.56.1.0
 
<h2>Project:</h2>
D:\XiaomiCloud\Work\Source\ST-Cube-MX\18.HWT605_Modbus\MDK-ARM\HWT605_Modbus.uvprojx
Project File Date:  06/09/2023

<h2>Output:</h2>
*** Using Compiler 'V5.06 update 7 (build 960)', folder: 'D:\Program Files\Arm\Keil_v5\ARM\ARMCC\Bin'
Build target 'HWT605_Modbus'
compiling hwt605_modbus.c...
compiling usart.c...
linking...
Program Size: Code=5898 RO-data=962 RW-data=24 ZI-data=2040  
FromELF: creating hex file...
"HWT605_Modbus\HWT605_Modbus.axf" - 0 Error(s), 0 Warning(s).

<h2>Software Packages used:</h2>

Package Vendor: ARM
                http://www.keil.com/pack/ARM.CMSIS.5.9.0.pack
                ARM.CMSIS.5.9.0
                CMSIS (Common Microcontroller Software Interface Standard)
   * Component: CORE Version: 5.6.0

Package Vendor: Keil
                http://www.keil.com/pack/Keil.STM32F4xx_DFP.2.16.0.pack
                Keil.STM32F4xx_DFP.2.16.0
                STMicroelectronics STM32F4 Series Device Support, Drivers and Examples

<h2>Collection of Component include folders:</h2>
  ./RTE/_HWT605_Modbus
  D:/Program Files/Arm/Packs/ARM/CMSIS/5.9.0/CMSIS/Core/Include
  D:/Program Files/Arm/Packs/Keil/STM32F4xx_DFP/2.16.0/Drivers/CMSIS/Device/ST/STM32F4xx/Include

<h2>Collection of Component Files used:</h2>

   * Component: ARM::CMSIS:CORE:5.6.0
      Include file:  CMSIS/Core/Include/tz_context.h
Build Time Elapsed:  00:00:03
</pre>
</body>
</html>
