<html>
<body>
<pre>
<h1>µVision Build Log</h1>
<h2>Tool Versions:</h2>
IDE-Version: ¦ÌVision V5.37.0.0
Copyright (C) 2022 ARM Ltd and ARM Germany GmbH. All rights reserved.
License Information: Chia-hui Tung, Shandong University of Technology, LIC=9WSKC-7272J-LQF0Q-NXHCF-PW1ZG-TN271
 
Tool Versions:
Toolchain:       MDK-ARM Plus  Version: 5.37.0.0
Toolchain Path:  D:\Program Files\Arm\Keil_v5\ARM\ARMCC\Bin
C Compiler:      Armcc.exe V5.06 update 7 (build 960)
Assembler:       Armasm.exe V5.06 update 7 (build 960)
Linker/Locator:  ArmLink.exe V5.06 update 7 (build 960)
Library Manager: ArmAr.exe V5.06 update 7 (build 960)
Hex Converter:   FromElf.exe V5.06 update 7 (build 960)
CPU DLL:         SARMCM3.DLL V5.37.0.0
Dialog DLL:      DCM.DLL V1.17.5.0
Target DLL:      CMSIS_AGDI.dll V1.33.12.0
Dialog DLL:      TCM.DLL V1.56.1.0
 
<h2>Project:</h2>
D:\XiaomiCloud\Work\Source\ST-Cube-MX\CURC2023\ER_v1\MDK-ARM\RTOS_GP_Helm_Wheel_Chassis.uvprojx
Project File Date:  07/05/2023

<h2>Output:</h2>
*** Using Compiler 'V5.06 update 7 (build 960)', folder: 'D:\Program Files\Arm\Keil_v5\ARM\ARMCC\Bin'
Rebuild target 'RTOS_GP_Helm_Wheel_Chassis'
assembling startup_stm32f407xx.s...
compiling stm32f4xx_hal_rcc_ex.c...
compiling stm32f4xx_hal_flash_ex.c...
compiling stm32f4xx_hal_timebase_tim.c...
compiling stm32f4xx_it.c...
compiling stm32f4xx_hal_can.c...
compiling stm32f4xx_hal_msp.c...
compiling can.c...
compiling dma.c...
compiling gpio.c...
compiling stm32f4xx_hal_flash.c...
compiling stm32f4xx_hal_rcc.c...
compiling main.c...
compiling freertos.c...
compiling tim.c...
compiling usart.c...
compiling croutine.c...
compiling event_groups.c...
compiling list.c...
compiling queue.c...
compiling stream_buffer.c...
compiling timers.c...
compiling tasks.c...
compiling heap_4.c...
compiling cmsis_os.c...
compiling port.c...
compiling stm32f4xx_hal_gpio.c...
compiling stm32f4xx_hal_dma.c...
compiling stm32f4xx_hal_exti.c...
compiling stm32f4xx_hal_flash_ramfunc.c...
compiling stm32f4xx_hal_cortex.c...
compiling system_stm32f4xx.c...
compiling stm32f4xx_hal_pwr_ex.c...
compiling stm32f4xx_hal_pwr.c...
compiling stm32f4xx_hal.c...
compiling stm32f4xx_hal_dma_ex.c...
compiling stm32f4xx_hal_tim_ex.c...
compiling stm32f4xx_hal_uart.c...
compiling stm32f4xx_hal_tim.c...
compiling helm_wheel.c...
compiling CAN_receive.c...
compiling catch_task.c...
compiling pid_user.c...
compiling remote_control.c...
compiling pid.c...
compiling pneumatic_task.c...
compiling shoot_task.c...
compiling imu_ops9.c...
compiling chassis_task.c...
compiling chassis_api.c...
compiling bsp_can.c...
compiling pc_task.c...
compiling hwt101ct_232.c...
compiling global_position.c...
compiling bsp_delay.c...
compiling bsp_rc.c...
linking...
Program Size: Code=28072 RO-data=972 RW-data=580 ZI-data=21252  
FromELF: creating hex file...
"RTOS_GP_Helm_Wheel_Chassis\RTOS_GP_Helm_Wheel_Chassis.axf" - 0 Error(s), 0 Warning(s).

<h2>Software Packages used:</h2>

Package Vendor: ARM
                http://www.keil.com/pack/ARM.CMSIS.5.9.0.pack
                ARM.CMSIS.5.9.0
                CMSIS (Common Microcontroller Software Interface Standard)
   * Component: CORE Version: 5.6.0

Package Vendor: Keil
                http://www.keil.com/pack/Keil.STM32F4xx_DFP.2.16.0.pack
                Keil.STM32F4xx_DFP.2.16.0
                STMicroelectronics STM32F4 Series Device Support, Drivers and Examples

<h2>Collection of Component include folders:</h2>
  ./RTE/_RTOS_GP_Helm_Wheel_Chassis
  D:/Program Files/Arm/Packs/ARM/CMSIS/5.9.0/CMSIS/Core/Include
  D:/Program Files/Arm/Packs/Keil/STM32F4xx_DFP/2.16.0/Drivers/CMSIS/Device/ST/STM32F4xx/Include

<h2>Collection of Component Files used:</h2>

   * Component: ARM::CMSIS:CORE:5.6.0
      Include file:  CMSIS/Core/Include/tz_context.h
Build Time Elapsed:  00:00:30
</pre>
</body>
</html>
